ARM GAS  C:\Users\arh\AppData\Local\Temp\ccIZ2pv7.s 			page 1


   1              		.syntax unified
   2              		.cpu cortex-m3
   3              		.fpu softvfp
   4              		.eabi_attribute 20, 1
   5              		.eabi_attribute 21, 1
   6              		.eabi_attribute 23, 3
   7              		.eabi_attribute 24, 1
   8              		.eabi_attribute 25, 1
   9              		.eabi_attribute 26, 1
  10              		.eabi_attribute 30, 6
  11              		.eabi_attribute 18, 4
  12              		.thumb
  13              		.file	"adc_INT.c"
  14              		.section	.debug_abbrev,"",%progbits
  15              	.Ldebug_abbrev0:
  16              		.section	.debug_info,"",%progbits
  17              	.Ldebug_info0:
  18              		.section	.debug_line,"",%progbits
  19              	.Ldebug_line0:
  20 0000 8A000000 		.text
  20      02003900 
  20      00000201 
  20      FB0E0D00 
  20      01010101 
  21              	.Ltext0:
  22              		.cfi_sections	.debug_frame
  23              		.section	.text.adc_ISR1,"ax",%progbits
  24              		.align	2
  25              		.global	adc_ISR1
  26              		.thumb
  27              		.thumb_func
  28              		.type	adc_ISR1, %function
  29              	adc_ISR1:
  30              	.LFB0:
  31              		.file 1 ".\\Generated_Source\\PSoC5\\adc_INT.c"
   1:.\Generated_Source\PSoC5/adc_INT.c **** /*******************************************************************************
   2:.\Generated_Source\PSoC5/adc_INT.c **** * File Name: adc_INT.c  
   3:.\Generated_Source\PSoC5/adc_INT.c **** * Version 2.30
   4:.\Generated_Source\PSoC5/adc_INT.c **** *
   5:.\Generated_Source\PSoC5/adc_INT.c **** * Description:
   6:.\Generated_Source\PSoC5/adc_INT.c **** *  This file contains the code that operates during the ADC_DelSig interrupt 
   7:.\Generated_Source\PSoC5/adc_INT.c **** *  service routine.  
   8:.\Generated_Source\PSoC5/adc_INT.c **** *
   9:.\Generated_Source\PSoC5/adc_INT.c **** * Note:
  10:.\Generated_Source\PSoC5/adc_INT.c **** *
  11:.\Generated_Source\PSoC5/adc_INT.c **** *******************************************************************************
  12:.\Generated_Source\PSoC5/adc_INT.c **** * Copyright 2008-2012, Cypress Semiconductor Corporation.  All rights reserved.
  13:.\Generated_Source\PSoC5/adc_INT.c **** * You may use this file only in accordance with the license, terms, conditions, 
  14:.\Generated_Source\PSoC5/adc_INT.c **** * disclaimers, and limitations in the end user license agreement accompanying 
  15:.\Generated_Source\PSoC5/adc_INT.c **** * the software package with which this file was provided.
  16:.\Generated_Source\PSoC5/adc_INT.c **** ********************************************************************************/
  17:.\Generated_Source\PSoC5/adc_INT.c **** 
  18:.\Generated_Source\PSoC5/adc_INT.c **** #include "adc.h"  
  19:.\Generated_Source\PSoC5/adc_INT.c **** 
  20:.\Generated_Source\PSoC5/adc_INT.c **** 
  21:.\Generated_Source\PSoC5/adc_INT.c **** /*******************************************************************************
  22:.\Generated_Source\PSoC5/adc_INT.c **** * Custom Declarations and Variables
ARM GAS  C:\Users\arh\AppData\Local\Temp\ccIZ2pv7.s 			page 2


  23:.\Generated_Source\PSoC5/adc_INT.c **** * - add user inlcude files, prototypes and variables between the following 
  24:.\Generated_Source\PSoC5/adc_INT.c **** *   #START and #END tags
  25:.\Generated_Source\PSoC5/adc_INT.c **** *******************************************************************************/
  26:.\Generated_Source\PSoC5/adc_INT.c **** /* `#START ADC_SYS_VAR`  */
  27:.\Generated_Source\PSoC5/adc_INT.c **** 
  28:.\Generated_Source\PSoC5/adc_INT.c **** /* `#END`  */
  29:.\Generated_Source\PSoC5/adc_INT.c **** 
  30:.\Generated_Source\PSoC5/adc_INT.c **** 
  31:.\Generated_Source\PSoC5/adc_INT.c **** /*****************************************************************************
  32:.\Generated_Source\PSoC5/adc_INT.c **** * Function Name: adc_ISR1
  33:.\Generated_Source\PSoC5/adc_INT.c **** ******************************************************************************
  34:.\Generated_Source\PSoC5/adc_INT.c **** *
  35:.\Generated_Source\PSoC5/adc_INT.c **** * Summary:
  36:.\Generated_Source\PSoC5/adc_INT.c **** *  Handle Interrupt Service Routine.  
  37:.\Generated_Source\PSoC5/adc_INT.c **** *
  38:.\Generated_Source\PSoC5/adc_INT.c **** * Parameters:  
  39:.\Generated_Source\PSoC5/adc_INT.c **** *  void
  40:.\Generated_Source\PSoC5/adc_INT.c **** *
  41:.\Generated_Source\PSoC5/adc_INT.c **** * Return: 
  42:.\Generated_Source\PSoC5/adc_INT.c **** *  void 
  43:.\Generated_Source\PSoC5/adc_INT.c **** *
  44:.\Generated_Source\PSoC5/adc_INT.c **** * Reentrant: 
  45:.\Generated_Source\PSoC5/adc_INT.c **** *  No
  46:.\Generated_Source\PSoC5/adc_INT.c **** *
  47:.\Generated_Source\PSoC5/adc_INT.c **** *****************************************************************************/
  48:.\Generated_Source\PSoC5/adc_INT.c **** CY_ISR( adc_ISR1)
  49:.\Generated_Source\PSoC5/adc_INT.c **** {
  32              		.loc 1 49 0
  33              		.cfi_startproc
  34              		@ args = 0, pretend = 0, frame = 0
  35              		@ frame_needed = 1, uses_anonymous_args = 0
  36              		@ link register save eliminated.
  37 0000 80B4     		push	{r7}
  38              	.LCFI0:
  39              		.cfi_def_cfa_offset 4
  40 0002 00AF     		add	r7, sp, #0
  41              		.cfi_offset 7, -4
  42              	.LCFI1:
  43              		.cfi_def_cfa_register 7
  50:.\Generated_Source\PSoC5/adc_INT.c ****     /***************************************************************************
  51:.\Generated_Source\PSoC5/adc_INT.c ****     *  Custom Code
  52:.\Generated_Source\PSoC5/adc_INT.c ****     *  - add user ISR code between the following #START and #END tags
  53:.\Generated_Source\PSoC5/adc_INT.c ****     **************************************************************************/
  54:.\Generated_Source\PSoC5/adc_INT.c ****     /* `#START MAIN_ADC_ISR1`  */
  55:.\Generated_Source\PSoC5/adc_INT.c **** 
  56:.\Generated_Source\PSoC5/adc_INT.c ****     /* `#END`  */
  57:.\Generated_Source\PSoC5/adc_INT.c ****     
  58:.\Generated_Source\PSoC5/adc_INT.c ****     /* Stop the conversion if conversion mode is single sample and resolution
  59:.\Generated_Source\PSoC5/adc_INT.c ****        is above 16 bits. 
  60:.\Generated_Source\PSoC5/adc_INT.c ****     */
  61:.\Generated_Source\PSoC5/adc_INT.c ****     #if(adc_CFG1_RESOLUTION > 16 && \
  62:.\Generated_Source\PSoC5/adc_INT.c ****         adc_CFG1_CONV_MODE == adc_MODE_SINGLE_SAMPLE) 
  63:.\Generated_Source\PSoC5/adc_INT.c ****         adc_StopConvert(); 
  64:.\Generated_Source\PSoC5/adc_INT.c ****     #endif /* Single sample conversion mode with resolution above 16 bits */         
  65:.\Generated_Source\PSoC5/adc_INT.c ****         
  66:.\Generated_Source\PSoC5/adc_INT.c **** }
  44              		.loc 1 66 0
ARM GAS  C:\Users\arh\AppData\Local\Temp\ccIZ2pv7.s 			page 3


  45 0004 BD46     		mov	sp, r7
  46 0006 80BC     		pop	{r7}
  47 0008 7047     		bx	lr
  48              		.cfi_endproc
  49              	.LFE0:
  50              		.size	adc_ISR1, .-adc_ISR1
  51 000a 00BF     		.section	.text.adc_ISR2,"ax",%progbits
  52              		.align	2
  53              		.global	adc_ISR2
  54              		.thumb
  55              		.thumb_func
  56              		.type	adc_ISR2, %function
  57              	adc_ISR2:
  58              	.LFB1:
  67:.\Generated_Source\PSoC5/adc_INT.c **** 
  68:.\Generated_Source\PSoC5/adc_INT.c **** 
  69:.\Generated_Source\PSoC5/adc_INT.c **** /*****************************************************************************
  70:.\Generated_Source\PSoC5/adc_INT.c **** * Function Name: adc_ISR2
  71:.\Generated_Source\PSoC5/adc_INT.c **** ******************************************************************************
  72:.\Generated_Source\PSoC5/adc_INT.c **** *
  73:.\Generated_Source\PSoC5/adc_INT.c **** * Summary:
  74:.\Generated_Source\PSoC5/adc_INT.c **** *  Handle Interrupt Service Routine.  
  75:.\Generated_Source\PSoC5/adc_INT.c **** *
  76:.\Generated_Source\PSoC5/adc_INT.c **** * Parameters:  
  77:.\Generated_Source\PSoC5/adc_INT.c **** *  void
  78:.\Generated_Source\PSoC5/adc_INT.c **** *
  79:.\Generated_Source\PSoC5/adc_INT.c **** * Return: 
  80:.\Generated_Source\PSoC5/adc_INT.c **** *  void 
  81:.\Generated_Source\PSoC5/adc_INT.c **** *
  82:.\Generated_Source\PSoC5/adc_INT.c **** * Reentrant: 
  83:.\Generated_Source\PSoC5/adc_INT.c **** *  No
  84:.\Generated_Source\PSoC5/adc_INT.c **** *
  85:.\Generated_Source\PSoC5/adc_INT.c **** *****************************************************************************/
  86:.\Generated_Source\PSoC5/adc_INT.c **** CY_ISR( adc_ISR2)
  87:.\Generated_Source\PSoC5/adc_INT.c **** {
  59              		.loc 1 87 0
  60              		.cfi_startproc
  61              		@ args = 0, pretend = 0, frame = 0
  62              		@ frame_needed = 1, uses_anonymous_args = 0
  63              		@ link register save eliminated.
  64 0000 80B4     		push	{r7}
  65              	.LCFI2:
  66              		.cfi_def_cfa_offset 4
  67 0002 00AF     		add	r7, sp, #0
  68              		.cfi_offset 7, -4
  69              	.LCFI3:
  70              		.cfi_def_cfa_register 7
  88:.\Generated_Source\PSoC5/adc_INT.c ****     /***************************************************************************
  89:.\Generated_Source\PSoC5/adc_INT.c ****     *  Custom Code
  90:.\Generated_Source\PSoC5/adc_INT.c ****     *  - add user ISR code between the following #START and #END tags
  91:.\Generated_Source\PSoC5/adc_INT.c ****     **************************************************************************/
  92:.\Generated_Source\PSoC5/adc_INT.c ****     /* `#START MAIN_ADC_ISR2`  */
  93:.\Generated_Source\PSoC5/adc_INT.c **** 
  94:.\Generated_Source\PSoC5/adc_INT.c ****     /* `#END`  */
  95:.\Generated_Source\PSoC5/adc_INT.c ****     
  96:.\Generated_Source\PSoC5/adc_INT.c ****     /* Stop the conversion conversion mode is single sample and resolution
  97:.\Generated_Source\PSoC5/adc_INT.c ****        is above 16 bits.
ARM GAS  C:\Users\arh\AppData\Local\Temp\ccIZ2pv7.s 			page 4


  98:.\Generated_Source\PSoC5/adc_INT.c ****     */
  99:.\Generated_Source\PSoC5/adc_INT.c ****     #if(adc_CFG2_RESOLUTION > 16 && \
 100:.\Generated_Source\PSoC5/adc_INT.c ****         adc_CFG2_CONVMODE == adc_MODE_SINGLE_SAMPLE) 
 101:.\Generated_Source\PSoC5/adc_INT.c ****         adc_StopConvert(); 
 102:.\Generated_Source\PSoC5/adc_INT.c ****     #endif /* Single sample conversion mode with resolution above 16 bits */
 103:.\Generated_Source\PSoC5/adc_INT.c ****     
 104:.\Generated_Source\PSoC5/adc_INT.c **** }
  71              		.loc 1 104 0
  72 0004 BD46     		mov	sp, r7
  73 0006 80BC     		pop	{r7}
  74 0008 7047     		bx	lr
  75              		.cfi_endproc
  76              	.LFE1:
  77              		.size	adc_ISR2, .-adc_ISR2
  78 000a 00BF     		.section	.text.adc_ISR3,"ax",%progbits
  79              		.align	2
  80              		.global	adc_ISR3
  81              		.thumb
  82              		.thumb_func
  83              		.type	adc_ISR3, %function
  84              	adc_ISR3:
  85              	.LFB2:
 105:.\Generated_Source\PSoC5/adc_INT.c **** 
 106:.\Generated_Source\PSoC5/adc_INT.c **** 
 107:.\Generated_Source\PSoC5/adc_INT.c **** /*****************************************************************************
 108:.\Generated_Source\PSoC5/adc_INT.c **** * Function Name: adc_ISR3
 109:.\Generated_Source\PSoC5/adc_INT.c **** ******************************************************************************
 110:.\Generated_Source\PSoC5/adc_INT.c **** *
 111:.\Generated_Source\PSoC5/adc_INT.c **** * Summary:
 112:.\Generated_Source\PSoC5/adc_INT.c **** *  Handle Interrupt Service Routine.  
 113:.\Generated_Source\PSoC5/adc_INT.c **** *
 114:.\Generated_Source\PSoC5/adc_INT.c **** * Parameters:  
 115:.\Generated_Source\PSoC5/adc_INT.c **** *  void
 116:.\Generated_Source\PSoC5/adc_INT.c **** *
 117:.\Generated_Source\PSoC5/adc_INT.c **** * Return: 
 118:.\Generated_Source\PSoC5/adc_INT.c **** *  void 
 119:.\Generated_Source\PSoC5/adc_INT.c **** *
 120:.\Generated_Source\PSoC5/adc_INT.c **** * Reentrant: 
 121:.\Generated_Source\PSoC5/adc_INT.c **** *  No
 122:.\Generated_Source\PSoC5/adc_INT.c **** *
 123:.\Generated_Source\PSoC5/adc_INT.c **** *****************************************************************************/
 124:.\Generated_Source\PSoC5/adc_INT.c **** CY_ISR( adc_ISR3)
 125:.\Generated_Source\PSoC5/adc_INT.c **** {
  86              		.loc 1 125 0
  87              		.cfi_startproc
  88              		@ args = 0, pretend = 0, frame = 0
  89              		@ frame_needed = 1, uses_anonymous_args = 0
  90              		@ link register save eliminated.
  91 0000 80B4     		push	{r7}
  92              	.LCFI4:
  93              		.cfi_def_cfa_offset 4
  94 0002 00AF     		add	r7, sp, #0
  95              		.cfi_offset 7, -4
  96              	.LCFI5:
  97              		.cfi_def_cfa_register 7
 126:.\Generated_Source\PSoC5/adc_INT.c ****     /***************************************************************************
 127:.\Generated_Source\PSoC5/adc_INT.c ****     *  Custom Code
ARM GAS  C:\Users\arh\AppData\Local\Temp\ccIZ2pv7.s 			page 5


 128:.\Generated_Source\PSoC5/adc_INT.c ****     *  - add user ISR code between the following #START and #END tags
 129:.\Generated_Source\PSoC5/adc_INT.c ****     **************************************************************************/
 130:.\Generated_Source\PSoC5/adc_INT.c ****     /* `#START MAIN_ADC_ISR3`  */
 131:.\Generated_Source\PSoC5/adc_INT.c **** 
 132:.\Generated_Source\PSoC5/adc_INT.c ****     /* `#END`  */
 133:.\Generated_Source\PSoC5/adc_INT.c **** 
 134:.\Generated_Source\PSoC5/adc_INT.c ****     /* Stop the conversion if conversion mode is set to single sample and 
 135:.\Generated_Source\PSoC5/adc_INT.c ****        resolution is above 16 bits. 
 136:.\Generated_Source\PSoC5/adc_INT.c ****     */
 137:.\Generated_Source\PSoC5/adc_INT.c ****     #if(adc_CFG3_RESOLUTION > 16 && \
 138:.\Generated_Source\PSoC5/adc_INT.c ****         adc_CFG3_CONVMODE == adc_MODE_SINGLE_SAMPLE) 
 139:.\Generated_Source\PSoC5/adc_INT.c ****         adc_StopConvert(); 
 140:.\Generated_Source\PSoC5/adc_INT.c ****     #endif /* Single sample conversion mode with resolution above 16 bits */  
 141:.\Generated_Source\PSoC5/adc_INT.c **** }
  98              		.loc 1 141 0
  99 0004 BD46     		mov	sp, r7
 100 0006 80BC     		pop	{r7}
 101 0008 7047     		bx	lr
 102              		.cfi_endproc
 103              	.LFE2:
 104              		.size	adc_ISR3, .-adc_ISR3
 105 000a 00BF     		.section	.text.adc_ISR4,"ax",%progbits
 106              		.align	2
 107              		.global	adc_ISR4
 108              		.thumb
 109              		.thumb_func
 110              		.type	adc_ISR4, %function
 111              	adc_ISR4:
 112              	.LFB3:
 142:.\Generated_Source\PSoC5/adc_INT.c **** 
 143:.\Generated_Source\PSoC5/adc_INT.c **** 
 144:.\Generated_Source\PSoC5/adc_INT.c **** /*****************************************************************************
 145:.\Generated_Source\PSoC5/adc_INT.c **** * Function Name: adc_ISR4
 146:.\Generated_Source\PSoC5/adc_INT.c **** ******************************************************************************
 147:.\Generated_Source\PSoC5/adc_INT.c **** *
 148:.\Generated_Source\PSoC5/adc_INT.c **** * Summary:
 149:.\Generated_Source\PSoC5/adc_INT.c **** *  Handle Interrupt Service Routine.  
 150:.\Generated_Source\PSoC5/adc_INT.c **** *
 151:.\Generated_Source\PSoC5/adc_INT.c **** * Parameters:  
 152:.\Generated_Source\PSoC5/adc_INT.c **** *  void
 153:.\Generated_Source\PSoC5/adc_INT.c **** *
 154:.\Generated_Source\PSoC5/adc_INT.c **** * Return: 
 155:.\Generated_Source\PSoC5/adc_INT.c **** *  void 
 156:.\Generated_Source\PSoC5/adc_INT.c **** *
 157:.\Generated_Source\PSoC5/adc_INT.c **** * Reentrant: 
 158:.\Generated_Source\PSoC5/adc_INT.c **** *  No
 159:.\Generated_Source\PSoC5/adc_INT.c **** *
 160:.\Generated_Source\PSoC5/adc_INT.c **** *****************************************************************************/
 161:.\Generated_Source\PSoC5/adc_INT.c **** CY_ISR( adc_ISR4)
 162:.\Generated_Source\PSoC5/adc_INT.c **** {
 113              		.loc 1 162 0
 114              		.cfi_startproc
 115              		@ args = 0, pretend = 0, frame = 0
 116              		@ frame_needed = 1, uses_anonymous_args = 0
 117              		@ link register save eliminated.
 118 0000 80B4     		push	{r7}
 119              	.LCFI6:
ARM GAS  C:\Users\arh\AppData\Local\Temp\ccIZ2pv7.s 			page 6


 120              		.cfi_def_cfa_offset 4
 121 0002 00AF     		add	r7, sp, #0
 122              		.cfi_offset 7, -4
 123              	.LCFI7:
 124              		.cfi_def_cfa_register 7
 163:.\Generated_Source\PSoC5/adc_INT.c ****     /***************************************************************************
 164:.\Generated_Source\PSoC5/adc_INT.c ****     *  Custom Code
 165:.\Generated_Source\PSoC5/adc_INT.c ****     *  - add user ISR code between the following #START and #END tags
 166:.\Generated_Source\PSoC5/adc_INT.c ****     **************************************************************************/
 167:.\Generated_Source\PSoC5/adc_INT.c ****     /* `#START MAIN_ADC_ISR4`  */
 168:.\Generated_Source\PSoC5/adc_INT.c **** 
 169:.\Generated_Source\PSoC5/adc_INT.c ****     /* `#END`  */
 170:.\Generated_Source\PSoC5/adc_INT.c ****     
 171:.\Generated_Source\PSoC5/adc_INT.c ****     /* Stop the conversion if conversion mode is set to single sample and 
 172:.\Generated_Source\PSoC5/adc_INT.c ****        resolution is above 16 bits. 
 173:.\Generated_Source\PSoC5/adc_INT.c ****     */
 174:.\Generated_Source\PSoC5/adc_INT.c ****     #if(adc_CFG4_RESOLUTION > 16 && \
 175:.\Generated_Source\PSoC5/adc_INT.c ****         adc_CFG4_CONVMODE == adc_MODE_SINGLE_SAMPLE) 
 176:.\Generated_Source\PSoC5/adc_INT.c ****         adc_StopConvert(); 
 177:.\Generated_Source\PSoC5/adc_INT.c ****     #endif /* Single sample conversion mode with resolution above 16 bits */
 178:.\Generated_Source\PSoC5/adc_INT.c **** }
 125              		.loc 1 178 0
 126 0004 BD46     		mov	sp, r7
 127 0006 80BC     		pop	{r7}
 128 0008 7047     		bx	lr
 129              		.cfi_endproc
 130              	.LFE3:
 131              		.size	adc_ISR4, .-adc_ISR4
 132 000a 00BF     		.text
 133              	.Letext0:
 134              		.section	.debug_loc,"",%progbits
 135              	.Ldebug_loc0:
 136              	.LLST0:
 137 0000 00000000 		.4byte	.LFB0
 138 0004 02000000 		.4byte	.LCFI0
 139 0008 0100     		.2byte	0x1
 140 000a 5D       		.byte	0x5d
 141 000b 02000000 		.4byte	.LCFI0
 142 000f 04000000 		.4byte	.LCFI1
 143 0013 0200     		.2byte	0x2
 144 0015 7D       		.byte	0x7d
 145 0016 04       		.sleb128 4
 146 0017 04000000 		.4byte	.LCFI1
 147 001b 0A000000 		.4byte	.LFE0
 148 001f 0200     		.2byte	0x2
 149 0021 77       		.byte	0x77
 150 0022 04       		.sleb128 4
 151 0023 00000000 		.4byte	0x0
 152 0027 00000000 		.4byte	0x0
 153              	.LLST1:
 154 002b 00000000 		.4byte	.LFB1
 155 002f 02000000 		.4byte	.LCFI2
 156 0033 0100     		.2byte	0x1
 157 0035 5D       		.byte	0x5d
 158 0036 02000000 		.4byte	.LCFI2
 159 003a 04000000 		.4byte	.LCFI3
 160 003e 0200     		.2byte	0x2
ARM GAS  C:\Users\arh\AppData\Local\Temp\ccIZ2pv7.s 			page 7


 161 0040 7D       		.byte	0x7d
 162 0041 04       		.sleb128 4
 163 0042 04000000 		.4byte	.LCFI3
 164 0046 0A000000 		.4byte	.LFE1
 165 004a 0200     		.2byte	0x2
 166 004c 77       		.byte	0x77
 167 004d 04       		.sleb128 4
 168 004e 00000000 		.4byte	0x0
 169 0052 00000000 		.4byte	0x0
 170              	.LLST2:
 171 0056 00000000 		.4byte	.LFB2
 172 005a 02000000 		.4byte	.LCFI4
 173 005e 0100     		.2byte	0x1
 174 0060 5D       		.byte	0x5d
 175 0061 02000000 		.4byte	.LCFI4
 176 0065 04000000 		.4byte	.LCFI5
 177 0069 0200     		.2byte	0x2
 178 006b 7D       		.byte	0x7d
 179 006c 04       		.sleb128 4
 180 006d 04000000 		.4byte	.LCFI5
 181 0071 0A000000 		.4byte	.LFE2
 182 0075 0200     		.2byte	0x2
 183 0077 77       		.byte	0x77
 184 0078 04       		.sleb128 4
 185 0079 00000000 		.4byte	0x0
 186 007d 00000000 		.4byte	0x0
 187              	.LLST3:
 188 0081 00000000 		.4byte	.LFB3
 189 0085 02000000 		.4byte	.LCFI6
 190 0089 0100     		.2byte	0x1
 191 008b 5D       		.byte	0x5d
 192 008c 02000000 		.4byte	.LCFI6
 193 0090 04000000 		.4byte	.LCFI7
 194 0094 0200     		.2byte	0x2
 195 0096 7D       		.byte	0x7d
 196 0097 04       		.sleb128 4
 197 0098 04000000 		.4byte	.LCFI7
 198 009c 0A000000 		.4byte	.LFE3
 199 00a0 0200     		.2byte	0x2
 200 00a2 77       		.byte	0x77
 201 00a3 04       		.sleb128 4
 202 00a4 00000000 		.4byte	0x0
 203 00a8 00000000 		.4byte	0x0
 204              		.section	.debug_info
 205 0000 CA000000 		.4byte	0xca
 206 0004 0200     		.2byte	0x2
 207 0006 00000000 		.4byte	.Ldebug_abbrev0
 208 000a 04       		.byte	0x4
 209 000b 01       		.uleb128 0x1
 210 000c 44000000 		.4byte	.LASF14
 211 0010 01       		.byte	0x1
 212 0011 F0000000 		.4byte	.LASF15
 213 0015 6C000000 		.4byte	.LASF16
 214 0019 00000000 		.4byte	0x0
 215 001d 00000000 		.4byte	0x0
 216 0021 00000000 		.4byte	.Ldebug_ranges0+0x0
 217 0025 00000000 		.4byte	.Ldebug_line0
ARM GAS  C:\Users\arh\AppData\Local\Temp\ccIZ2pv7.s 			page 8


 218 0029 02       		.uleb128 0x2
 219 002a 01       		.byte	0x1
 220 002b 06       		.byte	0x6
 221 002c B6000000 		.4byte	.LASF0
 222 0030 02       		.uleb128 0x2
 223 0031 01       		.byte	0x1
 224 0032 08       		.byte	0x8
 225 0033 50000000 		.4byte	.LASF1
 226 0037 02       		.uleb128 0x2
 227 0038 02       		.byte	0x2
 228 0039 05       		.byte	0x5
 229 003a E6000000 		.4byte	.LASF2
 230 003e 02       		.uleb128 0x2
 231 003f 02       		.byte	0x2
 232 0040 07       		.byte	0x7
 233 0041 A3000000 		.4byte	.LASF3
 234 0045 02       		.uleb128 0x2
 235 0046 04       		.byte	0x4
 236 0047 05       		.byte	0x5
 237 0048 63000000 		.4byte	.LASF4
 238 004c 02       		.uleb128 0x2
 239 004d 04       		.byte	0x4
 240 004e 07       		.byte	0x7
 241 004f 1B000000 		.4byte	.LASF5
 242 0053 02       		.uleb128 0x2
 243 0054 08       		.byte	0x8
 244 0055 05       		.byte	0x5
 245 0056 00000000 		.4byte	.LASF6
 246 005a 02       		.uleb128 0x2
 247 005b 08       		.byte	0x8
 248 005c 07       		.byte	0x7
 249 005d 2D000000 		.4byte	.LASF7
 250 0061 03       		.uleb128 0x3
 251 0062 04       		.byte	0x4
 252 0063 05       		.byte	0x5
 253 0064 696E7400 		.ascii	"int\000"
 254 0068 02       		.uleb128 0x2
 255 0069 04       		.byte	0x4
 256 006a 07       		.byte	0x7
 257 006b 0E000000 		.4byte	.LASF8
 258 006f 02       		.uleb128 0x2
 259 0070 01       		.byte	0x1
 260 0071 08       		.byte	0x8
 261 0072 5E000000 		.4byte	.LASF9
 262 0076 04       		.uleb128 0x4
 263 0077 04       		.byte	0x4
 264 0078 07       		.byte	0x7
 265 0079 05       		.uleb128 0x5
 266 007a 01       		.byte	0x1
 267 007b C2000000 		.4byte	.LASF10
 268 007f 01       		.byte	0x1
 269 0080 30       		.byte	0x30
 270 0081 01       		.byte	0x1
 271 0082 00000000 		.4byte	.LFB0
 272 0086 0A000000 		.4byte	.LFE0
 273 008a 00000000 		.4byte	.LLST0
 274 008e 05       		.uleb128 0x5
ARM GAS  C:\Users\arh\AppData\Local\Temp\ccIZ2pv7.s 			page 9


 275 008f 01       		.byte	0x1
 276 0090 CB000000 		.4byte	.LASF11
 277 0094 01       		.byte	0x1
 278 0095 56       		.byte	0x56
 279 0096 01       		.byte	0x1
 280 0097 00000000 		.4byte	.LFB1
 281 009b 0A000000 		.4byte	.LFE1
 282 009f 2B000000 		.4byte	.LLST1
 283 00a3 05       		.uleb128 0x5
 284 00a4 01       		.byte	0x1
 285 00a5 D4000000 		.4byte	.LASF12
 286 00a9 01       		.byte	0x1
 287 00aa 7C       		.byte	0x7c
 288 00ab 01       		.byte	0x1
 289 00ac 00000000 		.4byte	.LFB2
 290 00b0 0A000000 		.4byte	.LFE2
 291 00b4 56000000 		.4byte	.LLST2
 292 00b8 05       		.uleb128 0x5
 293 00b9 01       		.byte	0x1
 294 00ba DD000000 		.4byte	.LASF13
 295 00be 01       		.byte	0x1
 296 00bf A1       		.byte	0xa1
 297 00c0 01       		.byte	0x1
 298 00c1 00000000 		.4byte	.LFB3
 299 00c5 0A000000 		.4byte	.LFE3
 300 00c9 81000000 		.4byte	.LLST3
 301 00cd 00       		.byte	0x0
 302              		.section	.debug_abbrev
 303 0000 01       		.uleb128 0x1
 304 0001 11       		.uleb128 0x11
 305 0002 01       		.byte	0x1
 306 0003 25       		.uleb128 0x25
 307 0004 0E       		.uleb128 0xe
 308 0005 13       		.uleb128 0x13
 309 0006 0B       		.uleb128 0xb
 310 0007 03       		.uleb128 0x3
 311 0008 0E       		.uleb128 0xe
 312 0009 1B       		.uleb128 0x1b
 313 000a 0E       		.uleb128 0xe
 314 000b 11       		.uleb128 0x11
 315 000c 01       		.uleb128 0x1
 316 000d 52       		.uleb128 0x52
 317 000e 01       		.uleb128 0x1
 318 000f 55       		.uleb128 0x55
 319 0010 06       		.uleb128 0x6
 320 0011 10       		.uleb128 0x10
 321 0012 06       		.uleb128 0x6
 322 0013 00       		.byte	0x0
 323 0014 00       		.byte	0x0
 324 0015 02       		.uleb128 0x2
 325 0016 24       		.uleb128 0x24
 326 0017 00       		.byte	0x0
 327 0018 0B       		.uleb128 0xb
 328 0019 0B       		.uleb128 0xb
 329 001a 3E       		.uleb128 0x3e
 330 001b 0B       		.uleb128 0xb
 331 001c 03       		.uleb128 0x3
ARM GAS  C:\Users\arh\AppData\Local\Temp\ccIZ2pv7.s 			page 10


 332 001d 0E       		.uleb128 0xe
 333 001e 00       		.byte	0x0
 334 001f 00       		.byte	0x0
 335 0020 03       		.uleb128 0x3
 336 0021 24       		.uleb128 0x24
 337 0022 00       		.byte	0x0
 338 0023 0B       		.uleb128 0xb
 339 0024 0B       		.uleb128 0xb
 340 0025 3E       		.uleb128 0x3e
 341 0026 0B       		.uleb128 0xb
 342 0027 03       		.uleb128 0x3
 343 0028 08       		.uleb128 0x8
 344 0029 00       		.byte	0x0
 345 002a 00       		.byte	0x0
 346 002b 04       		.uleb128 0x4
 347 002c 24       		.uleb128 0x24
 348 002d 00       		.byte	0x0
 349 002e 0B       		.uleb128 0xb
 350 002f 0B       		.uleb128 0xb
 351 0030 3E       		.uleb128 0x3e
 352 0031 0B       		.uleb128 0xb
 353 0032 00       		.byte	0x0
 354 0033 00       		.byte	0x0
 355 0034 05       		.uleb128 0x5
 356 0035 2E       		.uleb128 0x2e
 357 0036 00       		.byte	0x0
 358 0037 3F       		.uleb128 0x3f
 359 0038 0C       		.uleb128 0xc
 360 0039 03       		.uleb128 0x3
 361 003a 0E       		.uleb128 0xe
 362 003b 3A       		.uleb128 0x3a
 363 003c 0B       		.uleb128 0xb
 364 003d 3B       		.uleb128 0x3b
 365 003e 0B       		.uleb128 0xb
 366 003f 27       		.uleb128 0x27
 367 0040 0C       		.uleb128 0xc
 368 0041 11       		.uleb128 0x11
 369 0042 01       		.uleb128 0x1
 370 0043 12       		.uleb128 0x12
 371 0044 01       		.uleb128 0x1
 372 0045 40       		.uleb128 0x40
 373 0046 06       		.uleb128 0x6
 374 0047 00       		.byte	0x0
 375 0048 00       		.byte	0x0
 376 0049 00       		.byte	0x0
 377              		.section	.debug_pubnames,"",%progbits
 378 0000 42000000 		.4byte	0x42
 379 0004 0200     		.2byte	0x2
 380 0006 00000000 		.4byte	.Ldebug_info0
 381 000a CE000000 		.4byte	0xce
 382 000e 79000000 		.4byte	0x79
 383 0012 6164635F 		.ascii	"adc_ISR1\000"
 383      49535231 
 383      00
 384 001b 8E000000 		.4byte	0x8e
 385 001f 6164635F 		.ascii	"adc_ISR2\000"
 385      49535232 
ARM GAS  C:\Users\arh\AppData\Local\Temp\ccIZ2pv7.s 			page 11


 385      00
 386 0028 A3000000 		.4byte	0xa3
 387 002c 6164635F 		.ascii	"adc_ISR3\000"
 387      49535233 
 387      00
 388 0035 B8000000 		.4byte	0xb8
 389 0039 6164635F 		.ascii	"adc_ISR4\000"
 389      49535234 
 389      00
 390 0042 00000000 		.4byte	0x0
 391              		.section	.debug_aranges,"",%progbits
 392 0000 34000000 		.4byte	0x34
 393 0004 0200     		.2byte	0x2
 394 0006 00000000 		.4byte	.Ldebug_info0
 395 000a 04       		.byte	0x4
 396 000b 00       		.byte	0x0
 397 000c 0000     		.2byte	0x0
 398 000e 0000     		.2byte	0x0
 399 0010 00000000 		.4byte	.LFB0
 400 0014 0A000000 		.4byte	.LFE0-.LFB0
 401 0018 00000000 		.4byte	.LFB1
 402 001c 0A000000 		.4byte	.LFE1-.LFB1
 403 0020 00000000 		.4byte	.LFB2
 404 0024 0A000000 		.4byte	.LFE2-.LFB2
 405 0028 00000000 		.4byte	.LFB3
 406 002c 0A000000 		.4byte	.LFE3-.LFB3
 407 0030 00000000 		.4byte	0x0
 408 0034 00000000 		.4byte	0x0
 409              		.section	.debug_ranges,"",%progbits
 410              	.Ldebug_ranges0:
 411 0000 00000000 		.4byte	.Ltext0
 412 0004 00000000 		.4byte	.Letext0
 413 0008 00000000 		.4byte	.LFB0
 414 000c 0A000000 		.4byte	.LFE0
 415 0010 00000000 		.4byte	.LFB1
 416 0014 0A000000 		.4byte	.LFE1
 417 0018 00000000 		.4byte	.LFB2
 418 001c 0A000000 		.4byte	.LFE2
 419 0020 00000000 		.4byte	.LFB3
 420 0024 0A000000 		.4byte	.LFE3
 421 0028 00000000 		.4byte	0x0
 422 002c 00000000 		.4byte	0x0
 423              		.section	.debug_str,"MS",%progbits,1
 424              	.LASF6:
 425 0000 6C6F6E67 		.ascii	"long long int\000"
 425      206C6F6E 
 425      6720696E 
 425      7400
 426              	.LASF8:
 427 000e 756E7369 		.ascii	"unsigned int\000"
 427      676E6564 
 427      20696E74 
 427      00
 428              	.LASF5:
 429 001b 6C6F6E67 		.ascii	"long unsigned int\000"
 429      20756E73 
 429      69676E65 
ARM GAS  C:\Users\arh\AppData\Local\Temp\ccIZ2pv7.s 			page 12


 429      6420696E 
 429      7400
 430              	.LASF7:
 431 002d 6C6F6E67 		.ascii	"long long unsigned int\000"
 431      206C6F6E 
 431      6720756E 
 431      7369676E 
 431      65642069 
 432              	.LASF14:
 433 0044 474E5520 		.ascii	"GNU C 4.4.1\000"
 433      4320342E 
 433      342E3100 
 434              	.LASF1:
 435 0050 756E7369 		.ascii	"unsigned char\000"
 435      676E6564 
 435      20636861 
 435      7200
 436              	.LASF9:
 437 005e 63686172 		.ascii	"char\000"
 437      00
 438              	.LASF4:
 439 0063 6C6F6E67 		.ascii	"long int\000"
 439      20696E74 
 439      00
 440              	.LASF16:
 441 006c 433A5C55 		.ascii	"C:\\Users\\arh\\Documents\\PSoC Creator\\Design07\\"
 441      73657273 
 441      5C617268 
 441      5C446F63 
 441      756D656E 
 442 0099 6364732E 		.ascii	"cds.cydsn\000"
 442      63796473 
 442      6E00
 443              	.LASF3:
 444 00a3 73686F72 		.ascii	"short unsigned int\000"
 444      7420756E 
 444      7369676E 
 444      65642069 
 444      6E7400
 445              	.LASF0:
 446 00b6 7369676E 		.ascii	"signed char\000"
 446      65642063 
 446      68617200 
 447              	.LASF10:
 448 00c2 6164635F 		.ascii	"adc_ISR1\000"
 448      49535231 
 448      00
 449              	.LASF11:
 450 00cb 6164635F 		.ascii	"adc_ISR2\000"
 450      49535232 
 450      00
 451              	.LASF12:
 452 00d4 6164635F 		.ascii	"adc_ISR3\000"
 452      49535233 
 452      00
 453              	.LASF13:
 454 00dd 6164635F 		.ascii	"adc_ISR4\000"
ARM GAS  C:\Users\arh\AppData\Local\Temp\ccIZ2pv7.s 			page 13


 454      49535234 
 454      00
 455              	.LASF2:
 456 00e6 73686F72 		.ascii	"short int\000"
 456      7420696E 
 456      7400
 457              	.LASF15:
 458 00f0 2E5C4765 		.ascii	".\\Generated_Source\\PSoC5\\adc_INT.c\000"
 458      6E657261 
 458      7465645F 
 458      536F7572 
 458      63655C50 
 459              		.ident	"GCC: (Sourcery G++ Lite 2010q1-188) 4.4.1"
