Archive member included because of file (symbol)

.\CortexM3\ARM_GCC_441\Debug\cds.a(adc.o)
                              .\CortexM3\ARM_GCC_441\Debug\main.o (adc_Start)
.\CortexM3\ARM_GCC_441\Debug\cds.a(adc_INT.o)
                              .\CortexM3\ARM_GCC_441\Debug\cds.a(adc.o) (adc_ISR1)
.\CortexM3\ARM_GCC_441\Debug\cds.a(amux.o)
                              .\CortexM3\ARM_GCC_441\Debug\main.o (amux_Start)
.\CortexM3\ARM_GCC_441\Debug\cds.a(lcd.o)
                              .\CortexM3\ARM_GCC_441\Debug\main.o (lcd_WriteControl)
.\CortexM3\ARM_GCC_441\Debug\cds.a(adc_theACLK.o)
                              .\CortexM3\ARM_GCC_441\Debug\cds.a(adc.o) (adc_theACLK_SetDividerRegister)
.\CortexM3\ARM_GCC_441\Debug\cds.a(adc_Ext_CP_Clk.o)
                              .\CortexM3\ARM_GCC_441\Debug\cds.a(adc.o) (adc_Ext_CP_Clk_SetDividerRegister)
.\CortexM3\ARM_GCC_441\Debug\cds.a(CyLib.o)
                              .\CortexM3\ARM_GCC_441\Debug\Cm3Start.o (CyResetStatus)
.\CortexM3\ARM_GCC_441\Debug\cds.a(cyPm.o)
                              .\CortexM3\ARM_GCC_441\Debug\cds.a(CyLib.o) (CyPmReadStatus)
.\CortexM3\ARM_GCC_441\Debug\cds.a(i2c.o)
                              .\CortexM3\ARM_GCC_441\Debug\main.o (i2c_Start)
.\CortexM3\ARM_GCC_441\Debug\cds.a(i2c_INT.o)
                              .\CortexM3\ARM_GCC_441\Debug\cds.a(i2c.o) (i2c_curState)
.\CortexM3\ARM_GCC_441\Debug\cds.a(led.o)
                              .\CortexM3\ARM_GCC_441\Debug\main.o (led_Write)
.\CortexM3\ARM_GCC_441\Debug\cds.a(cyfitter_cfg.o)
                              .\CortexM3\ARM_GCC_441\Debug\cds.a(amux.o) (amux_CYAMUXSIDE_A_Set)
.\CortexM3\ARM_GCC_441\Debug\cds.a(CyBootAsmGnu.o)
                              .\CortexM3\ARM_GCC_441\Debug\cds.a(CyLib.o) (CyDelayCycles)
.\CortexM3\ARM_GCC_441\Debug\cds.a(CyFlash.o)
                              .\CortexM3\ARM_GCC_441\Debug\cds.a(cyPm.o) (CyFlash_SetWaitCycles)
.\CortexM3\ARM_GCC_441\Debug\cds.a(CySpc.o)
                              .\CortexM3\ARM_GCC_441\Debug\cds.a(CyFlash.o) (CySpcStart)
.\CortexM3\ARM_GCC_441\Debug\cds.a(cyutils.o)
                              .\CortexM3\ARM_GCC_441\Debug\cds.a(cyfitter_cfg.o) (CySetReg24)
c:/program files/cypress/psoc creator/2.1/psoc creator/import/gnu_cs/arm/4.4.1/bin/../lib/gcc/arm-none-eabi/4.4.1/thumb2\libgcc.a(_arm_addsubdf3.o)
                              .\CortexM3\ARM_GCC_441\Debug\main.o (__aeabi_dsub)
c:/program files/cypress/psoc creator/2.1/psoc creator/import/gnu_cs/arm/4.4.1/bin/../lib/gcc/arm-none-eabi/4.4.1/thumb2\libgcc.a(_arm_muldivdf3.o)
                              .\CortexM3\ARM_GCC_441\Debug\main.o (__aeabi_dmul)
c:/program files/cypress/psoc creator/2.1/psoc creator/import/gnu_cs/arm/4.4.1/bin/../lib/gcc/arm-none-eabi/4.4.1/thumb2\libgcc.a(_arm_cmpdf2.o)
                              .\CortexM3\ARM_GCC_441\Debug\cds.a(adc.o) (__aeabi_dcmpgt)
c:/program files/cypress/psoc creator/2.1/psoc creator/import/gnu_cs/arm/4.4.1/bin/../lib/gcc/arm-none-eabi/4.4.1/thumb2\libgcc.a(_arm_fixdfsi.o)
                              .\CortexM3\ARM_GCC_441\Debug\main.o (__aeabi_d2iz)
c:/program files/cypress/psoc creator/2.1/psoc creator/import/gnu_cs/arm/4.4.1/bin/../lib/gcc/arm-none-eabi/4.4.1/thumb2\libgcc.a(_arm_truncdfsf2.o)
                              .\CortexM3\ARM_GCC_441\Debug\main.o (__aeabi_d2f)
c:/program files/cypress/psoc creator/2.1/psoc creator/import/gnu_cs/arm/4.4.1/bin/../lib/gcc/arm-none-eabi/4.4.1/thumb2\libgcc.a(_arm_addsubsf3.o)
                              .\CortexM3\ARM_GCC_441\Debug\main.o (__aeabi_ui2f)
c:/program files/cypress/psoc creator/2.1/psoc creator/import/gnu_cs/arm/4.4.1/bin/../lib/gcc/arm-none-eabi/4.4.1/thumb2\libgcc.a(_arm_muldivsf3.o)
                              .\CortexM3\ARM_GCC_441\Debug\cds.a(adc.o) (__aeabi_fmul)
c:/program files/cypress/psoc creator/2.1/psoc creator/import/gnu_cs/arm/4.4.1/bin/../lib/gcc/arm-none-eabi/4.4.1/thumb2\libgcc.a(_arm_fixunssfsi.o)
                              .\CortexM3\ARM_GCC_441\Debug\cds.a(adc.o) (__aeabi_f2uiz)
c:/program files/cypress/psoc creator/2.1/psoc creator/import/gnu_cs/arm/4.4.1/bin/../lib/gcc/arm-none-eabi/4.4.1/../../../../arm-none-eabi/lib/thumb2\libc.a(lib_a-memcpy.o)
                              .\CortexM3\ARM_GCC_441\Debug\cds.a(cyPm.o) (memcpy)
c:/program files/cypress/psoc creator/2.1/psoc creator/import/gnu_cs/arm/4.4.1/bin/../lib/gcc/arm-none-eabi/4.4.1/../../../../arm-none-eabi/lib/thumb2\libc.a(lib_a-memset.o)
                              .\CortexM3\ARM_GCC_441\Debug\cds.a(cyPm.o) (memset)
c:/program files/cypress/psoc creator/2.1/psoc creator/import/gnu_cs/arm/4.4.1/bin/../lib/gcc/arm-none-eabi/4.4.1/../../../../arm-none-eabi/lib/thumb2\libc.a(lib_a-sprintf.o)
                              .\CortexM3\ARM_GCC_441\Debug\main.o (sprintf)
[...]
Memory Configuration

Name             Origin             Length             Attributes
rom              0x00000000         0x00040000         xr
ram              0x1fff8000         0x0000b000         xrw
*default*        0x00000000         0xffffffff

Linker script and memory map

LOAD c:/program files/cypress/psoc creator/2.1/psoc creator/import/gnu_cs/arm/4.4.1/bin/../lib/gcc/arm-none-eabi/4.4.1/thumb2/crti.o
LOAD c:/program files/cypress/psoc creator/2.1/psoc creator/import/gnu_cs/arm/4.4.1/bin/../lib/gcc/arm-none-eabi/4.4.1/thumb2/crtbegin.o
START GROUP
LOAD .\CortexM3\ARM_GCC_441\Debug\main.o
LOAD .\CortexM3\ARM_GCC_441\Debug\Cm3Start.o
LOAD .\CortexM3\ARM_GCC_441\Debug\cds.a
LOAD C:\Program Files\Cypress\PSoC Creator\2.1\PSoC Creator\psoc\content\cycomponentlibrary\CyComponentLibrary.cylib\CortexM3\ARM_GCC_441\Debug\CyComponentLibrary.a
END GROUP
START GROUP
LOAD c:/program files/cypress/psoc creator/2.1/psoc creator/import/gnu_cs/arm/4.4.1/bin/../lib/gcc/arm-none-eabi/4.4.1/thumb2\libgcc.a
LOAD c:/program files/cypress/psoc creator/2.1/psoc creator/import/gnu_cs/arm/4.4.1/bin/../lib/gcc/arm-none-eabi/4.4.1/../../../../arm-none-eabi/lib/thumb2\libc.a
END GROUP
LOAD c:/program files/cypress/psoc creator/2.1/psoc creator/import/gnu_cs/arm/4.4.1/bin/../lib/gcc/arm-none-eabi/4.4.1/thumb2/crtend.o
LOAD c:/program files/cypress/psoc creator/2.1/psoc creator/import/gnu_cs/arm/4.4.1/bin/../lib/gcc/arm-none-eabi/4.4.1/thumb2/crtn.o
START GROUP
LOAD c:/program files/cypress/psoc creator/2.1/psoc creator/import/gnu_cs/arm/4.4.1/bin/../lib/gcc/arm-none-eabi/4.4.1/thumb2\libgcc.a
LOAD c:/program files/cypress/psoc creator/2.1/psoc creator/import/gnu_cs/arm/4.4.1/bin/../lib/gcc/arm-none-eabi/4.4.1/../../../../arm-none-eabi/lib/thumb2\libc.a
LOAD c:/program files/cypress/psoc creator/2.1/psoc creator/import/gnu_cs/arm/4.4.1/bin/../lib/gcc/arm-none-eabi/4.4.1/../../../../arm-none-eabi/lib/thumb2\libcs3.a
LOAD c:/program files/cypress/psoc creator/2.1/psoc creator/import/gnu_cs/arm/4.4.1/bin/../lib/gcc/arm-none-eabi/4.4.1/../../../../arm-none-eabi/lib/thumb2\libcs3unhosted.a
LOAD c:/program files/cypress/psoc creator/2.1/psoc creator/import/gnu_cs/arm/4.4.1/bin/../lib/gcc/arm-none-eabi/4.4.1/../../../../arm-none-eabi/lib/thumb2\libcs3micro.a
END GROUP
                0x1fff86c0                PROVIDE (__cs3_heap_start, _end)
                0x00000001                PROVIDE (__cs3_region_num, ((__cs3_regions_end - __cs3_regions) / 0x14))
                0x20008000                PROVIDE (__cs3_stack, 0x20008000)
                0x20004000                PROVIDE (__cs3_heap_end, (__cs3_stack - 0x4000))

.text           0x00000000     0x8840
 CREATE_OBJECT_SYMBOLS
                0x00000000                __cs3_interrupt_vector = __cs3_interrupt_vector_micro
 *(.cs3.interrupt_vector)
 .cs3.interrupt_vector
                0x00000000       0xc0 c:/program files/cypress/psoc creator/2.1/psoc creator/import/gnu_cs/arm/4.4.1/bin/../lib/gcc/arm-none-eabi/4.4.1/../../../../arm-none-eabi/lib/thumb2\libcs3micro.a(micro-vector.o)
                0x00000000                __cs3_interrupt_vector_micro
                0x00000001                ASSERT ((. != __cs3_interrupt_vector_micro), No interrupt vector)
                0x00000470                PROVIDE (__cs3_reset, Reset)
 *(.cs3.reset)
                0x00000001                ASSERT ((. != __cs3_reset), No reset code)
 *(.dma_init)
                0x00000001                ASSERT ((((0x0 + .) <= 0x10000) || 0x1), DMA Init must be within the first 64k of flash)
 *(.text.cs3.init)
 .text.cs3.init
                0x000000c0       0x5c c:/program files/cypress/psoc creator/2.1/psoc creator/import/gnu_cs/arm/4.4.1/bin/../lib/gcc/arm-none-eabi/4.4.1/../../../../arm-none-eabi/lib/thumb2\libcs3.a(start_c.o)
                0x000000c0                __cs3_start_c
 *(.text .text.* .gnu.linkonce.t.*)
 .text          0x0000011c       0x30 c:/program files/cypress/psoc creator/2.1/psoc creator/import/gnu_cs/arm/4.4.1/bin/../lib/gcc/arm-none-eabi/4.4.1/thumb2/crtbegin.o
 *fill*         0x0000014c        0x4 00
 .text.main     0x00000150      0x320 .\CortexM3\ARM_GCC_441\Debug\main.o
                0x00000150                main
 .text.Reset    0x00000470       0x24 .\CortexM3\ARM_GCC_441\Debug\Cm3Start.o
                0x00000470                Reset
 .text.initialize_psoc
                0x00000494       0x9c .\CortexM3\ARM_GCC_441\Debug\Cm3Start.o
                0x00000494                initialize_psoc
 .text.adc_Init
                0x00000530       0x34 .\CortexM3\ARM_GCC_441\Debug\cds.a(adc.o)
                0x00000530                adc_Init
 .text.adc_Enable
                0x00000564      0x1c4 .\CortexM3\ARM_GCC_441\Debug\cds.a(adc.o)
                0x00000564                adc_Enable
 .text.adc_RestorePowerRegisters
                0x00000728       0xac .\CortexM3\ARM_GCC_441\Debug\cds.a(adc.o)
                0x00000728                adc_RestorePowerRegisters
 .text.adc_Start
                0x000007d4       0x3c .\CortexM3\ARM_GCC_441\Debug\cds.a(adc.o)
                0x000007d4                adc_Start
 .text.adc_StartConvert
                0x00000810       0x28 .\CortexM3\ARM_GCC_441\Debug\cds.a(adc.o)
                0x00000810                adc_StartConvert
 .text.adc_StopConvert
                0x00000838       0x34 .\CortexM3\ARM_GCC_441\Debug\cds.a(adc.o)
                0x00000838                adc_StopConvert
 .text.adc_IsEndConversion
                0x0000086c       0x60 .\CortexM3\ARM_GCC_441\Debug\cds.a(adc.o)
                0x0000086c                adc_IsEndConversion
 .text.adc_GetResult32
                0x000008cc       0x3c .\CortexM3\ARM_GCC_441\Debug\cds.a(adc.o)
                0x000008cc                adc_GetResult32
 .text.adc_CountsTo_Volts
                0x00000908       0x54 .\CortexM3\ARM_GCC_441\Debug\cds.a(adc.o)
                0x00000908                adc_CountsTo_Volts
 .text.adc_InitConfig
                0x0000095c      0x898 .\CortexM3\ARM_GCC_441\Debug\cds.a(adc.o)
                0x0000095c                adc_InitConfig
 .text.adc_GainCompensation
                0x000011f4      0x1cc .\CortexM3\ARM_GCC_441\Debug\cds.a(adc.o)
                0x000011f4                adc_GainCompensation
 .text.adc_SetDSMRef0Reg
                0x000013c0       0x94 .\CortexM3\ARM_GCC_441\Debug\cds.a(adc.o)
                0x000013c0                adc_SetDSMRef0Reg
 .text.adc_ISR1
                0x00001454        0xc .\CortexM3\ARM_GCC_441\Debug\cds.a(adc_INT.o)
                0x00001454                adc_ISR1
 .text.adc_ISR2
                0x00001460        0xc .\CortexM3\ARM_GCC_441\Debug\cds.a(adc_INT.o)
                0x00001460                adc_ISR2
 .text.adc_ISR3
                0x0000146c        0xc .\CortexM3\ARM_GCC_441\Debug\cds.a(adc_INT.o)
                0x0000146c                adc_ISR3
 .text.adc_ISR4
                0x00001478        0xc .\CortexM3\ARM_GCC_441\Debug\cds.a(adc_INT.o)
                0x00001478                adc_ISR4
 .text.amux_Start
                0x00001484       0x44 .\CortexM3\ARM_GCC_441\Debug\cds.a(amux.o)
                0x00001484                amux_Start
 .text.amux_Select
                0x000014c8       0x2c .\CortexM3\ARM_GCC_441\Debug\cds.a(amux.o)
                0x000014c8                amux_Select
 .text.amux_Connect
                0x000014f4       0x24 .\CortexM3\ARM_GCC_441\Debug\cds.a(amux.o)
                0x000014f4                amux_Connect
 .text.lcd_Init
                0x00001518       0x90 .\CortexM3\ARM_GCC_441\Debug\cds.a(lcd.o)
                0x00001518                lcd_Init
 .text.lcd_Enable
                0x000015a8       0x1c .\CortexM3\ARM_GCC_441\Debug\cds.a(lcd.o)
                0x000015a8                lcd_Enable
 .text.lcd_Start
                0x000015c4       0x2c .\CortexM3\ARM_GCC_441\Debug\cds.a(lcd.o)
                0x000015c4                lcd_Start
 .text.lcd_Position
                0x000015f0       0x74 .\CortexM3\ARM_GCC_441\Debug\cds.a(lcd.o)
                0x000015f0                lcd_Position
 .text.lcd_PrintString
                0x00001664       0x40 .\CortexM3\ARM_GCC_441\Debug\cds.a(lcd.o)
                0x00001664                lcd_PrintString
 .text.lcd_PutChar
                0x000016a4       0x1c .\CortexM3\ARM_GCC_441\Debug\cds.a(lcd.o)
                0x000016a4                lcd_PutChar
 .text.lcd_WriteData
                0x000016c0       0x38 .\CortexM3\ARM_GCC_441\Debug\cds.a(lcd.o)
                0x000016c0                lcd_WriteData
 .text.lcd_WriteControl
                0x000016f8       0x40 .\CortexM3\ARM_GCC_441\Debug\cds.a(lcd.o)
                0x000016f8                lcd_WriteControl
 .text.lcd_IsReady
                0x00001738      0x204 .\CortexM3\ARM_GCC_441\Debug\cds.a(lcd.o)
                0x00001738                lcd_IsReady
 .text.lcd_WrDatNib
                0x0000193c       0xac .\CortexM3\ARM_GCC_441\Debug\cds.a(lcd.o)
                0x0000193c                lcd_WrDatNib
 .text.lcd_WrCntrlNib
                0x000019e8       0x8c .\CortexM3\ARM_GCC_441\Debug\cds.a(lcd.o)
                0x000019e8                lcd_WrCntrlNib
 .text.lcd_PrintHexUint8
                0x00001a74       0x44 .\CortexM3\ARM_GCC_441\Debug\cds.a(lcd.o)
                0x00001a74                lcd_PrintHexUint8
 .text.lcd_PrintHexUint16
                0x00001ab8       0x2c .\CortexM3\ARM_GCC_441\Debug\cds.a(lcd.o)
                0x00001ab8                lcd_PrintHexUint16
 .text.lcd_PrintDecUint16
                0x00001ae4      0x108 .\CortexM3\ARM_GCC_441\Debug\cds.a(lcd.o)
                0x00001ae4                lcd_PrintDecUint16
 .text.adc_theACLK_SetModeRegister
                0x00001bec       0x38 .\CortexM3\ARM_GCC_441\Debug\cds.a(adc_theACLK.o)
                0x00001bec                adc_theACLK_SetModeRegister
 .text.adc_Ext_CP_Clk_SetModeRegister
                0x00001c24       0x38 .\CortexM3\ARM_GCC_441\Debug\cds.a(adc_Ext_CP_Clk.o)
                0x00001c24                adc_Ext_CP_Clk_SetModeRegister
 .text.CyHalt   0x00001c5c       0x18 .\CortexM3\ARM_GCC_441\Debug\cds.a(CyLib.o)
                0x00001c5c                CyHalt
 .text.CyDelay  0x00001c74       0x48 .\CortexM3\ARM_GCC_441\Debug\cds.a(CyLib.o)
                0x00001c74                CyDelay
 .text.CyDelayUs
                0x00001cbc       0x28 .\CortexM3\ARM_GCC_441\Debug\cds.a(CyLib.o)
                0x00001cbc                CyDelayUs
 .text.CyIntSetVector
                0x00001ce4       0x68 .\CortexM3\ARM_GCC_441\Debug\cds.a(CyLib.o)
                0x00001ce4                CyIntSetVector
 .text.CyIntSetPriority
                0x00001d4c       0x5c .\CortexM3\ARM_GCC_441\Debug\cds.a(CyLib.o)
                0x00001d4c                CyIntSetPriority
 .text.CyIntEnable
                0x00001da8       0x48 .\CortexM3\ARM_GCC_441\Debug\cds.a(CyLib.o)
                0x00001da8                CyIntEnable
 .text.CyIntClearPending
                0x00001df0       0x48 .\CortexM3\ARM_GCC_441\Debug\cds.a(CyLib.o)
                0x00001df0                CyIntClearPending
 .text.i2c_Start
                0x00001e38       0x2c .\CortexM3\ARM_GCC_441\Debug\cds.a(i2c.o)
                0x00001e38                i2c_Start
 .text.i2c_EnableInt
                0x00001e64       0x10 .\CortexM3\ARM_GCC_441\Debug\cds.a(i2c.o)
                0x00001e64                i2c_EnableInt
 .text.i2c_GetActivity
                0x00001e74       0x3c .\CortexM3\ARM_GCC_441\Debug\cds.a(i2c.o)
                0x00001e74                i2c_GetActivity
 .text.i2c_SetBuffer1
                0x00001eb0       0x60 .\CortexM3\ARM_GCC_441\Debug\cds.a(i2c.o)
                0x00001eb0                i2c_SetBuffer1
 .text.i2c_Init
                0x00001f10      0x128 .\CortexM3\ARM_GCC_441\Debug\cds.a(i2c.o)
                0x00001f10                i2c_Init
 .text.i2c_Enable
                0x00002038       0x9c .\CortexM3\ARM_GCC_441\Debug\cds.a(i2c.o)
                0x00002038                i2c_Enable
 .text.i2c_ISR  0x000020d4      0x3f0 .\CortexM3\ARM_GCC_441\Debug\cds.a(i2c_INT.o)
                0x000020d4                i2c_ISR
 .text.led_Write
                0x000024c4       0x40 .\CortexM3\ARM_GCC_441\Debug\cds.a(led.o)
                0x000024c4                led_Write
 .text.led_ReadDataReg
                0x00002504       0x20 .\CortexM3\ARM_GCC_441\Debug\cds.a(led.o)
                0x00002504                led_ReadDataReg
 .text.cymemzero8
                0x00002524       0x44 .\CortexM3\ARM_GCC_441\Debug\cds.a(cyfitter_cfg.o)
 .text.cymemcpy8
                0x00002568       0x50 .\CortexM3\ARM_GCC_441\Debug\cds.a(cyfitter_cfg.o)
 .text.cfg_write_bytes32
                0x000025b8       0x94 .\CortexM3\ARM_GCC_441\Debug\cds.a(cyfitter_cfg.o)
 .text.ClockSetup
                0x0000264c      0x1a8 .\CortexM3\ARM_GCC_441\Debug\cds.a(cyfitter_cfg.o)
 .text.AnalogSetDefault
                0x000027f4       0xa4 .\CortexM3\ARM_GCC_441\Debug\cds.a(cyfitter_cfg.o)
                0x000027f4                AnalogSetDefault
 .text.amux_CYAMUXSIDE_A_Set
                0x00002898       0x94 .\CortexM3\ARM_GCC_441\Debug\cds.a(cyfitter_cfg.o)
                0x00002898                amux_CYAMUXSIDE_A_Set
 .text.amux_CYAMUXSIDE_A_Unset
                0x0000292c       0xa8 .\CortexM3\ARM_GCC_441\Debug\cds.a(cyfitter_cfg.o)
                0x0000292c                amux_CYAMUXSIDE_A_Unset
 .text.amux_CYAMUXSIDE_B_Set
                0x000029d4       0x50 .\CortexM3\ARM_GCC_441\Debug\cds.a(cyfitter_cfg.o)
                0x000029d4                amux_CYAMUXSIDE_B_Set
 .text.amux_CYAMUXSIDE_B_Unset
                0x00002a24       0x5c .\CortexM3\ARM_GCC_441\Debug\cds.a(cyfitter_cfg.o)
                0x00002a24                amux_CYAMUXSIDE_B_Unset
 .text.cyfitter_cfg
                0x00002a80      0x28c .\CortexM3\ARM_GCC_441\Debug\cds.a(cyfitter_cfg.o)
                0x00002a80                cyfitter_cfg
 *fill*         0x00002d0c        0x4 00
 .text          0x00002d10       0x20 .\CortexM3\ARM_GCC_441\Debug\cds.a(CyBootAsmGnu.o)
                0x00002d10                CyDelayCycles
                0x00002d20                CyEnterCriticalSection
                0x00002d28                CyExitCriticalSection
 .text.CySetReg24
                0x00002d30       0x4c .\CortexM3\ARM_GCC_441\Debug\cds.a(cyutils.o)
                0x00002d30                CySetReg24
 .text          0x00002d7c      0x370 c:/program files/cypress/psoc creator/2.1/psoc creator/import/gnu_cs/arm/4.4.1/bin/../lib/gcc/arm-none-eabi/4.4.1/thumb2\libgcc.a(_arm_addsubdf3.o)
                0x00002d7c                __aeabi_drsub
                0x00002d84                __aeabi_dsub
                0x00002d84                __subdf3
                0x00002d88                __aeabi_dadd
                0x00002d88                __adddf3
                0x00003000                __floatunsidf
                0x00003000                __aeabi_ui2d
                0x00003020                __floatsidf
                0x00003020                __aeabi_i2d
                0x00003044                __aeabi_f2d
                0x00003044                __extendsfdf2
                0x00003080                __floatundidf
                0x00003080                __aeabi_ul2d
                0x00003090                __floatdidf
                0x00003090                __aeabi_l2d
 .text          0x000030ec      0x424 c:/program files/cypress/psoc creator/2.1/psoc creator/import/gnu_cs/arm/4.4.1/bin/../lib/gcc/arm-none-eabi/4.4.1/thumb2\libgcc.a(_arm_muldivdf3.o)
                0x000030ec                __aeabi_dmul
                0x000030ec                __muldf3
                0x00003340                __divdf3
                0x00003340                __aeabi_ddiv
 .text          0x00003510      0x110 c:/program files/cypress/psoc creator/2.1/psoc creator/import/gnu_cs/arm/4.4.1/bin/../lib/gcc/arm-none-eabi/4.4.1/thumb2\libgcc.a(_arm_cmpdf2.o)
                0x00003510                __gtdf2
                0x00003510                __gedf2
                0x00003518                __ltdf2
                0x00003518                __ledf2
                0x00003520                __nedf2
                0x00003520                __eqdf2
                0x00003520                __cmpdf2
                0x0000359c                __aeabi_cdrcmple
                0x000035ac                __aeabi_cdcmpeq
                0x000035ac                __aeabi_cdcmple
                0x000035bc                __aeabi_dcmpeq
                0x000035d0                __aeabi_dcmplt
                0x000035e4                __aeabi_dcmple
                0x000035f8                __aeabi_dcmpge
                0x0000360c                __aeabi_dcmpgt
 .text          0x00003620       0x50 c:/program files/cypress/psoc creator/2.1/psoc creator/import/gnu_cs/arm/4.4.1/bin/../lib/gcc/arm-none-eabi/4.4.1/thumb2\libgcc.a(_arm_fixdfsi.o)
                0x00003620                __aeabi_d2iz
                0x00003620                __fixdfsi
 .text          0x00003670       0xa0 c:/program files/cypress/psoc creator/2.1/psoc creator/import/gnu_cs/arm/4.4.1/bin/../lib/gcc/arm-none-eabi/4.4.1/thumb2\libgcc.a(_arm_truncdfsf2.o)
                0x00003670                __truncdfsf2
                0x00003670                __aeabi_d2f
 .text          0x00003710      0x21c c:/program files/cypress/psoc creator/2.1/psoc creator/import/gnu_cs/arm/4.4.1/bin/../lib/gcc/arm-none-eabi/4.4.1/thumb2\libgcc.a(_arm_addsubsf3.o)
                0x00003710                __aeabi_frsub
                0x00003718                __subsf3
                0x00003718                __aeabi_fsub
                0x0000371c                __aeabi_fadd
                0x0000371c                __addsf3
                0x0000387c                __aeabi_ui2f
                0x0000387c                __floatunsisf
                0x00003884                __aeabi_i2f
                0x00003884                __floatsisf
                0x000038a0                __aeabi_ul2f
                0x000038a0                __floatundisf
                0x000038b0                __aeabi_l2f
                0x000038b0                __floatdisf
 .text          0x0000392c      0x2a0 c:/program files/cypress/psoc creator/2.1/psoc creator/import/gnu_cs/arm/4.4.1/bin/../lib/gcc/arm-none-eabi/4.4.1/thumb2\libgcc.a(_arm_muldivsf3.o)
                0x0000392c                __mulsf3
                0x0000392c                __aeabi_fmul
                0x00003a94                __aeabi_fdiv
                0x00003a94                __divsf3
 .text          0x00003bcc      0x190 c:/program files/cypress/psoc creator/2.1/psoc creator/import/gnu_cs/arm/4.4.1/bin/../lib/gcc/arm-none-eabi/4.4.1/../../../../arm-none-eabi/lib/thumb2\libc.a(lib_a-memcpy.o)
                0x00003bcc                memcpy
 .text          0x00003d5c       0xd4 c:/program files/cypress/psoc creator/2.1/psoc creator/import/gnu_cs/arm/4.4.1/bin/../lib/gcc/arm-none-eabi/4.4.1/../../../../arm-none-eabi/lib/thumb2\libc.a(lib_a-memset.o)
                0x00003d5c                memset
 .text          0x00003e30       0x94 c:/program files/cypress/psoc creator/2.1/psoc creator/import/gnu_cs/arm/4.4.1/bin/../lib/gcc/arm-none-eabi/4.4.1/../../../../arm-none-eabi/lib/thumb2\libc.a(lib_a-sprintf.o)
                0x00003e30                sprintf
                0x00003e80                _sprintf_r
 .text          0x00003ec4     0x15a8 c:/program files/cypress/psoc creator/2.1/psoc creator/import/gnu_cs/arm/4.4.1/bin/../lib/gcc/arm-none-eabi/4.4.1/../../../../arm-none-eabi/lib/thumb2\libc.a(lib_a-svfprintf.o)
                0x00003fe0                _svfprintf_r
 *fill*         0x0000546c        0x4 00
 .text          0x00005470      0xfb8 c:/program files/cypress/psoc creator/2.1/psoc creator/import/gnu_cs/arm/4.4.1/bin/../lib/gcc/arm-none-eabi/4.4.1/../../../../arm-none-eabi/lib/thumb2\libc.a(lib_a-dtoa.o)
                0x00005590                _dtoa_r
 .text          0x00006428      0x268 c:/program files/cypress/psoc creator/2.1/psoc creator/import/gnu_cs/arm/4.4.1/bin/../lib/gcc/arm-none-eabi/4.4.1/../../../../arm-none-eabi/lib/thumb2\libc.a(lib_a-freer.o)
                0x00006428                _malloc_trim_r
                0x000064d0                _free_r
 .text          0x00006690       0x74 c:/program files/cypress/psoc creator/2.1/psoc creator/import/gnu_cs/arm/4.4.1/bin/../lib/gcc/arm-none-eabi/4.4.1/../../../../arm-none-eabi/lib/thumb2\libc.a(lib_a-locale.o)
                0x00006690                __locale_charset
                0x0000669c                _localeconv_r
                0x000066a4                localeconv
                0x000066ac                _setlocale_r
                0x000066f4                setlocale
 .text          0x00006704       0x20 c:/program files/cypress/psoc creator/2.1/psoc creator/import/gnu_cs/arm/4.4.1/bin/../lib/gcc/arm-none-eabi/4.4.1/../../../../arm-none-eabi/lib/thumb2\libc.a(lib_a-malloc.o)
                0x00006704                free
                0x00006714                malloc
 .text          0x00006724      0x5a4 c:/program files/cypress/psoc creator/2.1/psoc creator/import/gnu_cs/arm/4.4.1/bin/../lib/gcc/arm-none-eabi/4.4.1/../../../../arm-none-eabi/lib/thumb2\libc.a(lib_a-mallocr.o)
                0x00006724                _malloc_r
 .text          0x00006cc8       0x74 c:/program files/cypress/psoc creator/2.1/psoc creator/import/gnu_cs/arm/4.4.1/bin/../lib/gcc/arm-none-eabi/4.4.1/../../../../arm-none-eabi/lib/thumb2\libc.a(lib_a-memchr.o)
                0x00006cc8                memchr
 .text          0x00006d3c       0xb8 c:/program files/cypress/psoc creator/2.1/psoc creator/import/gnu_cs/arm/4.4.1/bin/../lib/gcc/arm-none-eabi/4.4.1/../../../../arm-none-eabi/lib/thumb2\libc.a(lib_a-memmove.o)
                0x00006d3c                memmove
 .text          0x00006df4        0x8 c:/program files/cypress/psoc creator/2.1/psoc creator/import/gnu_cs/arm/4.4.1/bin/../lib/gcc/arm-none-eabi/4.4.1/../../../../arm-none-eabi/lib/thumb2\libc.a(lib_a-mlock.o)
                0x00006df4                __malloc_lock
                0x00006df8                __malloc_unlock
 .text          0x00006dfc      0x958 c:/program files/cypress/psoc creator/2.1/psoc creator/import/gnu_cs/arm/4.4.1/bin/../lib/gcc/arm-none-eabi/4.4.1/../../../../arm-none-eabi/lib/thumb2\libc.a(lib_a-mprec.o)
                0x00006dfc                __hi0bits
                0x00006e3c                __lo0bits
                0x00006ea0                __mcmp
                0x00006ee0                __ulp
                0x00006f2c                __b2d
                0x00006fd4                __ratio
                0x00007034                _mprec_log10
                0x0000706c                __copybits
                0x000070bc                __any_on
                0x00007114                _Bfree
                0x0000714c                _Balloc
                0x000071b8                __d2b
                0x00007288                __mdiff
                0x00007380                __lshift
                0x0000743c                __multiply
                0x00007570                __i2b
                0x00007584                __multadd
                0x0000760c                __pow5mult
                0x000076b8                __s2b
 .text          0x00007754      0x3b4 c:/program files/cypress/psoc creator/2.1/psoc creator/import/gnu_cs/arm/4.4.1/bin/../lib/gcc/arm-none-eabi/4.4.1/../../../../arm-none-eabi/lib/thumb2\libc.a(lib_a-reallocr.o)
                0x00007754                _realloc_r
 .text          0x00007b08       0x24 c:/program files/cypress/psoc creator/2.1/psoc creator/import/gnu_cs/arm/4.4.1/bin/../lib/gcc/arm-none-eabi/4.4.1/../../../../arm-none-eabi/lib/thumb2\libc.a(lib_a-s_isinfd.o)
                0x00007b08                __isinfd
 .text          0x00007b2c       0x1c c:/program files/cypress/psoc creator/2.1/psoc creator/import/gnu_cs/arm/4.4.1/bin/../lib/gcc/arm-none-eabi/4.4.1/../../../../arm-none-eabi/lib/thumb2\libc.a(lib_a-s_isnand.o)
                0x00007b2c                __isnand
 .text          0x00007b48       0x28 c:/program files/cypress/psoc creator/2.1/psoc creator/import/gnu_cs/arm/4.4.1/bin/../lib/gcc/arm-none-eabi/4.4.1/../../../../arm-none-eabi/lib/thumb2\libc.a(lib_a-sbrkr.o)
                0x00007b48                _sbrk_r
 .text          0x00007b70      0x1dc c:/program files/cypress/psoc creator/2.1/psoc creator/import/gnu_cs/arm/4.4.1/bin/../lib/gcc/arm-none-eabi/4.4.1/../../../../arm-none-eabi/lib/thumb2\libc.a(lib_a-strcmp.o)
                0x00007b70                strcmp
 .text          0x00007d4c       0x60 c:/program files/cypress/psoc creator/2.1/psoc creator/import/gnu_cs/arm/4.4.1/bin/../lib/gcc/arm-none-eabi/4.4.1/../../../../arm-none-eabi/lib/thumb2\libc.a(lib_a-strlen.o)
                0x00007d4c                strlen
 .text          0x00007dac       0x5c c:/program files/cypress/psoc creator/2.1/psoc creator/import/gnu_cs/arm/4.4.1/bin/../lib/gcc/arm-none-eabi/4.4.1/../../../../arm-none-eabi/lib/thumb2\libc.a(lib_a-callocr.o)
                0x00007dac                _calloc_r
 .text          0x00007e08      0x278 c:/program files/cypress/psoc creator/2.1/psoc creator/import/gnu_cs/arm/4.4.1/bin/../lib/gcc/arm-none-eabi/4.4.1/thumb2\libgcc.a(_udivsi3.o)
                0x00007e08                __aeabi_uidiv
                0x00007e08                __udivsi3
                0x00008064                __aeabi_uidivmod
 .text          0x00008080        0x4 c:/program files/cypress/psoc creator/2.1/psoc creator/import/gnu_cs/arm/4.4.1/bin/../lib/gcc/arm-none-eabi/4.4.1/thumb2\libgcc.a(_dvmd_tls.o)
                0x00008080                __aeabi_idiv0
                0x00008080                __aeabi_ldiv0
 .text          0x00008084       0x2c c:/program files/cypress/psoc creator/2.1/psoc creator/import/gnu_cs/arm/4.4.1/bin/../lib/gcc/arm-none-eabi/4.4.1/thumb2\libgcc.a(_aeabi_uldivmod.o)
                0x00008084                __aeabi_uldivmod
 .text          0x000080b0       0x58 c:/program files/cypress/psoc creator/2.1/psoc creator/import/gnu_cs/arm/4.4.1/bin/../lib/gcc/arm-none-eabi/4.4.1/thumb2\libgcc.a(bpabi.o)
                0x000080b0                __gnu_uldivmod_helper
                0x000080dc                __gnu_ldivmod_helper
 .text          0x00008108      0x364 c:/program files/cypress/psoc creator/2.1/psoc creator/import/gnu_cs/arm/4.4.1/bin/../lib/gcc/arm-none-eabi/4.4.1/thumb2\libgcc.a(_divdi3.o)
                0x00008108                __divdi3
 .text          0x0000846c      0x300 c:/program files/cypress/psoc creator/2.1/psoc creator/import/gnu_cs/arm/4.4.1/bin/../lib/gcc/arm-none-eabi/4.4.1/thumb2\libgcc.a(_udivdi3.o)
                0x0000846c                __udivdi3
 .text          0x0000876c       0x30 c:/program files/cypress/psoc creator/2.1/psoc creator/import/gnu_cs/arm/4.4.1/bin/../lib/gcc/arm-none-eabi/4.4.1/../../../../arm-none-eabi/lib/thumb2\libcs3.a(start_c.o)
                0x0000876c                __cs3_premain
 .text          0x0000879c       0x44 c:/program files/cypress/psoc creator/2.1/psoc creator/import/gnu_cs/arm/4.4.1/bin/../lib/gcc/arm-none-eabi/4.4.1/../../../../arm-none-eabi/lib/thumb2\libcs3unhosted.a(unhosted-sbrk.o)
                0x0000879c                _sbrk
 .text          0x000087e0        0x2 c:/program files/cypress/psoc creator/2.1/psoc creator/import/gnu_cs/arm/4.4.1/bin/../lib/gcc/arm-none-eabi/4.4.1/../../../../arm-none-eabi/lib/thumb2\libcs3micro.a(micro_isr_interrupt.o)
                0x000087e0                __cs3_isr_external_24
                0x000087e0                __cs3_isr_external_9
                0x000087e0                __cs3_isr_external_14
                0x000087e0                __cs3_isr_reserved_9
                0x000087e0                __cs3_isr_external_4
                0x000087e0                __cs3_isr_external_21
                0x000087e0                __cs3_isr_external_0
                0x000087e0                __cs3_isr_external_27
                0x000087e0                __cs3_isr_external_11
                0x000087e0                __cs3_isr_usage_fault
                0x000087e0                __cs3_isr_svcall
                0x000087e0                __cs3_isr_external_3
                0x000087e0                __cs3_isr_mpu_fault
                0x000087e0                __cs3_isr_external_16
                0x000087e0                __cs3_isr_pendsv
                0x000087e0                __cs3_isr_external_31
                0x000087e0                __cs3_isr_nmi
                0x000087e0                __cs3_isr_external_5
                0x000087e0                __cs3_isr_external_6
                0x000087e0                __cs3_isr_external_12
                0x000087e0                __cs3_isr_hard_fault
                0x000087e0                __cs3_isr_bus_fault
                0x000087e0                __cs3_isr_external_1
                0x000087e0                __cs3_isr_external_13
                0x000087e0                __cs3_isr_external_30
                0x000087e0                __cs3_isr_external_23
                0x000087e0                __cs3_isr_external_20
                0x000087e0                __cs3_isr_debug
                0x000087e0                __cs3_isr_reserved_13
                0x000087e0                __cs3_isr_external_8
                0x000087e0                __cs3_isr_external_26
                0x000087e0                __cs3_isr_reserved_8
                0x000087e0                __cs3_isr_reserved_7
                0x000087e0                __cs3_isr_external_7
                0x000087e0                __cs3_isr_external_28
                0x000087e0                __cs3_isr_systick
                0x000087e0                __cs3_isr_external_22
                0x000087e0                __cs3_isr_external_10
                0x000087e0                __cs3_isr_external_15
                0x000087e0                __cs3_isr_interrupt
                0x000087e0                __cs3_isr_external_18
                0x000087e0                __cs3_isr_external_29
                0x000087e0                __cs3_isr_external_25
                0x000087e0                __cs3_isr_reserved_10
                0x000087e0                __cs3_isr_external_2
                0x000087e0                __cs3_isr_external_17
                0x000087e0                __cs3_isr_external_19
 *fill*         0x000087e2        0x2 00
 .text          0x000087e4        0xc c:/program files/cypress/psoc creator/2.1/psoc creator/import/gnu_cs/arm/4.4.1/bin/../lib/gcc/arm-none-eabi/4.4.1/../../../../arm-none-eabi/lib/thumb2\libc.a(lib_a-errno.o)
                0x000087e4                __errno
 .text          0x000087f0       0x50 c:/program files/cypress/psoc creator/2.1/psoc creator/import/gnu_cs/arm/4.4.1/bin/../lib/gcc/arm-none-eabi/4.4.1/../../../../arm-none-eabi/lib/thumb2\libc.a(lib_a-init.o)
                0x000087f0                __libc_init_array
 *(.plt)
 *(.gnu.warning)
 *(.glue_7t)
 .glue_7t       0x00000000        0x0 linker stubs
 *(.glue_7)
 .glue_7        0x00000000        0x0 linker stubs
 *(.vfp11_veneer)
 .vfp11_veneer  0x00000000        0x0 linker stubs
 *(.bootloader)
 *(.ARM.extab* .gnu.linkonce.armextab.*)
 *(.gcc_except_table)

.v4_bx          0x00008840        0x0
 .v4_bx         0x00000000        0x0 linker stubs

.eh_frame_hdr
 *(.eh_frame_hdr)

.eh_frame
 *(.eh_frame)
                0x00008840                PROVIDE (__exidx_start, .)

.ARM.exidx      0x00008840        0x8
 *(.ARM.exidx* .gnu.linkonce.armexidx.*)
 .ARM.exidx     0x00008840        0x8 c:/program files/cypress/psoc creator/2.1/psoc creator/import/gnu_cs/arm/4.4.1/bin/../lib/gcc/arm-none-eabi/4.4.1/thumb2\libgcc.a(_divdi3.o)
 .ARM.exidx     0x00008848        0x0 c:/program files/cypress/psoc creator/2.1/psoc creator/import/gnu_cs/arm/4.4.1/bin/../lib/gcc/arm-none-eabi/4.4.1/thumb2\libgcc.a(_udivdi3.o)
                                  0x8 (size before relaxing)
                0x00008848                __exidx_end = .

.rodata         0x00008848      0x2a8
 *(.rodata .rodata.* .gnu.linkonce.r.*)
 .rodata        0x00008848       0x2c .\CortexM3\ARM_GCC_441\Debug\main.o
 .rodata        0x00008874       0x10 .\CortexM3\ARM_GCC_441\Debug\cds.a(lcd.o)
                0x00008874                lcd_hex
 .rodata        0x00008884       0x4c .\CortexM3\ARM_GCC_441\Debug\cds.a(cyfitter_cfg.o)
                0x000088b0                amux_CYAMUXSIDE_A__addrTable
                0x000088c0                amux_CYAMUXSIDE_A__maskTable
                0x000088c4                amux_CYAMUXSIDE_B__addrTable
                0x000088cc                amux_CYAMUXSIDE_B__maskTable
 .rodata        0x000088d0       0x20 c:/program files/cypress/psoc creator/2.1/psoc creator/import/gnu_cs/arm/4.4.1/bin/../lib/gcc/arm-none-eabi/4.4.1/../../../../arm-none-eabi/lib/thumb2\libc.a(lib_a-svfprintf.o)
 .rodata.str1.4
                0x000088f0       0x42 c:/program files/cypress/psoc creator/2.1/psoc creator/import/gnu_cs/arm/4.4.1/bin/../lib/gcc/arm-none-eabi/4.4.1/../../../../arm-none-eabi/lib/thumb2\libc.a(lib_a-svfprintf.o)
                                 0x44 (size before relaxing)
 *fill*         0x00008932        0x2 00
 .rodata.str1.4
                0x00008934       0x10 c:/program files/cypress/psoc creator/2.1/psoc creator/import/gnu_cs/arm/4.4.1/bin/../lib/gcc/arm-none-eabi/4.4.1/../../../../arm-none-eabi/lib/thumb2\libc.a(lib_a-dtoa.o)
                                 0x14 (size before relaxing)
 .rodata.str1.4
                0x00008944        0x2 c:/program files/cypress/psoc creator/2.1/psoc creator/import/gnu_cs/arm/4.4.1/bin/../lib/gcc/arm-none-eabi/4.4.1/../../../../arm-none-eabi/lib/thumb2\libc.a(lib_a-impure.o)
                                  0x4 (size before relaxing)
 *fill*         0x00008946        0x2 00
 .rodata        0x00008948       0x34 c:/program files/cypress/psoc creator/2.1/psoc creator/import/gnu_cs/arm/4.4.1/bin/../lib/gcc/arm-none-eabi/4.4.1/../../../../arm-none-eabi/lib/thumb2\libc.a(lib_a-locale.o)
 .rodata.str1.4
                0x0000897c       0x10 c:/program files/cypress/psoc creator/2.1/psoc creator/import/gnu_cs/arm/4.4.1/bin/../lib/gcc/arm-none-eabi/4.4.1/../../../../arm-none-eabi/lib/thumb2\libc.a(lib_a-locale.o)
                                 0x18 (size before relaxing)
 *fill*         0x0000898c        0x4 00
 .rodata        0x00008990      0x128 c:/program files/cypress/psoc creator/2.1/psoc creator/import/gnu_cs/arm/4.4.1/bin/../lib/gcc/arm-none-eabi/4.4.1/../../../../arm-none-eabi/lib/thumb2\libc.a(lib_a-mprec.o)
                0x00008990                __mprec_tens
                0x00008a68                __mprec_bigtens
                0x00008a90                __mprec_tinytens
                0x00008ab8                . = ALIGN (0x4)
 *(.init)
 .init          0x00008ab8        0x4 c:/program files/cypress/psoc creator/2.1/psoc creator/import/gnu_cs/arm/4.4.1/bin/../lib/gcc/arm-none-eabi/4.4.1/thumb2/crti.o
                0x00008ab8                _init
 .init          0x00008abc        0x8 c:/program files/cypress/psoc creator/2.1/psoc creator/import/gnu_cs/arm/4.4.1/bin/../lib/gcc/arm-none-eabi/4.4.1/thumb2/crtn.o
                0x00008ac4                . = ALIGN (0x4)
                0x00008ac4                __preinit_array_start = .
 *(.preinit_array)
                0x00008ac4                __preinit_array_end = .
                0x00008ac4                . = ALIGN (0x4)
                0x00008ac4                __init_array_start = .
 *(SORT(.init_array.*))
 *(.init_array)
 .init_array    0x00008ac4        0x4 c:/program files/cypress/psoc creator/2.1/psoc creator/import/gnu_cs/arm/4.4.1/bin/../lib/gcc/arm-none-eabi/4.4.1/thumb2/crtbegin.o
 .init_array    0x00008ac8        0x4 .\CortexM3\ARM_GCC_441\Debug\Cm3Start.o
                0x00008acc                __init_array_end = .
                0x00008acc                . = ALIGN (0x4)
 *(.fini)
 .fini          0x00008acc        0x4 c:/program files/cypress/psoc creator/2.1/psoc creator/import/gnu_cs/arm/4.4.1/bin/../lib/gcc/arm-none-eabi/4.4.1/thumb2/crti.o
                0x00008acc                _fini
 .fini          0x00008ad0        0x8 c:/program files/cypress/psoc creator/2.1/psoc creator/import/gnu_cs/arm/4.4.1/bin/../lib/gcc/arm-none-eabi/4.4.1/thumb2/crtn.o
                0x00008ad8                . = ALIGN (0x4)
                0x00008ad8                __fini_array_start = .
 *(.fini_array)
 .fini_array    0x00008ad8        0x4 c:/program files/cypress/psoc creator/2.1/psoc creator/import/gnu_cs/arm/4.4.1/bin/../lib/gcc/arm-none-eabi/4.4.1/thumb2/crtbegin.o
 *(SORT(.fini_array.*))
                0x00008adc                __fini_array_end = .
                0x00008adc                . = ALIGN (0x4)
 *crtbegin.o(.ctors)
 *(EXCLUDE_FILE(*crtend.o) .ctors)
 *(SORT(.ctors.*))
 *crtend.o(.ctors)
                0x00008adc                . = ALIGN (0x4)
 *crtbegin.o(.dtors)
 *(EXCLUDE_FILE(*crtend.o) .dtors)
 *(SORT(.dtors.*))
 *crtend.o(.dtors)
                0x00008adc                . = ALIGN (0x4)
                0x00008adc                __cs3_regions = .
                0x00008adc        0x4 LONG 0x0
                0x00008ae0        0x4 LONG 0x8af0 __cs3_region_init_ram
                0x00008ae4        0x4 LONG 0x1fff8000 __cs3_region_start_ram
                0x00008ae8        0x4 LONG 0x638 __cs3_region_init_size_ram
                0x00008aec        0x4 LONG 0x88 __cs3_region_zero_size_ram
                0x00008af0                __cs3_regions_end = .
                0x00008af0                . = ALIGN (0x8)
                0x00008af0                _etext = .

.data           0x1fff8000      0x638 load address 0x00008af0
                0x1fff8000                __cs3_region_start_ram = .
 *(.cs3.region-head.ram)
                0x1fff8001                ASSERT ((. == __cs3_region_start_ram), .cs3.region-head.ram not permitted)
 *(.ramvectors)
 .ramvectors    0x1fff8000      0x100 .\CortexM3\ARM_GCC_441\Debug\Cm3Start.o
                0x1fff8000                CyRamVectors
 *(.jcr)
 .jcr           0x1fff8100        0x0 c:/program files/cypress/psoc creator/2.1/psoc creator/import/gnu_cs/arm/4.4.1/bin/../lib/gcc/arm-none-eabi/4.4.1/thumb2/crtbegin.o
 .jcr           0x1fff8100        0x4 c:/program files/cypress/psoc creator/2.1/psoc creator/import/gnu_cs/arm/4.4.1/bin/../lib/gcc/arm-none-eabi/4.4.1/thumb2/crtend.o
 *(.got.plt)
 *(.got)
 *(.shdata)
 *(.data .data.* .gnu.linkonce.d.*)
 .data          0x1fff8104       0x14 .\CortexM3\ARM_GCC_441\Debug\cds.a(adc.o)
                0x1fff8104                adc_Config
                0x1fff8108                adc_CountsPerVolt
 .data          0x1fff8118        0x1 .\CortexM3\ARM_GCC_441\Debug\cds.a(amux.o)
                0x1fff8118                amux_lastChannel
 *fill*         0x1fff8119        0x3 00
 .data          0x1fff811c       0x10 .\CortexM3\ARM_GCC_441\Debug\cds.a(CyLib.o)
                0x1fff811c                cydelay_freq_hz
                0x1fff8120                cydelay_freq_khz
                0x1fff8124                cydelay_freq_mhz
                0x1fff8128                cydelay_32k_ms
 .data          0x1fff812c       0xf4 c:/program files/cypress/psoc creator/2.1/psoc creator/import/gnu_cs/arm/4.4.1/bin/../lib/gcc/arm-none-eabi/4.4.1/../../../../arm-none-eabi/lib/thumb2\libc.a(lib_a-impure.o)
                0x1fff812c                _impure_ptr
 .data          0x1fff8220      0x410 c:/program files/cypress/psoc creator/2.1/psoc creator/import/gnu_cs/arm/4.4.1/bin/../lib/gcc/arm-none-eabi/4.4.1/../../../../arm-none-eabi/lib/thumb2\libc.a(lib_a-mallocr.o)
                0x1fff8220                __malloc_av_
                0x1fff8628                __malloc_sbrk_base
                0x1fff862c                __malloc_trim_threshold
 .data          0x1fff8630        0x4 c:/program files/cypress/psoc creator/2.1/psoc creator/import/gnu_cs/arm/4.4.1/bin/../lib/gcc/arm-none-eabi/4.4.1/../../../../arm-none-eabi/lib/thumb2\libcs3unhosted.a(unhosted-sbrk.o)
 .data          0x1fff8634        0x4 c:/program files/cypress/psoc creator/2.1/psoc creator/import/gnu_cs/arm/4.4.1/bin/../lib/gcc/arm-none-eabi/4.4.1/../../../../arm-none-eabi/lib/thumb2\libcs3.a(heap.o)
                0x1fff8634                __cs3_heap_limit
                0x1fff8638                . = ALIGN (0x8)
 *(.ram)
                0x1fff8638                _edata = .

.bss            0x1fff8638       0x88 load address 0x00009128
 *(.shbss)
 *(.bss .bss.* .gnu.linkonce.b.*)
 .bss           0x1fff8638        0x1 c:/program files/cypress/psoc creator/2.1/psoc creator/import/gnu_cs/arm/4.4.1/bin/../lib/gcc/arm-none-eabi/4.4.1/thumb2/crtbegin.o
 *fill*         0x1fff8639        0x3 00
 .bss           0x1fff863c        0xc .\CortexM3\ARM_GCC_441\Debug\cds.a(adc.o)
                0x1fff863c                adc_convDone
                0x1fff863d                adc_stopConversion
                0x1fff863e                adc_initVar
                0x1fff863f                adc_started
                0x1fff8640                adc_Offset
                0x1fff8644                adc_restoreReg
 .bss           0x1fff8648        0x2 .\CortexM3\ARM_GCC_441\Debug\cds.a(lcd.o)
                0x1fff8648                lcd_enableState
                0x1fff8649                lcd_initVar
 .bss           0x1fff864a        0x1 .\CortexM3\ARM_GCC_441\Debug\cds.a(i2c.o)
                0x1fff864a                i2c_initVar
 .bss           0x1fff864b        0x2 .\CortexM3\ARM_GCC_441\Debug\cds.a(i2c_INT.o)
 *fill*         0x1fff864d        0x3 00
 .bss           0x1fff8650       0x34 c:/program files/cypress/psoc creator/2.1/psoc creator/import/gnu_cs/arm/4.4.1/bin/../lib/gcc/arm-none-eabi/4.4.1/../../../../arm-none-eabi/lib/thumb2\libc.a(lib_a-mallocr.o)
                0x1fff8650                __malloc_top_pad
                0x1fff8654                __malloc_current_mallinfo
                0x1fff867c                __malloc_max_sbrked_mem
                0x1fff8680                __malloc_max_total_mem
 *(COMMON)
 COMMON         0x1fff8684       0x28 .\CortexM3\ARM_GCC_441\Debug\main.o
                0x1fff8684                iVout2
                0x1fff8688                iVcds_acc
                0x1fff868c                iVcds
                0x1fff8690                buff
                0x1fff86a4                iVout1
                0x1fff86a8                iVcds_curr
 COMMON         0x1fff86ac        0x1 .\CortexM3\ARM_GCC_441\Debug\cds.a(CyLib.o)
                0x1fff86ac                CyResetStatus
 *fill*         0x1fff86ad        0x3 00
 COMMON         0x1fff86b0        0xa .\CortexM3\ARM_GCC_441\Debug\cds.a(i2c_INT.o)
                0x1fff86b0                i2c_rwOffsetS1
                0x1fff86b1                i2c_wrProtectS1
                0x1fff86b2                i2c_curState
                0x1fff86b3                i2c_bufSizeS1
                0x1fff86b4                i2c_dataPtrS1
                0x1fff86b8                i2c_curStatus
                0x1fff86b9                i2c_rwIndexS1
 *fill*         0x1fff86ba        0x2 00
 COMMON         0x1fff86bc        0x4 c:/program files/cypress/psoc creator/2.1/psoc creator/import/gnu_cs/arm/4.4.1/bin/../lib/gcc/arm-none-eabi/4.4.1/../../../../arm-none-eabi/lib/thumb2\libc.a(lib_a-reent.o)
                0x1fff86bc                errno
                0x1fff86c0                . = ALIGN (0x8)
 *(.ram.b)
                0x1fff86c0                _end = .
                0x1fff86c0                __end = .
                0x20003000                __cs3_region_end_ram = (__cs3_region_start_ram + 0xb000)
                0x0000b000                __cs3_region_size_ram = 0xb000
                0x00008af0                __cs3_region_init_ram = LOADADDR (.data)
                0x00000638                __cs3_region_init_size_ram = (_edata - ADDR (.data))
                0x00000088                __cs3_region_zero_size_ram = (_end - _edata)

.stab
 *(.stab)

.stabstr
 *(.stabstr)

.debug
 *(.debug)

.line
 *(.line)

.debug_srcinfo
 *(.debug_srcinfo)

.debug_sfnames
 *(.debug_sfnames)

.comment        0x00000000      0x2db
 .comment       0x00000000       0x2b .\CortexM3\ARM_GCC_441\Debug\main.o
 .comment       0x0000002b       0x2b .\CortexM3\ARM_GCC_441\Debug\Cm3Start.o
 .comment       0x00000056       0x2b .\CortexM3\ARM_GCC_441\Debug\cds.a(adc.o)
 .comment       0x00000081       0x2b .\CortexM3\ARM_GCC_441\Debug\cds.a(adc_INT.o)
 .comment       0x000000ac       0x2b .\CortexM3\ARM_GCC_441\Debug\cds.a(amux.o)
 .comment       0x000000d7       0x2b .\CortexM3\ARM_GCC_441\Debug\cds.a(lcd.o)
 .comment       0x00000102       0x2b .\CortexM3\ARM_GCC_441\Debug\cds.a(adc_theACLK.o)
 .comment       0x0000012d       0x2b .\CortexM3\ARM_GCC_441\Debug\cds.a(adc_Ext_CP_Clk.o)
 .comment       0x00000158       0x2b .\CortexM3\ARM_GCC_441\Debug\cds.a(CyLib.o)
 .comment       0x00000183       0x2b .\CortexM3\ARM_GCC_441\Debug\cds.a(cyPm.o)
 .comment       0x000001ae       0x2b .\CortexM3\ARM_GCC_441\Debug\cds.a(i2c.o)
 .comment       0x000001d9       0x2b .\CortexM3\ARM_GCC_441\Debug\cds.a(i2c_INT.o)
 .comment       0x00000204       0x2b .\CortexM3\ARM_GCC_441\Debug\cds.a(led.o)
 .comment       0x0000022f       0x2b .\CortexM3\ARM_GCC_441\Debug\cds.a(cyfitter_cfg.o)
 .comment       0x0000025a       0x2b .\CortexM3\ARM_GCC_441\Debug\cds.a(CyFlash.o)
 .comment       0x00000285       0x2b .\CortexM3\ARM_GCC_441\Debug\cds.a(CySpc.o)
 .comment       0x000002b0       0x2b .\CortexM3\ARM_GCC_441\Debug\cds.a(cyutils.o)

.debug_aranges  0x00000000      0x870
 *(.debug_aranges)
 .debug_aranges
                0x00000000       0x20 .\CortexM3\ARM_GCC_441\Debug\main.o
 .debug_aranges
                0x00000020       0x30 .\CortexM3\ARM_GCC_441\Debug\Cm3Start.o
 .debug_aranges
                0x00000050      0x100 .\CortexM3\ARM_GCC_441\Debug\cds.a(adc.o)
 .debug_aranges
                0x00000150       0x38 .\CortexM3\ARM_GCC_441\Debug\cds.a(adc_INT.o)
 .debug_aranges
                0x00000188       0x40 .\CortexM3\ARM_GCC_441\Debug\cds.a(amux.o)
 .debug_aranges
                0x000001c8       0x90 .\CortexM3\ARM_GCC_441\Debug\cds.a(lcd.o)
 .debug_aranges
                0x00000258       0x78 .\CortexM3\ARM_GCC_441\Debug\cds.a(adc_theACLK.o)
 .debug_aranges
                0x000002d0       0x68 .\CortexM3\ARM_GCC_441\Debug\cds.a(adc_Ext_CP_Clk.o)
 .debug_aranges
                0x00000338      0x200 .\CortexM3\ARM_GCC_441\Debug\cds.a(CyLib.o)
 .debug_aranges
                0x00000538       0xb8 .\CortexM3\ARM_GCC_441\Debug\cds.a(cyPm.o)
 .debug_aranges
                0x000005f0       0x78 .\CortexM3\ARM_GCC_441\Debug\cds.a(i2c.o)
 .debug_aranges
                0x00000668       0x20 .\CortexM3\ARM_GCC_441\Debug\cds.a(i2c_INT.o)
 .debug_aranges
                0x00000688       0x38 .\CortexM3\ARM_GCC_441\Debug\cds.a(led.o)
 .debug_aranges
                0x000006c0       0x78 .\CortexM3\ARM_GCC_441\Debug\cds.a(cyfitter_cfg.o)
 .debug_aranges
                0x00000738       0x20 .\CortexM3\ARM_GCC_441\Debug\cds.a(CyBootAsmGnu.o)
 .debug_aranges
                0x00000758       0x68 .\CortexM3\ARM_GCC_441\Debug\cds.a(CyFlash.o)
 .debug_aranges
                0x000007c0       0x90 .\CortexM3\ARM_GCC_441\Debug\cds.a(CySpc.o)
 .debug_aranges
                0x00000850       0x20 .\CortexM3\ARM_GCC_441\Debug\cds.a(cyutils.o)

.debug_pubnames
                0x00000000     0x1430
 *(.debug_pubnames)
 .debug_pubnames
                0x00000000       0x61 .\CortexM3\ARM_GCC_441\Debug\main.o
 .debug_pubnames
                0x00000061       0x57 .\CortexM3\ARM_GCC_441\Debug\Cm3Start.o
 .debug_pubnames
                0x000000b8      0x2ef .\CortexM3\ARM_GCC_441\Debug\cds.a(adc.o)
 .debug_pubnames
                0x000003a7       0x46 .\CortexM3\ARM_GCC_441\Debug\cds.a(adc_INT.o)
 .debug_pubnames
                0x000003ed       0x7f .\CortexM3\ARM_GCC_441\Debug\cds.a(amux.o)
 .debug_pubnames
                0x0000046c      0x14d .\CortexM3\ARM_GCC_441\Debug\cds.a(lcd.o)
 .debug_pubnames
                0x000005b9      0x188 .\CortexM3\ARM_GCC_441\Debug\cds.a(adc_theACLK.o)
 .debug_pubnames
                0x00000741      0x164 .\CortexM3\ARM_GCC_441\Debug\cds.a(adc_Ext_CP_Clk.o)
 .debug_pubnames
                0x000008a5      0x558 .\CortexM3\ARM_GCC_441\Debug\cds.a(CyLib.o)
 .debug_pubnames
                0x00000dfd       0xbb .\CortexM3\ARM_GCC_441\Debug\cds.a(cyPm.o)
 .debug_pubnames
                0x00000eb8      0x100 .\CortexM3\ARM_GCC_441\Debug\cds.a(i2c.o)
 .debug_pubnames
                0x00000fb8       0x9e .\CortexM3\ARM_GCC_441\Debug\cds.a(i2c_INT.o)
 .debug_pubnames
                0x00001056       0x56 .\CortexM3\ARM_GCC_441\Debug\cds.a(led.o)
 .debug_pubnames
                0x000010ac      0x142 .\CortexM3\ARM_GCC_441\Debug\cds.a(cyfitter_cfg.o)
 .debug_pubnames
                0x000011ee       0xf0 .\CortexM3\ARM_GCC_441\Debug\cds.a(CyFlash.o)
 .debug_pubnames
                0x000012de      0x131 .\CortexM3\ARM_GCC_441\Debug\cds.a(CySpc.o)
 .debug_pubnames
                0x0000140f       0x21 .\CortexM3\ARM_GCC_441\Debug\cds.a(cyutils.o)

.debug_info     0x00000000     0x3b57
 *(.debug_info .gnu.linkonce.wi.*)
 .debug_info    0x00000000      0x1b1 .\CortexM3\ARM_GCC_441\Debug\main.o
 .debug_info    0x000001b1      0x127 .\CortexM3\ARM_GCC_441\Debug\Cm3Start.o
 .debug_info    0x000002d8      0x813 .\CortexM3\ARM_GCC_441\Debug\cds.a(adc.o)
 .debug_info    0x00000aeb       0xce .\CortexM3\ARM_GCC_441\Debug\cds.a(adc_INT.o)
 .debug_info    0x00000bb9      0x15c .\CortexM3\ARM_GCC_441\Debug\cds.a(amux.o)
 .debug_info    0x00000d15      0x39e .\CortexM3\ARM_GCC_441\Debug\cds.a(lcd.o)
 .debug_info    0x000010b3      0x26d .\CortexM3\ARM_GCC_441\Debug\cds.a(adc_theACLK.o)
 .debug_info    0x00001320      0x229 .\CortexM3\ARM_GCC_441\Debug\cds.a(adc_Ext_CP_Clk.o)
 .debug_info    0x00001549      0xc87 .\CortexM3\ARM_GCC_441\Debug\cds.a(CyLib.o)
 .debug_info    0x000021d0      0x632 .\CortexM3\ARM_GCC_441\Debug\cds.a(cyPm.o)
 .debug_info    0x00002802      0x2ad .\CortexM3\ARM_GCC_441\Debug\cds.a(i2c.o)
 .debug_info    0x00002aaf      0x147 .\CortexM3\ARM_GCC_441\Debug\cds.a(i2c_INT.o)
 .debug_info    0x00002bf6      0x112 .\CortexM3\ARM_GCC_441\Debug\cds.a(led.o)
 .debug_info    0x00002d08      0x49e .\CortexM3\ARM_GCC_441\Debug\cds.a(cyfitter_cfg.o)
 .debug_info    0x000031a6       0x88 .\CortexM3\ARM_GCC_441\Debug\cds.a(CyBootAsmGnu.o)
 .debug_info    0x0000322e      0x2e4 .\CortexM3\ARM_GCC_441\Debug\cds.a(CyFlash.o)
 .debug_info    0x00003512      0x577 .\CortexM3\ARM_GCC_441\Debug\cds.a(CySpc.o)
 .debug_info    0x00003a89       0xce .\CortexM3\ARM_GCC_441\Debug\cds.a(cyutils.o)

.debug_abbrev   0x00000000      0xf59
 *(.debug_abbrev)
 .debug_abbrev  0x00000000       0xb7 .\CortexM3\ARM_GCC_441\Debug\main.o
 .debug_abbrev  0x000000b7       0xe3 .\CortexM3\ARM_GCC_441\Debug\Cm3Start.o
 .debug_abbrev  0x0000019a      0x125 .\CortexM3\ARM_GCC_441\Debug\cds.a(adc.o)
 .debug_abbrev  0x000002bf       0x4a .\CortexM3\ARM_GCC_441\Debug\cds.a(adc_INT.o)
 .debug_abbrev  0x00000309       0x7f .\CortexM3\ARM_GCC_441\Debug\cds.a(amux.o)
 .debug_abbrev  0x00000388      0x103 .\CortexM3\ARM_GCC_441\Debug\cds.a(lcd.o)
 .debug_abbrev  0x0000048b       0xcf .\CortexM3\ARM_GCC_441\Debug\cds.a(adc_theACLK.o)
 .debug_abbrev  0x0000055a       0xcf .\CortexM3\ARM_GCC_441\Debug\cds.a(adc_Ext_CP_Clk.o)
 .debug_abbrev  0x00000629      0x172 .\CortexM3\ARM_GCC_441\Debug\cds.a(CyLib.o)
 .debug_abbrev  0x0000079b      0x137 .\CortexM3\ARM_GCC_441\Debug\cds.a(cyPm.o)
 .debug_abbrev  0x000008d2      0x130 .\CortexM3\ARM_GCC_441\Debug\cds.a(i2c.o)
 .debug_abbrev  0x00000a02       0x80 .\CortexM3\ARM_GCC_441\Debug\cds.a(i2c_INT.o)
 .debug_abbrev  0x00000a82       0x85 .\CortexM3\ARM_GCC_441\Debug\cds.a(led.o)
 .debug_abbrev  0x00000b07      0x16c .\CortexM3\ARM_GCC_441\Debug\cds.a(cyfitter_cfg.o)
 .debug_abbrev  0x00000c73       0x14 .\CortexM3\ARM_GCC_441\Debug\cds.a(CyBootAsmGnu.o)
 .debug_abbrev  0x00000c87      0x12a .\CortexM3\ARM_GCC_441\Debug\cds.a(CyFlash.o)
 .debug_abbrev  0x00000db1      0x139 .\CortexM3\ARM_GCC_441\Debug\cds.a(CySpc.o)
 .debug_abbrev  0x00000eea       0x6f .\CortexM3\ARM_GCC_441\Debug\cds.a(cyutils.o)

.debug_line     0x00000000     0x1ec6
 *(.debug_line)
 .debug_line    0x00000000       0xb1 .\CortexM3\ARM_GCC_441\Debug\main.o
 .debug_line    0x000000b1       0xcd .\CortexM3\ARM_GCC_441\Debug\Cm3Start.o
 .debug_line    0x0000017e      0x424 .\CortexM3\ARM_GCC_441\Debug\cds.a(adc.o)
 .debug_line    0x000005a2       0x8e .\CortexM3\ARM_GCC_441\Debug\cds.a(adc_INT.o)
 .debug_line    0x00000630       0xd0 .\CortexM3\ARM_GCC_441\Debug\cds.a(amux.o)
 .debug_line    0x00000700      0x1d8 .\CortexM3\ARM_GCC_441\Debug\cds.a(lcd.o)
 .debug_line    0x000008d8      0x180 .\CortexM3\ARM_GCC_441\Debug\cds.a(adc_theACLK.o)
 .debug_line    0x00000a58      0x15f .\CortexM3\ARM_GCC_441\Debug\cds.a(adc_Ext_CP_Clk.o)
 .debug_line    0x00000bb7      0x604 .\CortexM3\ARM_GCC_441\Debug\cds.a(CyLib.o)
 .debug_line    0x000011bb      0x3f0 .\CortexM3\ARM_GCC_441\Debug\cds.a(cyPm.o)
 .debug_line    0x000015ab      0x175 .\CortexM3\ARM_GCC_441\Debug\cds.a(i2c.o)
 .debug_line    0x00001720       0xcf .\CortexM3\ARM_GCC_441\Debug\cds.a(i2c_INT.o)
 .debug_line    0x000017ef       0xae .\CortexM3\ARM_GCC_441\Debug\cds.a(led.o)
 .debug_line    0x0000189d      0x1b8 .\CortexM3\ARM_GCC_441\Debug\cds.a(cyfitter_cfg.o)
 .debug_line    0x00001a55       0x67 .\CortexM3\ARM_GCC_441\Debug\cds.a(CyBootAsmGnu.o)
 .debug_line    0x00001abc      0x16b .\CortexM3\ARM_GCC_441\Debug\cds.a(CyFlash.o)
 .debug_line    0x00001c27      0x21e .\CortexM3\ARM_GCC_441\Debug\cds.a(CySpc.o)
 .debug_line    0x00001e45       0x81 .\CortexM3\ARM_GCC_441\Debug\cds.a(cyutils.o)

.debug_frame    0x00000000     0x2260
 *(.debug_frame)
 .debug_frame   0x00000000       0x38 .\CortexM3\ARM_GCC_441\Debug\main.o
 .debug_frame   0x00000038       0x5c .\CortexM3\ARM_GCC_441\Debug\Cm3Start.o
 .debug_frame   0x00000094      0x358 .\CortexM3\ARM_GCC_441\Debug\cds.a(adc.o)
 .debug_frame   0x000003ec       0x80 .\CortexM3\ARM_GCC_441\Debug\cds.a(adc_INT.o)
 .debug_frame   0x0000046c       0xb0 .\CortexM3\ARM_GCC_441\Debug\cds.a(amux.o)
 .debug_frame   0x0000051c      0x1e0 .\CortexM3\ARM_GCC_441\Debug\cds.a(lcd.o)
 .debug_frame   0x000006fc      0x168 .\CortexM3\ARM_GCC_441\Debug\cds.a(adc_theACLK.o)
 .debug_frame   0x00000864      0x130 .\CortexM3\ARM_GCC_441\Debug\cds.a(adc_Ext_CP_Clk.o)
 .debug_frame   0x00000994      0x730 .\CortexM3\ARM_GCC_441\Debug\cds.a(CyLib.o)
 .debug_frame   0x000010c4      0x25c .\CortexM3\ARM_GCC_441\Debug\cds.a(cyPm.o)
 .debug_frame   0x00001320      0x168 .\CortexM3\ARM_GCC_441\Debug\cds.a(i2c.o)
 .debug_frame   0x00001488       0x2c .\CortexM3\ARM_GCC_441\Debug\cds.a(i2c_INT.o)
 .debug_frame   0x000014b4       0x80 .\CortexM3\ARM_GCC_441\Debug\cds.a(led.o)
 .debug_frame   0x00001534      0x168 .\CortexM3\ARM_GCC_441\Debug\cds.a(cyfitter_cfg.o)
 .debug_frame   0x0000169c      0x13c .\CortexM3\ARM_GCC_441\Debug\cds.a(CyFlash.o)
 .debug_frame   0x000017d8      0x1c8 .\CortexM3\ARM_GCC_441\Debug\cds.a(CySpc.o)
 .debug_frame   0x000019a0       0x2c .\CortexM3\ARM_GCC_441\Debug\cds.a(cyutils.o)
 .debug_frame   0x000019cc       0x34 c:/program files/cypress/psoc creator/2.1/psoc creator/import/gnu_cs/arm/4.4.1/bin/../lib/gcc/arm-none-eabi/4.4.1/../../../../arm-none-eabi/lib/thumb2\libc.a(lib_a-memcpy.o)
 .debug_frame   0x00001a00       0x28 c:/program files/cypress/psoc creator/2.1/psoc creator/import/gnu_cs/arm/4.4.1/bin/../lib/gcc/arm-none-eabi/4.4.1/../../../../arm-none-eabi/lib/thumb2\libc.a(lib_a-memset.o)
 .debug_frame   0x00001a28       0x5c c:/program files/cypress/psoc creator/2.1/psoc creator/import/gnu_cs/arm/4.4.1/bin/../lib/gcc/arm-none-eabi/4.4.1/../../../../arm-none-eabi/lib/thumb2\libc.a(lib_a-sprintf.o)
 .debug_frame   0x00001a84       0x68 c:/program files/cypress/psoc creator/2.1/psoc creator/import/gnu_cs/arm/4.4.1/bin/../lib/gcc/arm-none-eabi/4.4.1/../../../../arm-none-eabi/lib/thumb2\libc.a(lib_a-svfprintf.o)
 .debug_frame   0x00001aec       0x64 c:/program files/cypress/psoc creator/2.1/psoc creator/import/gnu_cs/arm/4.4.1/bin/../lib/gcc/arm-none-eabi/4.4.1/../../../../arm-none-eabi/lib/thumb2\libc.a(lib_a-dtoa.o)
 .debug_frame   0x00001b50       0x50 c:/program files/cypress/psoc creator/2.1/psoc creator/import/gnu_cs/arm/4.4.1/bin/../lib/gcc/arm-none-eabi/4.4.1/../../../../arm-none-eabi/lib/thumb2\libc.a(lib_a-freer.o)
 .debug_frame   0x00001ba0       0x6c c:/program files/cypress/psoc creator/2.1/psoc creator/import/gnu_cs/arm/4.4.1/bin/../lib/gcc/arm-none-eabi/4.4.1/../../../../arm-none-eabi/lib/thumb2\libc.a(lib_a-locale.o)
 .debug_frame   0x00001c0c       0x30 c:/program files/cypress/psoc creator/2.1/psoc creator/import/gnu_cs/arm/4.4.1/bin/../lib/gcc/arm-none-eabi/4.4.1/../../../../arm-none-eabi/lib/thumb2\libc.a(lib_a-malloc.o)
 .debug_frame   0x00001c3c       0x3c c:/program files/cypress/psoc creator/2.1/psoc creator/import/gnu_cs/arm/4.4.1/bin/../lib/gcc/arm-none-eabi/4.4.1/../../../../arm-none-eabi/lib/thumb2\libc.a(lib_a-mallocr.o)
 .debug_frame   0x00001c78       0x28 c:/program files/cypress/psoc creator/2.1/psoc creator/import/gnu_cs/arm/4.4.1/bin/../lib/gcc/arm-none-eabi/4.4.1/../../../../arm-none-eabi/lib/thumb2\libc.a(lib_a-memchr.o)
 .debug_frame   0x00001ca0       0x2c c:/program files/cypress/psoc creator/2.1/psoc creator/import/gnu_cs/arm/4.4.1/bin/../lib/gcc/arm-none-eabi/4.4.1/../../../../arm-none-eabi/lib/thumb2\libc.a(lib_a-memmove.o)
 .debug_frame   0x00001ccc       0x30 c:/program files/cypress/psoc creator/2.1/psoc creator/import/gnu_cs/arm/4.4.1/bin/../lib/gcc/arm-none-eabi/4.4.1/../../../../arm-none-eabi/lib/thumb2\libc.a(lib_a-mlock.o)
 .debug_frame   0x00001cfc      0x240 c:/program files/cypress/psoc creator/2.1/psoc creator/import/gnu_cs/arm/4.4.1/bin/../lib/gcc/arm-none-eabi/4.4.1/../../../../arm-none-eabi/lib/thumb2\libc.a(lib_a-mprec.o)
 .debug_frame   0x00001f3c       0x3c c:/program files/cypress/psoc creator/2.1/psoc creator/import/gnu_cs/arm/4.4.1/bin/../lib/gcc/arm-none-eabi/4.4.1/../../../../arm-none-eabi/lib/thumb2\libc.a(lib_a-reallocr.o)
 .debug_frame   0x00001f78       0x20 c:/program files/cypress/psoc creator/2.1/psoc creator/import/gnu_cs/arm/4.4.1/bin/../lib/gcc/arm-none-eabi/4.4.1/../../../../arm-none-eabi/lib/thumb2\libc.a(lib_a-s_isinfd.o)
 .debug_frame   0x00001f98       0x20 c:/program files/cypress/psoc creator/2.1/psoc creator/import/gnu_cs/arm/4.4.1/bin/../lib/gcc/arm-none-eabi/4.4.1/../../../../arm-none-eabi/lib/thumb2\libc.a(lib_a-s_isnand.o)
 .debug_frame   0x00001fb8       0x2c c:/program files/cypress/psoc creator/2.1/psoc creator/import/gnu_cs/arm/4.4.1/bin/../lib/gcc/arm-none-eabi/4.4.1/../../../../arm-none-eabi/lib/thumb2\libc.a(lib_a-sbrkr.o)
 .debug_frame   0x00001fe4       0x30 c:/program files/cypress/psoc creator/2.1/psoc creator/import/gnu_cs/arm/4.4.1/bin/../lib/gcc/arm-none-eabi/4.4.1/../../../../arm-none-eabi/lib/thumb2\libc.a(lib_a-strcmp.o)
 .debug_frame   0x00002014       0x20 c:/program files/cypress/psoc creator/2.1/psoc creator/import/gnu_cs/arm/4.4.1/bin/../lib/gcc/arm-none-eabi/4.4.1/../../../../arm-none-eabi/lib/thumb2\libc.a(lib_a-strlen.o)
 .debug_frame   0x00002034       0x2c c:/program files/cypress/psoc creator/2.1/psoc creator/import/gnu_cs/arm/4.4.1/bin/../lib/gcc/arm-none-eabi/4.4.1/../../../../arm-none-eabi/lib/thumb2\libc.a(lib_a-callocr.o)
 .debug_frame   0x00002060       0x64 c:/program files/cypress/psoc creator/2.1/psoc creator/import/gnu_cs/arm/4.4.1/bin/../lib/gcc/arm-none-eabi/4.4.1/../../../../arm-none-eabi/lib/thumb2\libc.a(lib_a-reent.o)
 .debug_frame   0x000020c4       0x20 c:/program files/cypress/psoc creator/2.1/psoc creator/import/gnu_cs/arm/4.4.1/bin/../lib/gcc/arm-none-eabi/4.4.1/thumb2\libgcc.a(_udivsi3.o)
 .debug_frame   0x000020e4       0x50 c:/program files/cypress/psoc creator/2.1/psoc creator/import/gnu_cs/arm/4.4.1/bin/../lib/gcc/arm-none-eabi/4.4.1/thumb2\libgcc.a(bpabi.o)
 .debug_frame   0x00002134       0x3c c:/program files/cypress/psoc creator/2.1/psoc creator/import/gnu_cs/arm/4.4.1/bin/../lib/gcc/arm-none-eabi/4.4.1/thumb2\libgcc.a(_divdi3.o)
 .debug_frame   0x00002170       0x3c c:/program files/cypress/psoc creator/2.1/psoc creator/import/gnu_cs/arm/4.4.1/bin/../lib/gcc/arm-none-eabi/4.4.1/thumb2\libgcc.a(_udivdi3.o)
 .debug_frame   0x000021ac       0x40 c:/program files/cypress/psoc creator/2.1/psoc creator/import/gnu_cs/arm/4.4.1/bin/../lib/gcc/arm-none-eabi/4.4.1/../../../../arm-none-eabi/lib/thumb2\libcs3.a(start_c.o)
 .debug_frame   0x000021ec       0x28 c:/program files/cypress/psoc creator/2.1/psoc creator/import/gnu_cs/arm/4.4.1/bin/../lib/gcc/arm-none-eabi/4.4.1/../../../../arm-none-eabi/lib/thumb2\libcs3unhosted.a(unhosted-sbrk.o)
 .debug_frame   0x00002214       0x20 c:/program files/cypress/psoc creator/2.1/psoc creator/import/gnu_cs/arm/4.4.1/bin/../lib/gcc/arm-none-eabi/4.4.1/../../../../arm-none-eabi/lib/thumb2\libc.a(lib_a-errno.o)
 .debug_frame   0x00002234       0x2c c:/program files/cypress/psoc creator/2.1/psoc creator/import/gnu_cs/arm/4.4.1/bin/../lib/gcc/arm-none-eabi/4.4.1/../../../../arm-none-eabi/lib/thumb2\libc.a(lib_a-init.o)

.debug_str      0x00000000     0x1b69
 *(.debug_str)
 .debug_str     0x00000000      0x111 .\CortexM3\ARM_GCC_441\Debug\main.o
                                0x150 (size before relaxing)
 .debug_str     0x00000111       0x8b .\CortexM3\ARM_GCC_441\Debug\Cm3Start.o
                                0x163 (size before relaxing)
 .debug_str     0x0000019c      0x453 .\CortexM3\ARM_GCC_441\Debug\cds.a(adc.o)
                                0x565 (size before relaxing)
 .debug_str     0x000005ef       0x47 .\CortexM3\ARM_GCC_441\Debug\cds.a(adc_INT.o)
                                0x113 (size before relaxing)
 .debug_str     0x00000636       0x82 .\CortexM3\ARM_GCC_441\Debug\cds.a(amux.o)
                                0x154 (size before relaxing)
 .debug_str     0x000006b8      0x169 .\CortexM3\ARM_GCC_441\Debug\cds.a(lcd.o)
                                0x24e (size before relaxing)
 .debug_str     0x00000821      0x1bd .\CortexM3\ARM_GCC_441\Debug\cds.a(adc_theACLK.o)
                                0x2a4 (size before relaxing)
 .debug_str     0x000009de      0x154 .\CortexM3\ARM_GCC_441\Debug\cds.a(adc_Ext_CP_Clk.o)
                                0x282 (size before relaxing)
 .debug_str     0x00000b32      0x600 .\CortexM3\ARM_GCC_441\Debug\cds.a(CyLib.o)
                                0x72c (size before relaxing)
 .debug_str     0x00001132      0x3b4 .\CortexM3\ARM_GCC_441\Debug\cds.a(cyPm.o)
                                0x4aa (size before relaxing)
 .debug_str     0x000014e6      0x15e .\CortexM3\ARM_GCC_441\Debug\cds.a(i2c.o)
                                0x258 (size before relaxing)
 .debug_str     0x00001644       0x37 .\CortexM3\ARM_GCC_441\Debug\cds.a(i2c_INT.o)
                                0x16d (size before relaxing)
 .debug_str     0x0000167b       0x5e .\CortexM3\ARM_GCC_441\Debug\cds.a(led.o)
                                0x13b (size before relaxing)
 .debug_str     0x000016d9      0x1dd .\CortexM3\ARM_GCC_441\Debug\cds.a(cyfitter_cfg.o)
                                0x2f0 (size before relaxing)
 .debug_str     0x000018b6      0x113 .\CortexM3\ARM_GCC_441\Debug\cds.a(CyFlash.o)
                                0x215 (size before relaxing)
 .debug_str     0x000019c9      0x172 .\CortexM3\ARM_GCC_441\Debug\cds.a(CySpc.o)
                                0x27e (size before relaxing)
 .debug_str     0x00001b3b       0x2e .\CortexM3\ARM_GCC_441\Debug\cds.a(cyutils.o)
                                0x112 (size before relaxing)

.debug_loc      0x00000000     0x2a6a
 *(.debug_loc)
 .debug_loc     0x00000000       0x37 .\CortexM3\ARM_GCC_441\Debug\main.o
 .debug_loc     0x00000037       0x62 .\CortexM3\ARM_GCC_441\Debug\Cm3Start.o
 .debug_loc     0x00000099      0x5b7 .\CortexM3\ARM_GCC_441\Debug\cds.a(adc.o)
 .debug_loc     0x00000650       0xac .\CortexM3\ARM_GCC_441\Debug\cds.a(adc_INT.o)
 .debug_loc     0x000006fc      0x113 .\CortexM3\ARM_GCC_441\Debug\cds.a(amux.o)
 .debug_loc     0x0000080f      0x309 .\CortexM3\ARM_GCC_441\Debug\cds.a(lcd.o)
 .debug_loc     0x00000b18      0x24c .\CortexM3\ARM_GCC_441\Debug\cds.a(adc_theACLK.o)
 .debug_loc     0x00000d64      0x1ea .\CortexM3\ARM_GCC_441\Debug\cds.a(adc_Ext_CP_Clk.o)
 .debug_loc     0x00000f4e      0xc43 .\CortexM3\ARM_GCC_441\Debug\cds.a(CyLib.o)
 .debug_loc     0x00001b91      0x3b0 .\CortexM3\ARM_GCC_441\Debug\cds.a(cyPm.o)
 .debug_loc     0x00001f41      0x24c .\CortexM3\ARM_GCC_441\Debug\cds.a(i2c.o)
 .debug_loc     0x0000218d       0x2b .\CortexM3\ARM_GCC_441\Debug\cds.a(i2c_INT.o)
 .debug_loc     0x000021b8       0xc4 .\CortexM3\ARM_GCC_441\Debug\cds.a(led.o)
 .debug_loc     0x0000227c      0x288 .\CortexM3\ARM_GCC_441\Debug\cds.a(cyfitter_cfg.o)
 .debug_loc     0x00002504      0x1f6 .\CortexM3\ARM_GCC_441\Debug\cds.a(CyFlash.o)
 .debug_loc     0x000026fa      0x339 .\CortexM3\ARM_GCC_441\Debug\cds.a(CySpc.o)
 .debug_loc     0x00002a33       0x37 .\CortexM3\ARM_GCC_441\Debug\cds.a(cyutils.o)

.debug_macinfo
 *(.debug_macinfo)

.debug_ranges   0x00000000      0x7e0
 *(.debug_ranges)
 .debug_ranges  0x00000000       0x30 .\CortexM3\ARM_GCC_441\Debug\main.o
 .debug_ranges  0x00000030       0x28 .\CortexM3\ARM_GCC_441\Debug\Cm3Start.o
 .debug_ranges  0x00000058       0xf8 .\CortexM3\ARM_GCC_441\Debug\cds.a(adc.o)
 .debug_ranges  0x00000150       0x30 .\CortexM3\ARM_GCC_441\Debug\cds.a(adc_INT.o)
 .debug_ranges  0x00000180       0x38 .\CortexM3\ARM_GCC_441\Debug\cds.a(amux.o)
 .debug_ranges  0x000001b8       0x88 .\CortexM3\ARM_GCC_441\Debug\cds.a(lcd.o)
 .debug_ranges  0x00000240       0x70 .\CortexM3\ARM_GCC_441\Debug\cds.a(adc_theACLK.o)
 .debug_ranges  0x000002b0       0x60 .\CortexM3\ARM_GCC_441\Debug\cds.a(adc_Ext_CP_Clk.o)
 .debug_ranges  0x00000310      0x1f8 .\CortexM3\ARM_GCC_441\Debug\cds.a(CyLib.o)
 .debug_ranges  0x00000508       0xb0 .\CortexM3\ARM_GCC_441\Debug\cds.a(cyPm.o)
 .debug_ranges  0x000005b8       0x70 .\CortexM3\ARM_GCC_441\Debug\cds.a(i2c.o)
 .debug_ranges  0x00000628       0x18 .\CortexM3\ARM_GCC_441\Debug\cds.a(i2c_INT.o)
 .debug_ranges  0x00000640       0x30 .\CortexM3\ARM_GCC_441\Debug\cds.a(led.o)
 .debug_ranges  0x00000670       0x70 .\CortexM3\ARM_GCC_441\Debug\cds.a(cyfitter_cfg.o)
 .debug_ranges  0x000006e0       0x60 .\CortexM3\ARM_GCC_441\Debug\cds.a(CyFlash.o)
 .debug_ranges  0x00000740       0x88 .\CortexM3\ARM_GCC_441\Debug\cds.a(CySpc.o)
 .debug_ranges  0x000007c8       0x18 .\CortexM3\ARM_GCC_441\Debug\cds.a(cyutils.o)

.debug_weaknames
 *(.debug_weaknames)

.debug_funcnames
 *(.debug_funcnames)

.debug_typenames
 *(.debug_typenames)

.debug_varnames
 *(.debug_varnames)

.note.gnu.arm.ident
 *(.note.gnu.arm.ident)

.ARM.attributes
                0x00000000       0x25
 *(.ARM.attributes)
 .ARM.attributes
                0x00000000       0x19 c:/program files/cypress/psoc creator/2.1/psoc creator/import/gnu_cs/arm/4.4.1/bin/../lib/gcc/arm-none-eabi/4.4.1/thumb2/crti.o
 .ARM.attributes
                0x00000019       0x29 c:/program files/cypress/psoc creator/2.1/psoc creator/import/gnu_cs/arm/4.4.1/bin/../lib/gcc/arm-none-eabi/4.4.1/thumb2/crtbegin.o
 .ARM.attributes
                0x00000042       0x31 .\CortexM3\ARM_GCC_441\Debug\main.o
 .ARM.attributes
                0x00000073       0x31 .\CortexM3\ARM_GCC_441\Debug\Cm3Start.o
 .ARM.attributes
                0x000000a4       0x31 .\CortexM3\ARM_GCC_441\Debug\cds.a(adc.o)
 .ARM.attributes
                0x000000d5       0x31 .\CortexM3\ARM_GCC_441\Debug\cds.a(adc_INT.o)
 .ARM.attributes
                0x00000106       0x31 .\CortexM3\ARM_GCC_441\Debug\cds.a(amux.o)
 .ARM.attributes
                0x00000137       0x31 .\CortexM3\ARM_GCC_441\Debug\cds.a(lcd.o)
 .ARM.attributes
                0x00000168       0x31 .\CortexM3\ARM_GCC_441\Debug\cds.a(adc_theACLK.o)
 .ARM.attributes
                0x00000199       0x31 .\CortexM3\ARM_GCC_441\Debug\cds.a(adc_Ext_CP_Clk.o)
 .ARM.attributes
                0x000001ca       0x31 .\CortexM3\ARM_GCC_441\Debug\cds.a(CyLib.o)
 .ARM.attributes
                0x000001fb       0x31 .\CortexM3\ARM_GCC_441\Debug\cds.a(cyPm.o)
 .ARM.attributes
                0x0000022c       0x31 .\CortexM3\ARM_GCC_441\Debug\cds.a(i2c.o)
 .ARM.attributes
                0x0000025d       0x31 .\CortexM3\ARM_GCC_441\Debug\cds.a(i2c_INT.o)
 .ARM.attributes
                0x0000028e       0x31 .\CortexM3\ARM_GCC_441\Debug\cds.a(led.o)
 .ARM.attributes
                0x000002bf       0x31 .\CortexM3\ARM_GCC_441\Debug\cds.a(cyfitter_cfg.o)
 .ARM.attributes
                0x000002f0       0x21 .\CortexM3\ARM_GCC_441\Debug\cds.a(CyBootAsmGnu.o)
 .ARM.attributes
                0x00000311       0x31 .\CortexM3\ARM_GCC_441\Debug\cds.a(CyFlash.o)
 .ARM.attributes
                0x00000342       0x31 .\CortexM3\ARM_GCC_441\Debug\cds.a(CySpc.o)
 .ARM.attributes
                0x00000373       0x31 .\CortexM3\ARM_GCC_441\Debug\cds.a(cyutils.o)
 .ARM.attributes
                0x000003a4       0x1b c:/program files/cypress/psoc creator/2.1/psoc creator/import/gnu_cs/arm/4.4.1/bin/../lib/gcc/arm-none-eabi/4.4.1/thumb2\libgcc.a(_arm_addsubdf3.o)
 .ARM.attributes
                0x000003bf       0x1b c:/program files/cypress/psoc creator/2.1/psoc creator/import/gnu_cs/arm/4.4.1/bin/../lib/gcc/arm-none-eabi/4.4.1/thumb2\libgcc.a(_arm_muldivdf3.o)
 .ARM.attributes
                0x000003da       0x1b c:/program files/cypress/psoc creator/2.1/psoc creator/import/gnu_cs/arm/4.4.1/bin/../lib/gcc/arm-none-eabi/4.4.1/thumb2\libgcc.a(_arm_cmpdf2.o)
 .ARM.attributes
                0x000003f5       0x1b c:/program files/cypress/psoc creator/2.1/psoc creator/import/gnu_cs/arm/4.4.1/bin/../lib/gcc/arm-none-eabi/4.4.1/thumb2\libgcc.a(_arm_fixdfsi.o)
 .ARM.attributes
                0x00000410       0x1b c:/program files/cypress/psoc creator/2.1/psoc creator/import/gnu_cs/arm/4.4.1/bin/../lib/gcc/arm-none-eabi/4.4.1/thumb2\libgcc.a(_arm_truncdfsf2.o)
 .ARM.attributes
                0x0000042b       0x1b c:/program files/cypress/psoc creator/2.1/psoc creator/import/gnu_cs/arm/4.4.1/bin/../lib/gcc/arm-none-eabi/4.4.1/thumb2\libgcc.a(_arm_addsubsf3.o)
 .ARM.attributes
                0x00000446       0x1b c:/program files/cypress/psoc creator/2.1/psoc creator/import/gnu_cs/arm/4.4.1/bin/../lib/gcc/arm-none-eabi/4.4.1/thumb2\libgcc.a(_arm_muldivsf3.o)
 .ARM.attributes
                0x00000461       0x1b c:/program files/cypress/psoc creator/2.1/psoc creator/import/gnu_cs/arm/4.4.1/bin/../lib/gcc/arm-none-eabi/4.4.1/thumb2\libgcc.a(_arm_fixunssfsi.o)
 .ARM.attributes
                0x0000047c       0x29 c:/program files/cypress/psoc creator/2.1/psoc creator/import/gnu_cs/arm/4.4.1/bin/../lib/gcc/arm-none-eabi/4.4.1/../../../../arm-none-eabi/lib/thumb2\libc.a(lib_a-memcpy.o)
 .ARM.attributes
                0x000004a5       0x29 c:/program files/cypress/psoc creator/2.1/psoc creator/import/gnu_cs/arm/4.4.1/bin/../lib/gcc/arm-none-eabi/4.4.1/../../../../arm-none-eabi/lib/thumb2\libc.a(lib_a-memset.o)
 .ARM.attributes
                0x000004ce       0x29 c:/program files/cypress/psoc creator/2.1/psoc creator/import/gnu_cs/arm/4.4.1/bin/../lib/gcc/arm-none-eabi/4.4.1/../../../../arm-none-eabi/lib/thumb2\libc.a(lib_a-sprintf.o)
 .ARM.attributes
                0x000004f7       0x29 c:/program files/cypress/psoc creator/2.1/psoc creator/import/gnu_cs/arm/4.4.1/bin/../lib/gcc/arm-none-eabi/4.4.1/../../../../arm-none-eabi/lib/thumb2\libc.a(lib_a-svfprintf.o)
 .ARM.attributes
                0x00000520       0x29 c:/program files/cypress/psoc creator/2.1/psoc creator/import/gnu_cs/arm/4.4.1/bin/../lib/gcc/arm-none-eabi/4.4.1/../../../../arm-none-eabi/lib/thumb2\libc.a(lib_a-dtoa.o)
 .ARM.attributes
                0x00000549       0x29 c:/program files/cypress/psoc creator/2.1/psoc creator/import/gnu_cs/arm/4.4.1/bin/../lib/gcc/arm-none-eabi/4.4.1/../../../../arm-none-eabi/lib/thumb2\libc.a(lib_a-freer.o)
 .ARM.attributes
                0x00000572       0x29 c:/program files/cypress/psoc creator/2.1/psoc creator/import/gnu_cs/arm/4.4.1/bin/../lib/gcc/arm-none-eabi/4.4.1/../../../../arm-none-eabi/lib/thumb2\libc.a(lib_a-impure.o)
 .ARM.attributes
                0x0000059b       0x29 c:/program files/cypress/psoc creator/2.1/psoc creator/import/gnu_cs/arm/4.4.1/bin/../lib/gcc/arm-none-eabi/4.4.1/../../../../arm-none-eabi/lib/thumb2\libc.a(lib_a-locale.o)
 .ARM.attributes
                0x000005c4       0x29 c:/program files/cypress/psoc creator/2.1/psoc creator/import/gnu_cs/arm/4.4.1/bin/../lib/gcc/arm-none-eabi/4.4.1/../../../../arm-none-eabi/lib/thumb2\libc.a(lib_a-malloc.o)
 .ARM.attributes
                0x000005ed       0x29 c:/program files/cypress/psoc creator/2.1/psoc creator/import/gnu_cs/arm/4.4.1/bin/../lib/gcc/arm-none-eabi/4.4.1/../../../../arm-none-eabi/lib/thumb2\libc.a(lib_a-mallocr.o)
 .ARM.attributes
                0x00000616       0x29 c:/program files/cypress/psoc creator/2.1/psoc creator/import/gnu_cs/arm/4.4.1/bin/../lib/gcc/arm-none-eabi/4.4.1/../../../../arm-none-eabi/lib/thumb2\libc.a(lib_a-memchr.o)
 .ARM.attributes
                0x0000063f       0x29 c:/program files/cypress/psoc creator/2.1/psoc creator/import/gnu_cs/arm/4.4.1/bin/../lib/gcc/arm-none-eabi/4.4.1/../../../../arm-none-eabi/lib/thumb2\libc.a(lib_a-memmove.o)
 .ARM.attributes
                0x00000668       0x29 c:/program files/cypress/psoc creator/2.1/psoc creator/import/gnu_cs/arm/4.4.1/bin/../lib/gcc/arm-none-eabi/4.4.1/../../../../arm-none-eabi/lib/thumb2\libc.a(lib_a-mlock.o)
 .ARM.attributes
                0x00000691       0x29 c:/program files/cypress/psoc creator/2.1/psoc creator/import/gnu_cs/arm/4.4.1/bin/../lib/gcc/arm-none-eabi/4.4.1/../../../../arm-none-eabi/lib/thumb2\libc.a(lib_a-mprec.o)
 .ARM.attributes
                0x000006ba       0x29 c:/program files/cypress/psoc creator/2.1/psoc creator/import/gnu_cs/arm/4.4.1/bin/../lib/gcc/arm-none-eabi/4.4.1/../../../../arm-none-eabi/lib/thumb2\libc.a(lib_a-reallocr.o)
 .ARM.attributes
                0x000006e3       0x29 c:/program files/cypress/psoc creator/2.1/psoc creator/import/gnu_cs/arm/4.4.1/bin/../lib/gcc/arm-none-eabi/4.4.1/../../../../arm-none-eabi/lib/thumb2\libc.a(lib_a-s_isinfd.o)
 .ARM.attributes
                0x0000070c       0x29 c:/program files/cypress/psoc creator/2.1/psoc creator/import/gnu_cs/arm/4.4.1/bin/../lib/gcc/arm-none-eabi/4.4.1/../../../../arm-none-eabi/lib/thumb2\libc.a(lib_a-s_isnand.o)
 .ARM.attributes
                0x00000735       0x29 c:/program files/cypress/psoc creator/2.1/psoc creator/import/gnu_cs/arm/4.4.1/bin/../lib/gcc/arm-none-eabi/4.4.1/../../../../arm-none-eabi/lib/thumb2\libc.a(lib_a-sbrkr.o)
 .ARM.attributes
                0x0000075e       0x29 c:/program files/cypress/psoc creator/2.1/psoc creator/import/gnu_cs/arm/4.4.1/bin/../lib/gcc/arm-none-eabi/4.4.1/../../../../arm-none-eabi/lib/thumb2\libc.a(lib_a-strcmp.o)
 .ARM.attributes
                0x00000787       0x29 c:/program files/cypress/psoc creator/2.1/psoc creator/import/gnu_cs/arm/4.4.1/bin/../lib/gcc/arm-none-eabi/4.4.1/../../../../arm-none-eabi/lib/thumb2\libc.a(lib_a-strlen.o)
 .ARM.attributes
                0x000007b0       0x29 c:/program files/cypress/psoc creator/2.1/psoc creator/import/gnu_cs/arm/4.4.1/bin/../lib/gcc/arm-none-eabi/4.4.1/../../../../arm-none-eabi/lib/thumb2\libc.a(lib_a-callocr.o)
 .ARM.attributes
                0x000007d9       0x29 c:/program files/cypress/psoc creator/2.1/psoc creator/import/gnu_cs/arm/4.4.1/bin/../lib/gcc/arm-none-eabi/4.4.1/../../../../arm-none-eabi/lib/thumb2\libc.a(lib_a-reent.o)
 .ARM.attributes
                0x00000802       0x1b c:/program files/cypress/psoc creator/2.1/psoc creator/import/gnu_cs/arm/4.4.1/bin/../lib/gcc/arm-none-eabi/4.4.1/thumb2\libgcc.a(_udivsi3.o)
 .ARM.attributes
                0x0000081d       0x1b c:/program files/cypress/psoc creator/2.1/psoc creator/import/gnu_cs/arm/4.4.1/bin/../lib/gcc/arm-none-eabi/4.4.1/thumb2\libgcc.a(_dvmd_tls.o)
 .ARM.attributes
                0x00000838       0x1b c:/program files/cypress/psoc creator/2.1/psoc creator/import/gnu_cs/arm/4.4.1/bin/../lib/gcc/arm-none-eabi/4.4.1/thumb2\libgcc.a(_aeabi_uldivmod.o)
 .ARM.attributes
                0x00000853       0x29 c:/program files/cypress/psoc creator/2.1/psoc creator/import/gnu_cs/arm/4.4.1/bin/../lib/gcc/arm-none-eabi/4.4.1/thumb2\libgcc.a(bpabi.o)
 .ARM.attributes
                0x0000087c       0x29 c:/program files/cypress/psoc creator/2.1/psoc creator/import/gnu_cs/arm/4.4.1/bin/../lib/gcc/arm-none-eabi/4.4.1/thumb2\libgcc.a(_divdi3.o)
 .ARM.attributes
                0x000008a5       0x29 c:/program files/cypress/psoc creator/2.1/psoc creator/import/gnu_cs/arm/4.4.1/bin/../lib/gcc/arm-none-eabi/4.4.1/thumb2\libgcc.a(_udivdi3.o)
 .ARM.attributes
                0x000008ce       0x29 c:/program files/cypress/psoc creator/2.1/psoc creator/import/gnu_cs/arm/4.4.1/bin/../lib/gcc/arm-none-eabi/4.4.1/thumb2/crtend.o
 .ARM.attributes
                0x000008f7       0x19 c:/program files/cypress/psoc creator/2.1/psoc creator/import/gnu_cs/arm/4.4.1/bin/../lib/gcc/arm-none-eabi/4.4.1/thumb2/crtn.o
 .ARM.attributes
                0x00000910       0x29 c:/program files/cypress/psoc creator/2.1/psoc creator/import/gnu_cs/arm/4.4.1/bin/../lib/gcc/arm-none-eabi/4.4.1/../../../../arm-none-eabi/lib/thumb2\libcs3.a(start_c.o)
 .ARM.attributes
                0x00000939       0x29 c:/program files/cypress/psoc creator/2.1/psoc creator/import/gnu_cs/arm/4.4.1/bin/../lib/gcc/arm-none-eabi/4.4.1/../../../../arm-none-eabi/lib/thumb2\libcs3unhosted.a(unhosted-sbrk.o)
 .ARM.attributes
                0x00000962       0x19 c:/program files/cypress/psoc creator/2.1/psoc creator/import/gnu_cs/arm/4.4.1/bin/../lib/gcc/arm-none-eabi/4.4.1/../../../../arm-none-eabi/lib/thumb2\libcs3micro.a(micro-vector.o)
 .ARM.attributes
                0x0000097b       0x19 c:/program files/cypress/psoc creator/2.1/psoc creator/import/gnu_cs/arm/4.4.1/bin/../lib/gcc/arm-none-eabi/4.4.1/../../../../arm-none-eabi/lib/thumb2\libcs3micro.a(micro_isr_interrupt.o)
 .ARM.attributes
                0x00000994       0x29 c:/program files/cypress/psoc creator/2.1/psoc creator/import/gnu_cs/arm/4.4.1/bin/../lib/gcc/arm-none-eabi/4.4.1/../../../../arm-none-eabi/lib/thumb2\libc.a(lib_a-errno.o)
 .ARM.attributes
                0x000009bd       0x29 c:/program files/cypress/psoc creator/2.1/psoc creator/import/gnu_cs/arm/4.4.1/bin/../lib/gcc/arm-none-eabi/4.4.1/../../../../arm-none-eabi/lib/thumb2\libc.a(lib_a-init.o)
 .ARM.attributes
                0x000009e6       0x29 c:/program files/cypress/psoc creator/2.1/psoc creator/import/gnu_cs/arm/4.4.1/bin/../lib/gcc/arm-none-eabi/4.4.1/../../../../arm-none-eabi/lib/thumb2\libcs3.a(heap.o)

/DISCARD/
 *(.note.GNU-stack)
OUTPUT(.\CortexM3\ARM_GCC_441\Debug\cds.elf elf32-littlearm)
