ARM GAS  C:\Users\arh\AppData\Local\Temp\cctBvEUO.s 			page 1


   1              		.syntax unified
   2              		.cpu cortex-m3
   3              		.fpu softvfp
   4              		.eabi_attribute 20, 1
   5              		.eabi_attribute 21, 1
   6              		.eabi_attribute 23, 3
   7              		.eabi_attribute 24, 1
   8              		.eabi_attribute 25, 1
   9              		.eabi_attribute 26, 1
  10              		.eabi_attribute 30, 6
  11              		.eabi_attribute 18, 4
  12              		.thumb
  13              		.file	"Pin_1.c"
  14              		.section	.debug_abbrev,"",%progbits
  15              	.Ldebug_abbrev0:
  16              		.section	.debug_info,"",%progbits
  17              	.Ldebug_info0:
  18              		.section	.debug_line,"",%progbits
  19              	.Ldebug_line0:
  20 0000 AC000000 		.text
  20      02005E00 
  20      00000201 
  20      FB0E0D00 
  20      01010101 
  21              	.Ltext0:
  22              		.cfi_sections	.debug_frame
  23              		.section	.text.Pin_1_Write,"ax",%progbits
  24              		.align	2
  25              		.global	Pin_1_Write
  26              		.thumb
  27              		.thumb_func
  28              		.type	Pin_1_Write, %function
  29              	Pin_1_Write:
  30              	.LFB0:
  31              		.file 1 ".\\Generated_Source\\PSoC5\\Pin_1.c"
   1:.\Generated_Source\PSoC5/Pin_1.c **** /*******************************************************************************
   2:.\Generated_Source\PSoC5/Pin_1.c **** * File Name: Pin_1.c  
   3:.\Generated_Source\PSoC5/Pin_1.c **** * Version 1.70
   4:.\Generated_Source\PSoC5/Pin_1.c **** *
   5:.\Generated_Source\PSoC5/Pin_1.c **** * Description:
   6:.\Generated_Source\PSoC5/Pin_1.c **** *  This file contains API to enable firmware control of a Pins component.
   7:.\Generated_Source\PSoC5/Pin_1.c **** *
   8:.\Generated_Source\PSoC5/Pin_1.c **** * Note:
   9:.\Generated_Source\PSoC5/Pin_1.c **** *
  10:.\Generated_Source\PSoC5/Pin_1.c **** ********************************************************************************
  11:.\Generated_Source\PSoC5/Pin_1.c **** * Copyright 2008-2010, Cypress Semiconductor Corporation.  All rights reserved.
  12:.\Generated_Source\PSoC5/Pin_1.c **** * You may use this file only in accordance with the license, terms, conditions, 
  13:.\Generated_Source\PSoC5/Pin_1.c **** * disclaimers, and limitations in the end user license agreement accompanying 
  14:.\Generated_Source\PSoC5/Pin_1.c **** * the software package with which this file was provided.
  15:.\Generated_Source\PSoC5/Pin_1.c **** ********************************************************************************/
  16:.\Generated_Source\PSoC5/Pin_1.c **** 
  17:.\Generated_Source\PSoC5/Pin_1.c **** #include "cytypes.h"
  18:.\Generated_Source\PSoC5/Pin_1.c **** #include "Pin_1.h"
  19:.\Generated_Source\PSoC5/Pin_1.c **** 
  20:.\Generated_Source\PSoC5/Pin_1.c **** /* APIs are not generated for P15[7:6] */
  21:.\Generated_Source\PSoC5/Pin_1.c **** #if !(CY_PSOC5A &&\
  22:.\Generated_Source\PSoC5/Pin_1.c **** 	 Pin_1__PORT == 15 && (Pin_1__MASK & 0xC0))
ARM GAS  C:\Users\arh\AppData\Local\Temp\cctBvEUO.s 			page 2


  23:.\Generated_Source\PSoC5/Pin_1.c **** 
  24:.\Generated_Source\PSoC5/Pin_1.c **** /*******************************************************************************
  25:.\Generated_Source\PSoC5/Pin_1.c **** * Function Name: Pin_1_Write
  26:.\Generated_Source\PSoC5/Pin_1.c **** ********************************************************************************
  27:.\Generated_Source\PSoC5/Pin_1.c **** * Summary:
  28:.\Generated_Source\PSoC5/Pin_1.c **** *  Assign a new value to the digital port's data output register.  
  29:.\Generated_Source\PSoC5/Pin_1.c **** *
  30:.\Generated_Source\PSoC5/Pin_1.c **** * Parameters:  
  31:.\Generated_Source\PSoC5/Pin_1.c **** *  prtValue:  The value to be assigned to the Digital Port. 
  32:.\Generated_Source\PSoC5/Pin_1.c **** *
  33:.\Generated_Source\PSoC5/Pin_1.c **** * Return: 
  34:.\Generated_Source\PSoC5/Pin_1.c **** *  void 
  35:.\Generated_Source\PSoC5/Pin_1.c **** *  
  36:.\Generated_Source\PSoC5/Pin_1.c **** *******************************************************************************/
  37:.\Generated_Source\PSoC5/Pin_1.c **** void Pin_1_Write(uint8 value) 
  38:.\Generated_Source\PSoC5/Pin_1.c **** {
  32              		.loc 1 38 0
  33              		.cfi_startproc
  34              		@ args = 0, pretend = 0, frame = 16
  35              		@ frame_needed = 1, uses_anonymous_args = 0
  36              		@ link register save eliminated.
  37 0000 80B4     		push	{r7}
  38              	.LCFI0:
  39              		.cfi_def_cfa_offset 4
  40 0002 85B0     		sub	sp, sp, #20
  41              	.LCFI1:
  42              		.cfi_def_cfa_offset 24
  43 0004 00AF     		add	r7, sp, #0
  44              		.cfi_offset 7, -4
  45              	.LCFI2:
  46              		.cfi_def_cfa_register 7
  47 0006 0346     		mov	r3, r0
  48 0008 FB71     		strb	r3, [r7, #7]
  39:.\Generated_Source\PSoC5/Pin_1.c ****     uint8 staticBits = Pin_1_DR & ~Pin_1_MASK;
  49              		.loc 1 39 0
  50 000a 45F20013 		movw	r3, #:lower16:1073762560
  51 000e C4F20003 		movt	r3, #:upper16:1073762560
  52 0012 1B78     		ldrb	r3, [r3, #0]
  53 0014 DBB2     		uxtb	r3, r3
  54 0016 23F00103 		bic	r3, r3, #1
  55 001a FB73     		strb	r3, [r7, #15]
  40:.\Generated_Source\PSoC5/Pin_1.c ****     Pin_1_DR = staticBits | ((value << Pin_1_SHIFT) & Pin_1_MASK);
  56              		.loc 1 40 0
  57 001c 45F20013 		movw	r3, #:lower16:1073762560
  58 0020 C4F20003 		movt	r3, #:upper16:1073762560
  59 0024 FA79     		ldrb	r2, [r7, #7]	@ zero_extendqisi2
  60 0026 02F00102 		and	r2, r2, #1
  61 002a F97B     		ldrb	r1, [r7, #15]
  62 002c 42EA0102 		orr	r2, r2, r1
  63 0030 D2B2     		uxtb	r2, r2
  64 0032 1A70     		strb	r2, [r3, #0]
  41:.\Generated_Source\PSoC5/Pin_1.c **** }
  65              		.loc 1 41 0
  66 0034 07F11407 		add	r7, r7, #20
  67 0038 BD46     		mov	sp, r7
  68 003a 80BC     		pop	{r7}
  69 003c 7047     		bx	lr
ARM GAS  C:\Users\arh\AppData\Local\Temp\cctBvEUO.s 			page 3


  70              		.cfi_endproc
  71              	.LFE0:
  72              		.size	Pin_1_Write, .-Pin_1_Write
  73 003e 00BF     		.section	.text.Pin_1_SetDriveMode,"ax",%progbits
  74              		.align	2
  75              		.global	Pin_1_SetDriveMode
  76              		.thumb
  77              		.thumb_func
  78              		.type	Pin_1_SetDriveMode, %function
  79              	Pin_1_SetDriveMode:
  80              	.LFB1:
  42:.\Generated_Source\PSoC5/Pin_1.c **** 
  43:.\Generated_Source\PSoC5/Pin_1.c **** 
  44:.\Generated_Source\PSoC5/Pin_1.c **** /*******************************************************************************
  45:.\Generated_Source\PSoC5/Pin_1.c **** * Function Name: Pin_1_SetDriveMode
  46:.\Generated_Source\PSoC5/Pin_1.c **** ********************************************************************************
  47:.\Generated_Source\PSoC5/Pin_1.c **** * Summary:
  48:.\Generated_Source\PSoC5/Pin_1.c **** *  Change the drive mode on the pins of the port.
  49:.\Generated_Source\PSoC5/Pin_1.c **** * 
  50:.\Generated_Source\PSoC5/Pin_1.c **** * Parameters:  
  51:.\Generated_Source\PSoC5/Pin_1.c **** *  mode:  Change the pins to this drive mode.
  52:.\Generated_Source\PSoC5/Pin_1.c **** *
  53:.\Generated_Source\PSoC5/Pin_1.c **** * Return: 
  54:.\Generated_Source\PSoC5/Pin_1.c **** *  void
  55:.\Generated_Source\PSoC5/Pin_1.c **** *
  56:.\Generated_Source\PSoC5/Pin_1.c **** *******************************************************************************/
  57:.\Generated_Source\PSoC5/Pin_1.c **** void Pin_1_SetDriveMode(uint8 mode) 
  58:.\Generated_Source\PSoC5/Pin_1.c **** {
  81              		.loc 1 58 0
  82              		.cfi_startproc
  83              		@ args = 0, pretend = 0, frame = 8
  84              		@ frame_needed = 1, uses_anonymous_args = 0
  85              		@ link register save eliminated.
  86 0000 80B4     		push	{r7}
  87              	.LCFI3:
  88              		.cfi_def_cfa_offset 4
  89 0002 83B0     		sub	sp, sp, #12
  90              	.LCFI4:
  91              		.cfi_def_cfa_offset 16
  92 0004 00AF     		add	r7, sp, #0
  93              		.cfi_offset 7, -4
  94              	.LCFI5:
  95              		.cfi_def_cfa_register 7
  96 0006 0346     		mov	r3, r0
  97 0008 FB71     		strb	r3, [r7, #7]
  59:.\Generated_Source\PSoC5/Pin_1.c **** 	CyPins_SetPinDriveMode(Pin_1_0, mode);
  98              		.loc 1 59 0
  99 000a 45F20003 		movw	r3, #:lower16:1073762304
 100 000e C4F20003 		movt	r3, #:upper16:1073762304
 101 0012 45F20002 		movw	r2, #:lower16:1073762304
 102 0016 C4F20002 		movt	r2, #:upper16:1073762304
 103 001a 1278     		ldrb	r2, [r2, #0]
 104 001c D2B2     		uxtb	r2, r2
 105 001e 1146     		mov	r1, r2
 106 0020 01F0F101 		and	r1, r1, #241
 107 0024 FA79     		ldrb	r2, [r7, #7]	@ zero_extendqisi2
 108 0026 02F00E02 		and	r2, r2, #14
ARM GAS  C:\Users\arh\AppData\Local\Temp\cctBvEUO.s 			page 4


 109 002a 41EA0202 		orr	r2, r1, r2
 110 002e D2B2     		uxtb	r2, r2
 111 0030 1A70     		strb	r2, [r3, #0]
  60:.\Generated_Source\PSoC5/Pin_1.c **** }
 112              		.loc 1 60 0
 113 0032 07F10C07 		add	r7, r7, #12
 114 0036 BD46     		mov	sp, r7
 115 0038 80BC     		pop	{r7}
 116 003a 7047     		bx	lr
 117              		.cfi_endproc
 118              	.LFE1:
 119              		.size	Pin_1_SetDriveMode, .-Pin_1_SetDriveMode
 120              		.section	.text.Pin_1_Read,"ax",%progbits
 121              		.align	2
 122              		.global	Pin_1_Read
 123              		.thumb
 124              		.thumb_func
 125              		.type	Pin_1_Read, %function
 126              	Pin_1_Read:
 127              	.LFB2:
  61:.\Generated_Source\PSoC5/Pin_1.c **** 
  62:.\Generated_Source\PSoC5/Pin_1.c **** 
  63:.\Generated_Source\PSoC5/Pin_1.c **** /*******************************************************************************
  64:.\Generated_Source\PSoC5/Pin_1.c **** * Function Name: Pin_1_Read
  65:.\Generated_Source\PSoC5/Pin_1.c **** ********************************************************************************
  66:.\Generated_Source\PSoC5/Pin_1.c **** * Summary:
  67:.\Generated_Source\PSoC5/Pin_1.c **** *  Read the current value on the pins of the Digital Port in right justified 
  68:.\Generated_Source\PSoC5/Pin_1.c **** *  form.
  69:.\Generated_Source\PSoC5/Pin_1.c **** *
  70:.\Generated_Source\PSoC5/Pin_1.c **** * Parameters:  
  71:.\Generated_Source\PSoC5/Pin_1.c **** *  void 
  72:.\Generated_Source\PSoC5/Pin_1.c **** *
  73:.\Generated_Source\PSoC5/Pin_1.c **** * Return: 
  74:.\Generated_Source\PSoC5/Pin_1.c **** *  Returns the current value of the Digital Port as a right justified number
  75:.\Generated_Source\PSoC5/Pin_1.c **** *  
  76:.\Generated_Source\PSoC5/Pin_1.c **** * Note:
  77:.\Generated_Source\PSoC5/Pin_1.c **** *  Macro Pin_1_ReadPS calls this function. 
  78:.\Generated_Source\PSoC5/Pin_1.c **** *  
  79:.\Generated_Source\PSoC5/Pin_1.c **** *******************************************************************************/
  80:.\Generated_Source\PSoC5/Pin_1.c **** uint8 Pin_1_Read(void) 
  81:.\Generated_Source\PSoC5/Pin_1.c **** {
 128              		.loc 1 81 0
 129              		.cfi_startproc
 130              		@ args = 0, pretend = 0, frame = 0
 131              		@ frame_needed = 1, uses_anonymous_args = 0
 132              		@ link register save eliminated.
 133 0000 80B4     		push	{r7}
 134              	.LCFI6:
 135              		.cfi_def_cfa_offset 4
 136 0002 00AF     		add	r7, sp, #0
 137              		.cfi_offset 7, -4
 138              	.LCFI7:
 139              		.cfi_def_cfa_register 7
  82:.\Generated_Source\PSoC5/Pin_1.c ****     return (Pin_1_PS & Pin_1_MASK) >> Pin_1_SHIFT;
 140              		.loc 1 82 0
 141 0004 45F20113 		movw	r3, #:lower16:1073762561
 142 0008 C4F20003 		movt	r3, #:upper16:1073762561
ARM GAS  C:\Users\arh\AppData\Local\Temp\cctBvEUO.s 			page 5


 143 000c 1B78     		ldrb	r3, [r3, #0]
 144 000e DBB2     		uxtb	r3, r3
 145 0010 03F00103 		and	r3, r3, #1
  83:.\Generated_Source\PSoC5/Pin_1.c **** }
 146              		.loc 1 83 0
 147 0014 1846     		mov	r0, r3
 148 0016 BD46     		mov	sp, r7
 149 0018 80BC     		pop	{r7}
 150 001a 7047     		bx	lr
 151              		.cfi_endproc
 152              	.LFE2:
 153              		.size	Pin_1_Read, .-Pin_1_Read
 154              		.section	.text.Pin_1_ReadDataReg,"ax",%progbits
 155              		.align	2
 156              		.global	Pin_1_ReadDataReg
 157              		.thumb
 158              		.thumb_func
 159              		.type	Pin_1_ReadDataReg, %function
 160              	Pin_1_ReadDataReg:
 161              	.LFB3:
  84:.\Generated_Source\PSoC5/Pin_1.c **** 
  85:.\Generated_Source\PSoC5/Pin_1.c **** 
  86:.\Generated_Source\PSoC5/Pin_1.c **** /*******************************************************************************
  87:.\Generated_Source\PSoC5/Pin_1.c **** * Function Name: Pin_1_ReadDataReg
  88:.\Generated_Source\PSoC5/Pin_1.c **** ********************************************************************************
  89:.\Generated_Source\PSoC5/Pin_1.c **** * Summary:
  90:.\Generated_Source\PSoC5/Pin_1.c **** *  Read the current value assigned to a Digital Port's data output register
  91:.\Generated_Source\PSoC5/Pin_1.c **** *
  92:.\Generated_Source\PSoC5/Pin_1.c **** * Parameters:  
  93:.\Generated_Source\PSoC5/Pin_1.c **** *  void 
  94:.\Generated_Source\PSoC5/Pin_1.c **** *
  95:.\Generated_Source\PSoC5/Pin_1.c **** * Return: 
  96:.\Generated_Source\PSoC5/Pin_1.c **** *  Returns the current value assigned to the Digital Port's data output register
  97:.\Generated_Source\PSoC5/Pin_1.c **** *  
  98:.\Generated_Source\PSoC5/Pin_1.c **** *******************************************************************************/
  99:.\Generated_Source\PSoC5/Pin_1.c **** uint8 Pin_1_ReadDataReg(void) 
 100:.\Generated_Source\PSoC5/Pin_1.c **** {
 162              		.loc 1 100 0
 163              		.cfi_startproc
 164              		@ args = 0, pretend = 0, frame = 0
 165              		@ frame_needed = 1, uses_anonymous_args = 0
 166              		@ link register save eliminated.
 167 0000 80B4     		push	{r7}
 168              	.LCFI8:
 169              		.cfi_def_cfa_offset 4
 170 0002 00AF     		add	r7, sp, #0
 171              		.cfi_offset 7, -4
 172              	.LCFI9:
 173              		.cfi_def_cfa_register 7
 101:.\Generated_Source\PSoC5/Pin_1.c ****     return (Pin_1_DR & Pin_1_MASK) >> Pin_1_SHIFT;
 174              		.loc 1 101 0
 175 0004 45F20013 		movw	r3, #:lower16:1073762560
 176 0008 C4F20003 		movt	r3, #:upper16:1073762560
 177 000c 1B78     		ldrb	r3, [r3, #0]
 178 000e DBB2     		uxtb	r3, r3
 179 0010 03F00103 		and	r3, r3, #1
 102:.\Generated_Source\PSoC5/Pin_1.c **** }
ARM GAS  C:\Users\arh\AppData\Local\Temp\cctBvEUO.s 			page 6


 180              		.loc 1 102 0
 181 0014 1846     		mov	r0, r3
 182 0016 BD46     		mov	sp, r7
 183 0018 80BC     		pop	{r7}
 184 001a 7047     		bx	lr
 185              		.cfi_endproc
 186              	.LFE3:
 187              		.size	Pin_1_ReadDataReg, .-Pin_1_ReadDataReg
 188              		.text
 189              	.Letext0:
 190              		.section	.debug_loc,"",%progbits
 191              	.Ldebug_loc0:
 192              	.LLST0:
 193 0000 00000000 		.4byte	.LFB0
 194 0004 02000000 		.4byte	.LCFI0
 195 0008 0100     		.2byte	0x1
 196 000a 5D       		.byte	0x5d
 197 000b 02000000 		.4byte	.LCFI0
 198 000f 04000000 		.4byte	.LCFI1
 199 0013 0200     		.2byte	0x2
 200 0015 7D       		.byte	0x7d
 201 0016 04       		.sleb128 4
 202 0017 04000000 		.4byte	.LCFI1
 203 001b 06000000 		.4byte	.LCFI2
 204 001f 0200     		.2byte	0x2
 205 0021 7D       		.byte	0x7d
 206 0022 18       		.sleb128 24
 207 0023 06000000 		.4byte	.LCFI2
 208 0027 3E000000 		.4byte	.LFE0
 209 002b 0200     		.2byte	0x2
 210 002d 77       		.byte	0x77
 211 002e 18       		.sleb128 24
 212 002f 00000000 		.4byte	0x0
 213 0033 00000000 		.4byte	0x0
 214              	.LLST1:
 215 0037 00000000 		.4byte	.LFB1
 216 003b 02000000 		.4byte	.LCFI3
 217 003f 0100     		.2byte	0x1
 218 0041 5D       		.byte	0x5d
 219 0042 02000000 		.4byte	.LCFI3
 220 0046 04000000 		.4byte	.LCFI4
 221 004a 0200     		.2byte	0x2
 222 004c 7D       		.byte	0x7d
 223 004d 04       		.sleb128 4
 224 004e 04000000 		.4byte	.LCFI4
 225 0052 06000000 		.4byte	.LCFI5
 226 0056 0200     		.2byte	0x2
 227 0058 7D       		.byte	0x7d
 228 0059 10       		.sleb128 16
 229 005a 06000000 		.4byte	.LCFI5
 230 005e 3C000000 		.4byte	.LFE1
 231 0062 0200     		.2byte	0x2
 232 0064 77       		.byte	0x77
 233 0065 10       		.sleb128 16
 234 0066 00000000 		.4byte	0x0
 235 006a 00000000 		.4byte	0x0
 236              	.LLST2:
ARM GAS  C:\Users\arh\AppData\Local\Temp\cctBvEUO.s 			page 7


 237 006e 00000000 		.4byte	.LFB2
 238 0072 02000000 		.4byte	.LCFI6
 239 0076 0100     		.2byte	0x1
 240 0078 5D       		.byte	0x5d
 241 0079 02000000 		.4byte	.LCFI6
 242 007d 04000000 		.4byte	.LCFI7
 243 0081 0200     		.2byte	0x2
 244 0083 7D       		.byte	0x7d
 245 0084 04       		.sleb128 4
 246 0085 04000000 		.4byte	.LCFI7
 247 0089 1C000000 		.4byte	.LFE2
 248 008d 0200     		.2byte	0x2
 249 008f 77       		.byte	0x77
 250 0090 04       		.sleb128 4
 251 0091 00000000 		.4byte	0x0
 252 0095 00000000 		.4byte	0x0
 253              	.LLST3:
 254 0099 00000000 		.4byte	.LFB3
 255 009d 02000000 		.4byte	.LCFI8
 256 00a1 0100     		.2byte	0x1
 257 00a3 5D       		.byte	0x5d
 258 00a4 02000000 		.4byte	.LCFI8
 259 00a8 04000000 		.4byte	.LCFI9
 260 00ac 0200     		.2byte	0x2
 261 00ae 7D       		.byte	0x7d
 262 00af 04       		.sleb128 4
 263 00b0 04000000 		.4byte	.LCFI9
 264 00b4 1C000000 		.4byte	.LFE3
 265 00b8 0200     		.2byte	0x2
 266 00ba 77       		.byte	0x77
 267 00bb 04       		.sleb128 4
 268 00bc 00000000 		.4byte	0x0
 269 00c0 00000000 		.4byte	0x0
 270              		.file 2 ".\\Generated_Source\\PSoC5\\/cytypes.h"
 271              		.section	.debug_info
 272 0000 0E010000 		.4byte	0x10e
 273 0004 0200     		.2byte	0x2
 274 0006 00000000 		.4byte	.Ldebug_abbrev0
 275 000a 04       		.byte	0x4
 276 000b 01       		.uleb128 0x1
 277 000c D0000000 		.4byte	.LASF16
 278 0010 01       		.byte	0x1
 279 0011 F1000000 		.4byte	.LASF17
 280 0015 1F000000 		.4byte	.LASF18
 281 0019 00000000 		.4byte	0x0
 282 001d 00000000 		.4byte	0x0
 283 0021 00000000 		.4byte	.Ldebug_ranges0+0x0
 284 0025 00000000 		.4byte	.Ldebug_line0
 285 0029 02       		.uleb128 0x2
 286 002a 01       		.byte	0x1
 287 002b 06       		.byte	0x6
 288 002c 2D010000 		.4byte	.LASF0
 289 0030 02       		.uleb128 0x2
 290 0031 01       		.byte	0x1
 291 0032 08       		.byte	0x8
 292 0033 56000000 		.4byte	.LASF1
 293 0037 02       		.uleb128 0x2
ARM GAS  C:\Users\arh\AppData\Local\Temp\cctBvEUO.s 			page 8


 294 0038 02       		.byte	0x2
 295 0039 05       		.byte	0x5
 296 003a E1000000 		.4byte	.LASF2
 297 003e 02       		.uleb128 0x2
 298 003f 02       		.byte	0x2
 299 0040 07       		.byte	0x7
 300 0041 76000000 		.4byte	.LASF3
 301 0045 02       		.uleb128 0x2
 302 0046 04       		.byte	0x4
 303 0047 05       		.byte	0x5
 304 0048 24010000 		.4byte	.LASF4
 305 004c 02       		.uleb128 0x2
 306 004d 04       		.byte	0x4
 307 004e 07       		.byte	0x7
 308 004f 64000000 		.4byte	.LASF5
 309 0053 02       		.uleb128 0x2
 310 0054 08       		.byte	0x8
 311 0055 05       		.byte	0x5
 312 0056 00000000 		.4byte	.LASF6
 313 005a 02       		.uleb128 0x2
 314 005b 08       		.byte	0x8
 315 005c 07       		.byte	0x7
 316 005d A9000000 		.4byte	.LASF7
 317 0061 03       		.uleb128 0x3
 318 0062 04       		.byte	0x4
 319 0063 05       		.byte	0x5
 320 0064 696E7400 		.ascii	"int\000"
 321 0068 02       		.uleb128 0x2
 322 0069 04       		.byte	0x4
 323 006a 07       		.byte	0x7
 324 006b 9C000000 		.4byte	.LASF8
 325 006f 02       		.uleb128 0x2
 326 0070 01       		.byte	0x1
 327 0071 08       		.byte	0x8
 328 0072 DC000000 		.4byte	.LASF9
 329 0076 04       		.uleb128 0x4
 330 0077 EB000000 		.4byte	.LASF19
 331 007b 02       		.byte	0x2
 332 007c 60       		.byte	0x60
 333 007d 30000000 		.4byte	0x30
 334 0081 05       		.uleb128 0x5
 335 0082 01       		.byte	0x1
 336 0083 39010000 		.4byte	.LASF10
 337 0087 01       		.byte	0x1
 338 0088 25       		.byte	0x25
 339 0089 01       		.byte	0x1
 340 008a 00000000 		.4byte	.LFB0
 341 008e 3E000000 		.4byte	.LFE0
 342 0092 00000000 		.4byte	.LLST0
 343 0096 B7000000 		.4byte	0xb7
 344 009a 06       		.uleb128 0x6
 345 009b 0E000000 		.4byte	.LASF12
 346 009f 01       		.byte	0x1
 347 00a0 25       		.byte	0x25
 348 00a1 76000000 		.4byte	0x76
 349 00a5 02       		.byte	0x2
 350 00a6 91       		.byte	0x91
ARM GAS  C:\Users\arh\AppData\Local\Temp\cctBvEUO.s 			page 9


 351 00a7 6F       		.sleb128 -17
 352 00a8 07       		.uleb128 0x7
 353 00a9 14000000 		.4byte	.LASF20
 354 00ad 01       		.byte	0x1
 355 00ae 27       		.byte	0x27
 356 00af 76000000 		.4byte	0x76
 357 00b3 02       		.byte	0x2
 358 00b4 91       		.byte	0x91
 359 00b5 77       		.sleb128 -9
 360 00b6 00       		.byte	0x0
 361 00b7 05       		.uleb128 0x5
 362 00b8 01       		.byte	0x1
 363 00b9 89000000 		.4byte	.LASF11
 364 00bd 01       		.byte	0x1
 365 00be 39       		.byte	0x39
 366 00bf 01       		.byte	0x1
 367 00c0 00000000 		.4byte	.LFB1
 368 00c4 3C000000 		.4byte	.LFE1
 369 00c8 37000000 		.4byte	.LLST1
 370 00cc DF000000 		.4byte	0xdf
 371 00d0 06       		.uleb128 0x6
 372 00d1 C0000000 		.4byte	.LASF13
 373 00d5 01       		.byte	0x1
 374 00d6 39       		.byte	0x39
 375 00d7 76000000 		.4byte	0x76
 376 00db 02       		.byte	0x2
 377 00dc 91       		.byte	0x91
 378 00dd 77       		.sleb128 -9
 379 00de 00       		.byte	0x0
 380 00df 08       		.uleb128 0x8
 381 00e0 01       		.byte	0x1
 382 00e1 C5000000 		.4byte	.LASF14
 383 00e5 01       		.byte	0x1
 384 00e6 50       		.byte	0x50
 385 00e7 01       		.byte	0x1
 386 00e8 76000000 		.4byte	0x76
 387 00ec 00000000 		.4byte	.LFB2
 388 00f0 1C000000 		.4byte	.LFE2
 389 00f4 6E000000 		.4byte	.LLST2
 390 00f8 08       		.uleb128 0x8
 391 00f9 01       		.byte	0x1
 392 00fa 12010000 		.4byte	.LASF15
 393 00fe 01       		.byte	0x1
 394 00ff 63       		.byte	0x63
 395 0100 01       		.byte	0x1
 396 0101 76000000 		.4byte	0x76
 397 0105 00000000 		.4byte	.LFB3
 398 0109 1C000000 		.4byte	.LFE3
 399 010d 99000000 		.4byte	.LLST3
 400 0111 00       		.byte	0x0
 401              		.section	.debug_abbrev
 402 0000 01       		.uleb128 0x1
 403 0001 11       		.uleb128 0x11
 404 0002 01       		.byte	0x1
 405 0003 25       		.uleb128 0x25
 406 0004 0E       		.uleb128 0xe
 407 0005 13       		.uleb128 0x13
ARM GAS  C:\Users\arh\AppData\Local\Temp\cctBvEUO.s 			page 10


 408 0006 0B       		.uleb128 0xb
 409 0007 03       		.uleb128 0x3
 410 0008 0E       		.uleb128 0xe
 411 0009 1B       		.uleb128 0x1b
 412 000a 0E       		.uleb128 0xe
 413 000b 11       		.uleb128 0x11
 414 000c 01       		.uleb128 0x1
 415 000d 52       		.uleb128 0x52
 416 000e 01       		.uleb128 0x1
 417 000f 55       		.uleb128 0x55
 418 0010 06       		.uleb128 0x6
 419 0011 10       		.uleb128 0x10
 420 0012 06       		.uleb128 0x6
 421 0013 00       		.byte	0x0
 422 0014 00       		.byte	0x0
 423 0015 02       		.uleb128 0x2
 424 0016 24       		.uleb128 0x24
 425 0017 00       		.byte	0x0
 426 0018 0B       		.uleb128 0xb
 427 0019 0B       		.uleb128 0xb
 428 001a 3E       		.uleb128 0x3e
 429 001b 0B       		.uleb128 0xb
 430 001c 03       		.uleb128 0x3
 431 001d 0E       		.uleb128 0xe
 432 001e 00       		.byte	0x0
 433 001f 00       		.byte	0x0
 434 0020 03       		.uleb128 0x3
 435 0021 24       		.uleb128 0x24
 436 0022 00       		.byte	0x0
 437 0023 0B       		.uleb128 0xb
 438 0024 0B       		.uleb128 0xb
 439 0025 3E       		.uleb128 0x3e
 440 0026 0B       		.uleb128 0xb
 441 0027 03       		.uleb128 0x3
 442 0028 08       		.uleb128 0x8
 443 0029 00       		.byte	0x0
 444 002a 00       		.byte	0x0
 445 002b 04       		.uleb128 0x4
 446 002c 16       		.uleb128 0x16
 447 002d 00       		.byte	0x0
 448 002e 03       		.uleb128 0x3
 449 002f 0E       		.uleb128 0xe
 450 0030 3A       		.uleb128 0x3a
 451 0031 0B       		.uleb128 0xb
 452 0032 3B       		.uleb128 0x3b
 453 0033 0B       		.uleb128 0xb
 454 0034 49       		.uleb128 0x49
 455 0035 13       		.uleb128 0x13
 456 0036 00       		.byte	0x0
 457 0037 00       		.byte	0x0
 458 0038 05       		.uleb128 0x5
 459 0039 2E       		.uleb128 0x2e
 460 003a 01       		.byte	0x1
 461 003b 3F       		.uleb128 0x3f
 462 003c 0C       		.uleb128 0xc
 463 003d 03       		.uleb128 0x3
 464 003e 0E       		.uleb128 0xe
ARM GAS  C:\Users\arh\AppData\Local\Temp\cctBvEUO.s 			page 11


 465 003f 3A       		.uleb128 0x3a
 466 0040 0B       		.uleb128 0xb
 467 0041 3B       		.uleb128 0x3b
 468 0042 0B       		.uleb128 0xb
 469 0043 27       		.uleb128 0x27
 470 0044 0C       		.uleb128 0xc
 471 0045 11       		.uleb128 0x11
 472 0046 01       		.uleb128 0x1
 473 0047 12       		.uleb128 0x12
 474 0048 01       		.uleb128 0x1
 475 0049 40       		.uleb128 0x40
 476 004a 06       		.uleb128 0x6
 477 004b 01       		.uleb128 0x1
 478 004c 13       		.uleb128 0x13
 479 004d 00       		.byte	0x0
 480 004e 00       		.byte	0x0
 481 004f 06       		.uleb128 0x6
 482 0050 05       		.uleb128 0x5
 483 0051 00       		.byte	0x0
 484 0052 03       		.uleb128 0x3
 485 0053 0E       		.uleb128 0xe
 486 0054 3A       		.uleb128 0x3a
 487 0055 0B       		.uleb128 0xb
 488 0056 3B       		.uleb128 0x3b
 489 0057 0B       		.uleb128 0xb
 490 0058 49       		.uleb128 0x49
 491 0059 13       		.uleb128 0x13
 492 005a 02       		.uleb128 0x2
 493 005b 0A       		.uleb128 0xa
 494 005c 00       		.byte	0x0
 495 005d 00       		.byte	0x0
 496 005e 07       		.uleb128 0x7
 497 005f 34       		.uleb128 0x34
 498 0060 00       		.byte	0x0
 499 0061 03       		.uleb128 0x3
 500 0062 0E       		.uleb128 0xe
 501 0063 3A       		.uleb128 0x3a
 502 0064 0B       		.uleb128 0xb
 503 0065 3B       		.uleb128 0x3b
 504 0066 0B       		.uleb128 0xb
 505 0067 49       		.uleb128 0x49
 506 0068 13       		.uleb128 0x13
 507 0069 02       		.uleb128 0x2
 508 006a 0A       		.uleb128 0xa
 509 006b 00       		.byte	0x0
 510 006c 00       		.byte	0x0
 511 006d 08       		.uleb128 0x8
 512 006e 2E       		.uleb128 0x2e
 513 006f 00       		.byte	0x0
 514 0070 3F       		.uleb128 0x3f
 515 0071 0C       		.uleb128 0xc
 516 0072 03       		.uleb128 0x3
 517 0073 0E       		.uleb128 0xe
 518 0074 3A       		.uleb128 0x3a
 519 0075 0B       		.uleb128 0xb
 520 0076 3B       		.uleb128 0x3b
 521 0077 0B       		.uleb128 0xb
ARM GAS  C:\Users\arh\AppData\Local\Temp\cctBvEUO.s 			page 12


 522 0078 27       		.uleb128 0x27
 523 0079 0C       		.uleb128 0xc
 524 007a 49       		.uleb128 0x49
 525 007b 13       		.uleb128 0x13
 526 007c 11       		.uleb128 0x11
 527 007d 01       		.uleb128 0x1
 528 007e 12       		.uleb128 0x12
 529 007f 01       		.uleb128 0x1
 530 0080 40       		.uleb128 0x40
 531 0081 06       		.uleb128 0x6
 532 0082 00       		.byte	0x0
 533 0083 00       		.byte	0x0
 534 0084 00       		.byte	0x0
 535              		.section	.debug_pubnames,"",%progbits
 536 0000 5A000000 		.4byte	0x5a
 537 0004 0200     		.2byte	0x2
 538 0006 00000000 		.4byte	.Ldebug_info0
 539 000a 12010000 		.4byte	0x112
 540 000e 81000000 		.4byte	0x81
 541 0012 50696E5F 		.ascii	"Pin_1_Write\000"
 541      315F5772 
 541      69746500 
 542 001e B7000000 		.4byte	0xb7
 543 0022 50696E5F 		.ascii	"Pin_1_SetDriveMode\000"
 543      315F5365 
 543      74447269 
 543      76654D6F 
 543      646500
 544 0035 DF000000 		.4byte	0xdf
 545 0039 50696E5F 		.ascii	"Pin_1_Read\000"
 545      315F5265 
 545      616400
 546 0044 F8000000 		.4byte	0xf8
 547 0048 50696E5F 		.ascii	"Pin_1_ReadDataReg\000"
 547      315F5265 
 547      61644461 
 547      74615265 
 547      6700
 548 005a 00000000 		.4byte	0x0
 549              		.section	.debug_aranges,"",%progbits
 550 0000 34000000 		.4byte	0x34
 551 0004 0200     		.2byte	0x2
 552 0006 00000000 		.4byte	.Ldebug_info0
 553 000a 04       		.byte	0x4
 554 000b 00       		.byte	0x0
 555 000c 0000     		.2byte	0x0
 556 000e 0000     		.2byte	0x0
 557 0010 00000000 		.4byte	.LFB0
 558 0014 3E000000 		.4byte	.LFE0-.LFB0
 559 0018 00000000 		.4byte	.LFB1
 560 001c 3C000000 		.4byte	.LFE1-.LFB1
 561 0020 00000000 		.4byte	.LFB2
 562 0024 1C000000 		.4byte	.LFE2-.LFB2
 563 0028 00000000 		.4byte	.LFB3
 564 002c 1C000000 		.4byte	.LFE3-.LFB3
 565 0030 00000000 		.4byte	0x0
 566 0034 00000000 		.4byte	0x0
ARM GAS  C:\Users\arh\AppData\Local\Temp\cctBvEUO.s 			page 13


 567              		.section	.debug_ranges,"",%progbits
 568              	.Ldebug_ranges0:
 569 0000 00000000 		.4byte	.Ltext0
 570 0004 00000000 		.4byte	.Letext0
 571 0008 00000000 		.4byte	.LFB0
 572 000c 3E000000 		.4byte	.LFE0
 573 0010 00000000 		.4byte	.LFB1
 574 0014 3C000000 		.4byte	.LFE1
 575 0018 00000000 		.4byte	.LFB2
 576 001c 1C000000 		.4byte	.LFE2
 577 0020 00000000 		.4byte	.LFB3
 578 0024 1C000000 		.4byte	.LFE3
 579 0028 00000000 		.4byte	0x0
 580 002c 00000000 		.4byte	0x0
 581              		.section	.debug_str,"MS",%progbits,1
 582              	.LASF6:
 583 0000 6C6F6E67 		.ascii	"long long int\000"
 583      206C6F6E 
 583      6720696E 
 583      7400
 584              	.LASF12:
 585 000e 76616C75 		.ascii	"value\000"
 585      6500
 586              	.LASF20:
 587 0014 73746174 		.ascii	"staticBits\000"
 587      69634269 
 587      747300
 588              	.LASF18:
 589 001f 433A5C55 		.ascii	"C:\\Users\\arh\\Documents\\PSoC Creator\\Design07\\"
 589      73657273 
 589      5C617268 
 589      5C446F63 
 589      756D656E 
 590 004c 6364732E 		.ascii	"cds.cydsn\000"
 590      63796473 
 590      6E00
 591              	.LASF1:
 592 0056 756E7369 		.ascii	"unsigned char\000"
 592      676E6564 
 592      20636861 
 592      7200
 593              	.LASF5:
 594 0064 6C6F6E67 		.ascii	"long unsigned int\000"
 594      20756E73 
 594      69676E65 
 594      6420696E 
 594      7400
 595              	.LASF3:
 596 0076 73686F72 		.ascii	"short unsigned int\000"
 596      7420756E 
 596      7369676E 
 596      65642069 
 596      6E7400
 597              	.LASF11:
 598 0089 50696E5F 		.ascii	"Pin_1_SetDriveMode\000"
 598      315F5365 
 598      74447269 
ARM GAS  C:\Users\arh\AppData\Local\Temp\cctBvEUO.s 			page 14


 598      76654D6F 
 598      646500
 599              	.LASF8:
 600 009c 756E7369 		.ascii	"unsigned int\000"
 600      676E6564 
 600      20696E74 
 600      00
 601              	.LASF7:
 602 00a9 6C6F6E67 		.ascii	"long long unsigned int\000"
 602      206C6F6E 
 602      6720756E 
 602      7369676E 
 602      65642069 
 603              	.LASF13:
 604 00c0 6D6F6465 		.ascii	"mode\000"
 604      00
 605              	.LASF14:
 606 00c5 50696E5F 		.ascii	"Pin_1_Read\000"
 606      315F5265 
 606      616400
 607              	.LASF16:
 608 00d0 474E5520 		.ascii	"GNU C 4.4.1\000"
 608      4320342E 
 608      342E3100 
 609              	.LASF9:
 610 00dc 63686172 		.ascii	"char\000"
 610      00
 611              	.LASF2:
 612 00e1 73686F72 		.ascii	"short int\000"
 612      7420696E 
 612      7400
 613              	.LASF19:
 614 00eb 75696E74 		.ascii	"uint8\000"
 614      3800
 615              	.LASF17:
 616 00f1 2E5C4765 		.ascii	".\\Generated_Source\\PSoC5\\Pin_1.c\000"
 616      6E657261 
 616      7465645F 
 616      536F7572 
 616      63655C50 
 617              	.LASF15:
 618 0112 50696E5F 		.ascii	"Pin_1_ReadDataReg\000"
 618      315F5265 
 618      61644461 
 618      74615265 
 618      6700
 619              	.LASF4:
 620 0124 6C6F6E67 		.ascii	"long int\000"
 620      20696E74 
 620      00
 621              	.LASF0:
 622 012d 7369676E 		.ascii	"signed char\000"
 622      65642063 
 622      68617200 
 623              	.LASF10:
 624 0139 50696E5F 		.ascii	"Pin_1_Write\000"
 624      315F5772 
ARM GAS  C:\Users\arh\AppData\Local\Temp\cctBvEUO.s 			page 15


 624      69746500 
 625              		.ident	"GCC: (Sourcery G++ Lite 2010q1-188) 4.4.1"
