ARM GAS  C:\Users\arh\AppData\Local\Temp\ccDsIdyy.s 			page 1


   1              		.syntax unified
   2              		.cpu cortex-m3
   3              		.fpu softvfp
   4              		.eabi_attribute 20, 1
   5              		.eabi_attribute 21, 1
   6              		.eabi_attribute 23, 3
   7              		.eabi_attribute 24, 1
   8              		.eabi_attribute 25, 1
   9              		.eabi_attribute 26, 1
  10              		.eabi_attribute 30, 6
  11              		.eabi_attribute 18, 4
  12              		.thumb
  13              		.file	"Pin_2.c"
  14              		.section	.debug_abbrev,"",%progbits
  15              	.Ldebug_abbrev0:
  16              		.section	.debug_info,"",%progbits
  17              	.Ldebug_info0:
  18              		.section	.debug_line,"",%progbits
  19              	.Ldebug_line0:
  20 0000 AC000000 		.text
  20      02005E00 
  20      00000201 
  20      FB0E0D00 
  20      01010101 
  21              	.Ltext0:
  22              		.cfi_sections	.debug_frame
  23              		.section	.text.Pin_2_Write,"ax",%progbits
  24              		.align	2
  25              		.global	Pin_2_Write
  26              		.thumb
  27              		.thumb_func
  28              		.type	Pin_2_Write, %function
  29              	Pin_2_Write:
  30              	.LFB0:
  31              		.file 1 ".\\Generated_Source\\PSoC5\\Pin_2.c"
   1:.\Generated_Source\PSoC5/Pin_2.c **** /*******************************************************************************
   2:.\Generated_Source\PSoC5/Pin_2.c **** * File Name: Pin_2.c  
   3:.\Generated_Source\PSoC5/Pin_2.c **** * Version 1.70
   4:.\Generated_Source\PSoC5/Pin_2.c **** *
   5:.\Generated_Source\PSoC5/Pin_2.c **** * Description:
   6:.\Generated_Source\PSoC5/Pin_2.c **** *  This file contains API to enable firmware control of a Pins component.
   7:.\Generated_Source\PSoC5/Pin_2.c **** *
   8:.\Generated_Source\PSoC5/Pin_2.c **** * Note:
   9:.\Generated_Source\PSoC5/Pin_2.c **** *
  10:.\Generated_Source\PSoC5/Pin_2.c **** ********************************************************************************
  11:.\Generated_Source\PSoC5/Pin_2.c **** * Copyright 2008-2010, Cypress Semiconductor Corporation.  All rights reserved.
  12:.\Generated_Source\PSoC5/Pin_2.c **** * You may use this file only in accordance with the license, terms, conditions, 
  13:.\Generated_Source\PSoC5/Pin_2.c **** * disclaimers, and limitations in the end user license agreement accompanying 
  14:.\Generated_Source\PSoC5/Pin_2.c **** * the software package with which this file was provided.
  15:.\Generated_Source\PSoC5/Pin_2.c **** ********************************************************************************/
  16:.\Generated_Source\PSoC5/Pin_2.c **** 
  17:.\Generated_Source\PSoC5/Pin_2.c **** #include "cytypes.h"
  18:.\Generated_Source\PSoC5/Pin_2.c **** #include "Pin_2.h"
  19:.\Generated_Source\PSoC5/Pin_2.c **** 
  20:.\Generated_Source\PSoC5/Pin_2.c **** /* APIs are not generated for P15[7:6] */
  21:.\Generated_Source\PSoC5/Pin_2.c **** #if !(CY_PSOC5A &&\
  22:.\Generated_Source\PSoC5/Pin_2.c **** 	 Pin_2__PORT == 15 && (Pin_2__MASK & 0xC0))
ARM GAS  C:\Users\arh\AppData\Local\Temp\ccDsIdyy.s 			page 2


  23:.\Generated_Source\PSoC5/Pin_2.c **** 
  24:.\Generated_Source\PSoC5/Pin_2.c **** /*******************************************************************************
  25:.\Generated_Source\PSoC5/Pin_2.c **** * Function Name: Pin_2_Write
  26:.\Generated_Source\PSoC5/Pin_2.c **** ********************************************************************************
  27:.\Generated_Source\PSoC5/Pin_2.c **** * Summary:
  28:.\Generated_Source\PSoC5/Pin_2.c **** *  Assign a new value to the digital port's data output register.  
  29:.\Generated_Source\PSoC5/Pin_2.c **** *
  30:.\Generated_Source\PSoC5/Pin_2.c **** * Parameters:  
  31:.\Generated_Source\PSoC5/Pin_2.c **** *  prtValue:  The value to be assigned to the Digital Port. 
  32:.\Generated_Source\PSoC5/Pin_2.c **** *
  33:.\Generated_Source\PSoC5/Pin_2.c **** * Return: 
  34:.\Generated_Source\PSoC5/Pin_2.c **** *  void 
  35:.\Generated_Source\PSoC5/Pin_2.c **** *  
  36:.\Generated_Source\PSoC5/Pin_2.c **** *******************************************************************************/
  37:.\Generated_Source\PSoC5/Pin_2.c **** void Pin_2_Write(uint8 value) 
  38:.\Generated_Source\PSoC5/Pin_2.c **** {
  32              		.loc 1 38 0
  33              		.cfi_startproc
  34              		@ args = 0, pretend = 0, frame = 16
  35              		@ frame_needed = 1, uses_anonymous_args = 0
  36              		@ link register save eliminated.
  37 0000 80B4     		push	{r7}
  38              	.LCFI0:
  39              		.cfi_def_cfa_offset 4
  40 0002 85B0     		sub	sp, sp, #20
  41              	.LCFI1:
  42              		.cfi_def_cfa_offset 24
  43 0004 00AF     		add	r7, sp, #0
  44              		.cfi_offset 7, -4
  45              	.LCFI2:
  46              		.cfi_def_cfa_register 7
  47 0006 0346     		mov	r3, r0
  48 0008 FB71     		strb	r3, [r7, #7]
  39:.\Generated_Source\PSoC5/Pin_2.c ****     uint8 staticBits = Pin_2_DR & ~Pin_2_MASK;
  49              		.loc 1 39 0
  50 000a 45F20013 		movw	r3, #:lower16:1073762560
  51 000e C4F20003 		movt	r3, #:upper16:1073762560
  52 0012 1B78     		ldrb	r3, [r3, #0]
  53 0014 DBB2     		uxtb	r3, r3
  54 0016 23F00203 		bic	r3, r3, #2
  55 001a FB73     		strb	r3, [r7, #15]
  40:.\Generated_Source\PSoC5/Pin_2.c ****     Pin_2_DR = staticBits | ((value << Pin_2_SHIFT) & Pin_2_MASK);
  56              		.loc 1 40 0
  57 001c 45F20013 		movw	r3, #:lower16:1073762560
  58 0020 C4F20003 		movt	r3, #:upper16:1073762560
  59 0024 FA79     		ldrb	r2, [r7, #7]
  60 0026 4FEA4202 		lsl	r2, r2, #1
  61 002a D2B2     		uxtb	r2, r2
  62 002c 02F00202 		and	r2, r2, #2
  63 0030 F97B     		ldrb	r1, [r7, #15]
  64 0032 42EA0102 		orr	r2, r2, r1
  65 0036 D2B2     		uxtb	r2, r2
  66 0038 1A70     		strb	r2, [r3, #0]
  41:.\Generated_Source\PSoC5/Pin_2.c **** }
  67              		.loc 1 41 0
  68 003a 07F11407 		add	r7, r7, #20
  69 003e BD46     		mov	sp, r7
ARM GAS  C:\Users\arh\AppData\Local\Temp\ccDsIdyy.s 			page 3


  70 0040 80BC     		pop	{r7}
  71 0042 7047     		bx	lr
  72              		.cfi_endproc
  73              	.LFE0:
  74              		.size	Pin_2_Write, .-Pin_2_Write
  75              		.section	.text.Pin_2_SetDriveMode,"ax",%progbits
  76              		.align	2
  77              		.global	Pin_2_SetDriveMode
  78              		.thumb
  79              		.thumb_func
  80              		.type	Pin_2_SetDriveMode, %function
  81              	Pin_2_SetDriveMode:
  82              	.LFB1:
  42:.\Generated_Source\PSoC5/Pin_2.c **** 
  43:.\Generated_Source\PSoC5/Pin_2.c **** 
  44:.\Generated_Source\PSoC5/Pin_2.c **** /*******************************************************************************
  45:.\Generated_Source\PSoC5/Pin_2.c **** * Function Name: Pin_2_SetDriveMode
  46:.\Generated_Source\PSoC5/Pin_2.c **** ********************************************************************************
  47:.\Generated_Source\PSoC5/Pin_2.c **** * Summary:
  48:.\Generated_Source\PSoC5/Pin_2.c **** *  Change the drive mode on the pins of the port.
  49:.\Generated_Source\PSoC5/Pin_2.c **** * 
  50:.\Generated_Source\PSoC5/Pin_2.c **** * Parameters:  
  51:.\Generated_Source\PSoC5/Pin_2.c **** *  mode:  Change the pins to this drive mode.
  52:.\Generated_Source\PSoC5/Pin_2.c **** *
  53:.\Generated_Source\PSoC5/Pin_2.c **** * Return: 
  54:.\Generated_Source\PSoC5/Pin_2.c **** *  void
  55:.\Generated_Source\PSoC5/Pin_2.c **** *
  56:.\Generated_Source\PSoC5/Pin_2.c **** *******************************************************************************/
  57:.\Generated_Source\PSoC5/Pin_2.c **** void Pin_2_SetDriveMode(uint8 mode) 
  58:.\Generated_Source\PSoC5/Pin_2.c **** {
  83              		.loc 1 58 0
  84              		.cfi_startproc
  85              		@ args = 0, pretend = 0, frame = 8
  86              		@ frame_needed = 1, uses_anonymous_args = 0
  87              		@ link register save eliminated.
  88 0000 80B4     		push	{r7}
  89              	.LCFI3:
  90              		.cfi_def_cfa_offset 4
  91 0002 83B0     		sub	sp, sp, #12
  92              	.LCFI4:
  93              		.cfi_def_cfa_offset 16
  94 0004 00AF     		add	r7, sp, #0
  95              		.cfi_offset 7, -4
  96              	.LCFI5:
  97              		.cfi_def_cfa_register 7
  98 0006 0346     		mov	r3, r0
  99 0008 FB71     		strb	r3, [r7, #7]
  59:.\Generated_Source\PSoC5/Pin_2.c **** 	CyPins_SetPinDriveMode(Pin_2_0, mode);
 100              		.loc 1 59 0
 101 000a 45F20103 		movw	r3, #:lower16:1073762305
 102 000e C4F20003 		movt	r3, #:upper16:1073762305
 103 0012 45F20102 		movw	r2, #:lower16:1073762305
 104 0016 C4F20002 		movt	r2, #:upper16:1073762305
 105 001a 1278     		ldrb	r2, [r2, #0]
 106 001c D2B2     		uxtb	r2, r2
 107 001e 1146     		mov	r1, r2
 108 0020 01F0F101 		and	r1, r1, #241
ARM GAS  C:\Users\arh\AppData\Local\Temp\ccDsIdyy.s 			page 4


 109 0024 FA79     		ldrb	r2, [r7, #7]	@ zero_extendqisi2
 110 0026 02F00E02 		and	r2, r2, #14
 111 002a 41EA0202 		orr	r2, r1, r2
 112 002e D2B2     		uxtb	r2, r2
 113 0030 1A70     		strb	r2, [r3, #0]
  60:.\Generated_Source\PSoC5/Pin_2.c **** }
 114              		.loc 1 60 0
 115 0032 07F10C07 		add	r7, r7, #12
 116 0036 BD46     		mov	sp, r7
 117 0038 80BC     		pop	{r7}
 118 003a 7047     		bx	lr
 119              		.cfi_endproc
 120              	.LFE1:
 121              		.size	Pin_2_SetDriveMode, .-Pin_2_SetDriveMode
 122              		.section	.text.Pin_2_Read,"ax",%progbits
 123              		.align	2
 124              		.global	Pin_2_Read
 125              		.thumb
 126              		.thumb_func
 127              		.type	Pin_2_Read, %function
 128              	Pin_2_Read:
 129              	.LFB2:
  61:.\Generated_Source\PSoC5/Pin_2.c **** 
  62:.\Generated_Source\PSoC5/Pin_2.c **** 
  63:.\Generated_Source\PSoC5/Pin_2.c **** /*******************************************************************************
  64:.\Generated_Source\PSoC5/Pin_2.c **** * Function Name: Pin_2_Read
  65:.\Generated_Source\PSoC5/Pin_2.c **** ********************************************************************************
  66:.\Generated_Source\PSoC5/Pin_2.c **** * Summary:
  67:.\Generated_Source\PSoC5/Pin_2.c **** *  Read the current value on the pins of the Digital Port in right justified 
  68:.\Generated_Source\PSoC5/Pin_2.c **** *  form.
  69:.\Generated_Source\PSoC5/Pin_2.c **** *
  70:.\Generated_Source\PSoC5/Pin_2.c **** * Parameters:  
  71:.\Generated_Source\PSoC5/Pin_2.c **** *  void 
  72:.\Generated_Source\PSoC5/Pin_2.c **** *
  73:.\Generated_Source\PSoC5/Pin_2.c **** * Return: 
  74:.\Generated_Source\PSoC5/Pin_2.c **** *  Returns the current value of the Digital Port as a right justified number
  75:.\Generated_Source\PSoC5/Pin_2.c **** *  
  76:.\Generated_Source\PSoC5/Pin_2.c **** * Note:
  77:.\Generated_Source\PSoC5/Pin_2.c **** *  Macro Pin_2_ReadPS calls this function. 
  78:.\Generated_Source\PSoC5/Pin_2.c **** *  
  79:.\Generated_Source\PSoC5/Pin_2.c **** *******************************************************************************/
  80:.\Generated_Source\PSoC5/Pin_2.c **** uint8 Pin_2_Read(void) 
  81:.\Generated_Source\PSoC5/Pin_2.c **** {
 130              		.loc 1 81 0
 131              		.cfi_startproc
 132              		@ args = 0, pretend = 0, frame = 0
 133              		@ frame_needed = 1, uses_anonymous_args = 0
 134              		@ link register save eliminated.
 135 0000 80B4     		push	{r7}
 136              	.LCFI6:
 137              		.cfi_def_cfa_offset 4
 138 0002 00AF     		add	r7, sp, #0
 139              		.cfi_offset 7, -4
 140              	.LCFI7:
 141              		.cfi_def_cfa_register 7
  82:.\Generated_Source\PSoC5/Pin_2.c ****     return (Pin_2_PS & Pin_2_MASK) >> Pin_2_SHIFT;
 142              		.loc 1 82 0
ARM GAS  C:\Users\arh\AppData\Local\Temp\ccDsIdyy.s 			page 5


 143 0004 45F20113 		movw	r3, #:lower16:1073762561
 144 0008 C4F20003 		movt	r3, #:upper16:1073762561
 145 000c 1B78     		ldrb	r3, [r3, #0]
 146 000e DBB2     		uxtb	r3, r3
 147 0010 03F00203 		and	r3, r3, #2
 148 0014 4FEA5303 		lsr	r3, r3, #1
 149 0018 DBB2     		uxtb	r3, r3
  83:.\Generated_Source\PSoC5/Pin_2.c **** }
 150              		.loc 1 83 0
 151 001a 1846     		mov	r0, r3
 152 001c BD46     		mov	sp, r7
 153 001e 80BC     		pop	{r7}
 154 0020 7047     		bx	lr
 155              		.cfi_endproc
 156              	.LFE2:
 157              		.size	Pin_2_Read, .-Pin_2_Read
 158 0022 00BF     		.section	.text.Pin_2_ReadDataReg,"ax",%progbits
 159              		.align	2
 160              		.global	Pin_2_ReadDataReg
 161              		.thumb
 162              		.thumb_func
 163              		.type	Pin_2_ReadDataReg, %function
 164              	Pin_2_ReadDataReg:
 165              	.LFB3:
  84:.\Generated_Source\PSoC5/Pin_2.c **** 
  85:.\Generated_Source\PSoC5/Pin_2.c **** 
  86:.\Generated_Source\PSoC5/Pin_2.c **** /*******************************************************************************
  87:.\Generated_Source\PSoC5/Pin_2.c **** * Function Name: Pin_2_ReadDataReg
  88:.\Generated_Source\PSoC5/Pin_2.c **** ********************************************************************************
  89:.\Generated_Source\PSoC5/Pin_2.c **** * Summary:
  90:.\Generated_Source\PSoC5/Pin_2.c **** *  Read the current value assigned to a Digital Port's data output register
  91:.\Generated_Source\PSoC5/Pin_2.c **** *
  92:.\Generated_Source\PSoC5/Pin_2.c **** * Parameters:  
  93:.\Generated_Source\PSoC5/Pin_2.c **** *  void 
  94:.\Generated_Source\PSoC5/Pin_2.c **** *
  95:.\Generated_Source\PSoC5/Pin_2.c **** * Return: 
  96:.\Generated_Source\PSoC5/Pin_2.c **** *  Returns the current value assigned to the Digital Port's data output register
  97:.\Generated_Source\PSoC5/Pin_2.c **** *  
  98:.\Generated_Source\PSoC5/Pin_2.c **** *******************************************************************************/
  99:.\Generated_Source\PSoC5/Pin_2.c **** uint8 Pin_2_ReadDataReg(void) 
 100:.\Generated_Source\PSoC5/Pin_2.c **** {
 166              		.loc 1 100 0
 167              		.cfi_startproc
 168              		@ args = 0, pretend = 0, frame = 0
 169              		@ frame_needed = 1, uses_anonymous_args = 0
 170              		@ link register save eliminated.
 171 0000 80B4     		push	{r7}
 172              	.LCFI8:
 173              		.cfi_def_cfa_offset 4
 174 0002 00AF     		add	r7, sp, #0
 175              		.cfi_offset 7, -4
 176              	.LCFI9:
 177              		.cfi_def_cfa_register 7
 101:.\Generated_Source\PSoC5/Pin_2.c ****     return (Pin_2_DR & Pin_2_MASK) >> Pin_2_SHIFT;
 178              		.loc 1 101 0
 179 0004 45F20013 		movw	r3, #:lower16:1073762560
 180 0008 C4F20003 		movt	r3, #:upper16:1073762560
ARM GAS  C:\Users\arh\AppData\Local\Temp\ccDsIdyy.s 			page 6


 181 000c 1B78     		ldrb	r3, [r3, #0]
 182 000e DBB2     		uxtb	r3, r3
 183 0010 03F00203 		and	r3, r3, #2
 184 0014 4FEA5303 		lsr	r3, r3, #1
 185 0018 DBB2     		uxtb	r3, r3
 102:.\Generated_Source\PSoC5/Pin_2.c **** }
 186              		.loc 1 102 0
 187 001a 1846     		mov	r0, r3
 188 001c BD46     		mov	sp, r7
 189 001e 80BC     		pop	{r7}
 190 0020 7047     		bx	lr
 191              		.cfi_endproc
 192              	.LFE3:
 193              		.size	Pin_2_ReadDataReg, .-Pin_2_ReadDataReg
 194 0022 00BF     		.text
 195              	.Letext0:
 196              		.section	.debug_loc,"",%progbits
 197              	.Ldebug_loc0:
 198              	.LLST0:
 199 0000 00000000 		.4byte	.LFB0
 200 0004 02000000 		.4byte	.LCFI0
 201 0008 0100     		.2byte	0x1
 202 000a 5D       		.byte	0x5d
 203 000b 02000000 		.4byte	.LCFI0
 204 000f 04000000 		.4byte	.LCFI1
 205 0013 0200     		.2byte	0x2
 206 0015 7D       		.byte	0x7d
 207 0016 04       		.sleb128 4
 208 0017 04000000 		.4byte	.LCFI1
 209 001b 06000000 		.4byte	.LCFI2
 210 001f 0200     		.2byte	0x2
 211 0021 7D       		.byte	0x7d
 212 0022 18       		.sleb128 24
 213 0023 06000000 		.4byte	.LCFI2
 214 0027 44000000 		.4byte	.LFE0
 215 002b 0200     		.2byte	0x2
 216 002d 77       		.byte	0x77
 217 002e 18       		.sleb128 24
 218 002f 00000000 		.4byte	0x0
 219 0033 00000000 		.4byte	0x0
 220              	.LLST1:
 221 0037 00000000 		.4byte	.LFB1
 222 003b 02000000 		.4byte	.LCFI3
 223 003f 0100     		.2byte	0x1
 224 0041 5D       		.byte	0x5d
 225 0042 02000000 		.4byte	.LCFI3
 226 0046 04000000 		.4byte	.LCFI4
 227 004a 0200     		.2byte	0x2
 228 004c 7D       		.byte	0x7d
 229 004d 04       		.sleb128 4
 230 004e 04000000 		.4byte	.LCFI4
 231 0052 06000000 		.4byte	.LCFI5
 232 0056 0200     		.2byte	0x2
 233 0058 7D       		.byte	0x7d
 234 0059 10       		.sleb128 16
 235 005a 06000000 		.4byte	.LCFI5
 236 005e 3C000000 		.4byte	.LFE1
ARM GAS  C:\Users\arh\AppData\Local\Temp\ccDsIdyy.s 			page 7


 237 0062 0200     		.2byte	0x2
 238 0064 77       		.byte	0x77
 239 0065 10       		.sleb128 16
 240 0066 00000000 		.4byte	0x0
 241 006a 00000000 		.4byte	0x0
 242              	.LLST2:
 243 006e 00000000 		.4byte	.LFB2
 244 0072 02000000 		.4byte	.LCFI6
 245 0076 0100     		.2byte	0x1
 246 0078 5D       		.byte	0x5d
 247 0079 02000000 		.4byte	.LCFI6
 248 007d 04000000 		.4byte	.LCFI7
 249 0081 0200     		.2byte	0x2
 250 0083 7D       		.byte	0x7d
 251 0084 04       		.sleb128 4
 252 0085 04000000 		.4byte	.LCFI7
 253 0089 22000000 		.4byte	.LFE2
 254 008d 0200     		.2byte	0x2
 255 008f 77       		.byte	0x77
 256 0090 04       		.sleb128 4
 257 0091 00000000 		.4byte	0x0
 258 0095 00000000 		.4byte	0x0
 259              	.LLST3:
 260 0099 00000000 		.4byte	.LFB3
 261 009d 02000000 		.4byte	.LCFI8
 262 00a1 0100     		.2byte	0x1
 263 00a3 5D       		.byte	0x5d
 264 00a4 02000000 		.4byte	.LCFI8
 265 00a8 04000000 		.4byte	.LCFI9
 266 00ac 0200     		.2byte	0x2
 267 00ae 7D       		.byte	0x7d
 268 00af 04       		.sleb128 4
 269 00b0 04000000 		.4byte	.LCFI9
 270 00b4 22000000 		.4byte	.LFE3
 271 00b8 0200     		.2byte	0x2
 272 00ba 77       		.byte	0x77
 273 00bb 04       		.sleb128 4
 274 00bc 00000000 		.4byte	0x0
 275 00c0 00000000 		.4byte	0x0
 276              		.file 2 ".\\Generated_Source\\PSoC5\\/cytypes.h"
 277              		.section	.debug_info
 278 0000 0E010000 		.4byte	0x10e
 279 0004 0200     		.2byte	0x2
 280 0006 00000000 		.4byte	.Ldebug_abbrev0
 281 000a 04       		.byte	0x4
 282 000b 01       		.uleb128 0x1
 283 000c 0F010000 		.4byte	.LASF16
 284 0010 01       		.byte	0x1
 285 0011 80000000 		.4byte	.LASF17
 286 0015 36000000 		.4byte	.LASF18
 287 0019 00000000 		.4byte	0x0
 288 001d 00000000 		.4byte	0x0
 289 0021 00000000 		.4byte	.Ldebug_ranges0+0x0
 290 0025 00000000 		.4byte	.Ldebug_line0
 291 0029 02       		.uleb128 0x2
 292 002a 01       		.byte	0x1
 293 002b 06       		.byte	0x6
ARM GAS  C:\Users\arh\AppData\Local\Temp\ccDsIdyy.s 			page 8


 294 002c 39010000 		.4byte	.LASF0
 295 0030 02       		.uleb128 0x2
 296 0031 01       		.byte	0x1
 297 0032 08       		.byte	0x8
 298 0033 A1000000 		.4byte	.LASF1
 299 0037 02       		.uleb128 0x2
 300 0038 02       		.byte	0x2
 301 0039 05       		.byte	0x5
 302 003a 20010000 		.4byte	.LASF2
 303 003e 02       		.uleb128 0x2
 304 003f 02       		.byte	0x2
 305 0040 07       		.byte	0x7
 306 0041 C1000000 		.4byte	.LASF3
 307 0045 02       		.uleb128 0x2
 308 0046 04       		.byte	0x4
 309 0047 05       		.byte	0x5
 310 0048 30010000 		.4byte	.LASF4
 311 004c 02       		.uleb128 0x2
 312 004d 04       		.byte	0x4
 313 004e 07       		.byte	0x7
 314 004f AF000000 		.4byte	.LASF5
 315 0053 02       		.uleb128 0x2
 316 0054 08       		.byte	0x8
 317 0055 05       		.byte	0x5
 318 0056 00000000 		.4byte	.LASF6
 319 005a 02       		.uleb128 0x2
 320 005b 08       		.byte	0x8
 321 005c 07       		.byte	0x7
 322 005d F3000000 		.4byte	.LASF7
 323 0061 03       		.uleb128 0x3
 324 0062 04       		.byte	0x4
 325 0063 05       		.byte	0x5
 326 0064 696E7400 		.ascii	"int\000"
 327 0068 02       		.uleb128 0x2
 328 0069 04       		.byte	0x4
 329 006a 07       		.byte	0x7
 330 006b D4000000 		.4byte	.LASF8
 331 006f 02       		.uleb128 0x2
 332 0070 01       		.byte	0x1
 333 0071 08       		.byte	0x8
 334 0072 1B010000 		.4byte	.LASF9
 335 0076 04       		.uleb128 0x4
 336 0077 2A010000 		.4byte	.LASF19
 337 007b 02       		.byte	0x2
 338 007c 60       		.byte	0x60
 339 007d 30000000 		.4byte	0x30
 340 0081 05       		.uleb128 0x5
 341 0082 01       		.byte	0x1
 342 0083 0E000000 		.4byte	.LASF10
 343 0087 01       		.byte	0x1
 344 0088 25       		.byte	0x25
 345 0089 01       		.byte	0x1
 346 008a 00000000 		.4byte	.LFB0
 347 008e 44000000 		.4byte	.LFE0
 348 0092 00000000 		.4byte	.LLST0
 349 0096 B7000000 		.4byte	0xb7
 350 009a 06       		.uleb128 0x6
ARM GAS  C:\Users\arh\AppData\Local\Temp\ccDsIdyy.s 			page 9


 351 009b 25000000 		.4byte	.LASF12
 352 009f 01       		.byte	0x1
 353 00a0 25       		.byte	0x25
 354 00a1 76000000 		.4byte	0x76
 355 00a5 02       		.byte	0x2
 356 00a6 91       		.byte	0x91
 357 00a7 6F       		.sleb128 -17
 358 00a8 07       		.uleb128 0x7
 359 00a9 2B000000 		.4byte	.LASF20
 360 00ad 01       		.byte	0x1
 361 00ae 27       		.byte	0x27
 362 00af 76000000 		.4byte	0x76
 363 00b3 02       		.byte	0x2
 364 00b4 91       		.byte	0x91
 365 00b5 77       		.sleb128 -9
 366 00b6 00       		.byte	0x0
 367 00b7 05       		.uleb128 0x5
 368 00b8 01       		.byte	0x1
 369 00b9 6D000000 		.4byte	.LASF11
 370 00bd 01       		.byte	0x1
 371 00be 39       		.byte	0x39
 372 00bf 01       		.byte	0x1
 373 00c0 00000000 		.4byte	.LFB1
 374 00c4 3C000000 		.4byte	.LFE1
 375 00c8 37000000 		.4byte	.LLST1
 376 00cc DF000000 		.4byte	0xdf
 377 00d0 06       		.uleb128 0x6
 378 00d1 0A010000 		.4byte	.LASF13
 379 00d5 01       		.byte	0x1
 380 00d6 39       		.byte	0x39
 381 00d7 76000000 		.4byte	0x76
 382 00db 02       		.byte	0x2
 383 00dc 91       		.byte	0x91
 384 00dd 77       		.sleb128 -9
 385 00de 00       		.byte	0x0
 386 00df 08       		.uleb128 0x8
 387 00e0 01       		.byte	0x1
 388 00e1 1A000000 		.4byte	.LASF14
 389 00e5 01       		.byte	0x1
 390 00e6 50       		.byte	0x50
 391 00e7 01       		.byte	0x1
 392 00e8 76000000 		.4byte	0x76
 393 00ec 00000000 		.4byte	.LFB2
 394 00f0 22000000 		.4byte	.LFE2
 395 00f4 6E000000 		.4byte	.LLST2
 396 00f8 08       		.uleb128 0x8
 397 00f9 01       		.byte	0x1
 398 00fa E1000000 		.4byte	.LASF15
 399 00fe 01       		.byte	0x1
 400 00ff 63       		.byte	0x63
 401 0100 01       		.byte	0x1
 402 0101 76000000 		.4byte	0x76
 403 0105 00000000 		.4byte	.LFB3
 404 0109 22000000 		.4byte	.LFE3
 405 010d 99000000 		.4byte	.LLST3
 406 0111 00       		.byte	0x0
 407              		.section	.debug_abbrev
ARM GAS  C:\Users\arh\AppData\Local\Temp\ccDsIdyy.s 			page 10


 408 0000 01       		.uleb128 0x1
 409 0001 11       		.uleb128 0x11
 410 0002 01       		.byte	0x1
 411 0003 25       		.uleb128 0x25
 412 0004 0E       		.uleb128 0xe
 413 0005 13       		.uleb128 0x13
 414 0006 0B       		.uleb128 0xb
 415 0007 03       		.uleb128 0x3
 416 0008 0E       		.uleb128 0xe
 417 0009 1B       		.uleb128 0x1b
 418 000a 0E       		.uleb128 0xe
 419 000b 11       		.uleb128 0x11
 420 000c 01       		.uleb128 0x1
 421 000d 52       		.uleb128 0x52
 422 000e 01       		.uleb128 0x1
 423 000f 55       		.uleb128 0x55
 424 0010 06       		.uleb128 0x6
 425 0011 10       		.uleb128 0x10
 426 0012 06       		.uleb128 0x6
 427 0013 00       		.byte	0x0
 428 0014 00       		.byte	0x0
 429 0015 02       		.uleb128 0x2
 430 0016 24       		.uleb128 0x24
 431 0017 00       		.byte	0x0
 432 0018 0B       		.uleb128 0xb
 433 0019 0B       		.uleb128 0xb
 434 001a 3E       		.uleb128 0x3e
 435 001b 0B       		.uleb128 0xb
 436 001c 03       		.uleb128 0x3
 437 001d 0E       		.uleb128 0xe
 438 001e 00       		.byte	0x0
 439 001f 00       		.byte	0x0
 440 0020 03       		.uleb128 0x3
 441 0021 24       		.uleb128 0x24
 442 0022 00       		.byte	0x0
 443 0023 0B       		.uleb128 0xb
 444 0024 0B       		.uleb128 0xb
 445 0025 3E       		.uleb128 0x3e
 446 0026 0B       		.uleb128 0xb
 447 0027 03       		.uleb128 0x3
 448 0028 08       		.uleb128 0x8
 449 0029 00       		.byte	0x0
 450 002a 00       		.byte	0x0
 451 002b 04       		.uleb128 0x4
 452 002c 16       		.uleb128 0x16
 453 002d 00       		.byte	0x0
 454 002e 03       		.uleb128 0x3
 455 002f 0E       		.uleb128 0xe
 456 0030 3A       		.uleb128 0x3a
 457 0031 0B       		.uleb128 0xb
 458 0032 3B       		.uleb128 0x3b
 459 0033 0B       		.uleb128 0xb
 460 0034 49       		.uleb128 0x49
 461 0035 13       		.uleb128 0x13
 462 0036 00       		.byte	0x0
 463 0037 00       		.byte	0x0
 464 0038 05       		.uleb128 0x5
ARM GAS  C:\Users\arh\AppData\Local\Temp\ccDsIdyy.s 			page 11


 465 0039 2E       		.uleb128 0x2e
 466 003a 01       		.byte	0x1
 467 003b 3F       		.uleb128 0x3f
 468 003c 0C       		.uleb128 0xc
 469 003d 03       		.uleb128 0x3
 470 003e 0E       		.uleb128 0xe
 471 003f 3A       		.uleb128 0x3a
 472 0040 0B       		.uleb128 0xb
 473 0041 3B       		.uleb128 0x3b
 474 0042 0B       		.uleb128 0xb
 475 0043 27       		.uleb128 0x27
 476 0044 0C       		.uleb128 0xc
 477 0045 11       		.uleb128 0x11
 478 0046 01       		.uleb128 0x1
 479 0047 12       		.uleb128 0x12
 480 0048 01       		.uleb128 0x1
 481 0049 40       		.uleb128 0x40
 482 004a 06       		.uleb128 0x6
 483 004b 01       		.uleb128 0x1
 484 004c 13       		.uleb128 0x13
 485 004d 00       		.byte	0x0
 486 004e 00       		.byte	0x0
 487 004f 06       		.uleb128 0x6
 488 0050 05       		.uleb128 0x5
 489 0051 00       		.byte	0x0
 490 0052 03       		.uleb128 0x3
 491 0053 0E       		.uleb128 0xe
 492 0054 3A       		.uleb128 0x3a
 493 0055 0B       		.uleb128 0xb
 494 0056 3B       		.uleb128 0x3b
 495 0057 0B       		.uleb128 0xb
 496 0058 49       		.uleb128 0x49
 497 0059 13       		.uleb128 0x13
 498 005a 02       		.uleb128 0x2
 499 005b 0A       		.uleb128 0xa
 500 005c 00       		.byte	0x0
 501 005d 00       		.byte	0x0
 502 005e 07       		.uleb128 0x7
 503 005f 34       		.uleb128 0x34
 504 0060 00       		.byte	0x0
 505 0061 03       		.uleb128 0x3
 506 0062 0E       		.uleb128 0xe
 507 0063 3A       		.uleb128 0x3a
 508 0064 0B       		.uleb128 0xb
 509 0065 3B       		.uleb128 0x3b
 510 0066 0B       		.uleb128 0xb
 511 0067 49       		.uleb128 0x49
 512 0068 13       		.uleb128 0x13
 513 0069 02       		.uleb128 0x2
 514 006a 0A       		.uleb128 0xa
 515 006b 00       		.byte	0x0
 516 006c 00       		.byte	0x0
 517 006d 08       		.uleb128 0x8
 518 006e 2E       		.uleb128 0x2e
 519 006f 00       		.byte	0x0
 520 0070 3F       		.uleb128 0x3f
 521 0071 0C       		.uleb128 0xc
ARM GAS  C:\Users\arh\AppData\Local\Temp\ccDsIdyy.s 			page 12


 522 0072 03       		.uleb128 0x3
 523 0073 0E       		.uleb128 0xe
 524 0074 3A       		.uleb128 0x3a
 525 0075 0B       		.uleb128 0xb
 526 0076 3B       		.uleb128 0x3b
 527 0077 0B       		.uleb128 0xb
 528 0078 27       		.uleb128 0x27
 529 0079 0C       		.uleb128 0xc
 530 007a 49       		.uleb128 0x49
 531 007b 13       		.uleb128 0x13
 532 007c 11       		.uleb128 0x11
 533 007d 01       		.uleb128 0x1
 534 007e 12       		.uleb128 0x12
 535 007f 01       		.uleb128 0x1
 536 0080 40       		.uleb128 0x40
 537 0081 06       		.uleb128 0x6
 538 0082 00       		.byte	0x0
 539 0083 00       		.byte	0x0
 540 0084 00       		.byte	0x0
 541              		.section	.debug_pubnames,"",%progbits
 542 0000 5A000000 		.4byte	0x5a
 543 0004 0200     		.2byte	0x2
 544 0006 00000000 		.4byte	.Ldebug_info0
 545 000a 12010000 		.4byte	0x112
 546 000e 81000000 		.4byte	0x81
 547 0012 50696E5F 		.ascii	"Pin_2_Write\000"
 547      325F5772 
 547      69746500 
 548 001e B7000000 		.4byte	0xb7
 549 0022 50696E5F 		.ascii	"Pin_2_SetDriveMode\000"
 549      325F5365 
 549      74447269 
 549      76654D6F 
 549      646500
 550 0035 DF000000 		.4byte	0xdf
 551 0039 50696E5F 		.ascii	"Pin_2_Read\000"
 551      325F5265 
 551      616400
 552 0044 F8000000 		.4byte	0xf8
 553 0048 50696E5F 		.ascii	"Pin_2_ReadDataReg\000"
 553      325F5265 
 553      61644461 
 553      74615265 
 553      6700
 554 005a 00000000 		.4byte	0x0
 555              		.section	.debug_aranges,"",%progbits
 556 0000 34000000 		.4byte	0x34
 557 0004 0200     		.2byte	0x2
 558 0006 00000000 		.4byte	.Ldebug_info0
 559 000a 04       		.byte	0x4
 560 000b 00       		.byte	0x0
 561 000c 0000     		.2byte	0x0
 562 000e 0000     		.2byte	0x0
 563 0010 00000000 		.4byte	.LFB0
 564 0014 44000000 		.4byte	.LFE0-.LFB0
 565 0018 00000000 		.4byte	.LFB1
 566 001c 3C000000 		.4byte	.LFE1-.LFB1
ARM GAS  C:\Users\arh\AppData\Local\Temp\ccDsIdyy.s 			page 13


 567 0020 00000000 		.4byte	.LFB2
 568 0024 22000000 		.4byte	.LFE2-.LFB2
 569 0028 00000000 		.4byte	.LFB3
 570 002c 22000000 		.4byte	.LFE3-.LFB3
 571 0030 00000000 		.4byte	0x0
 572 0034 00000000 		.4byte	0x0
 573              		.section	.debug_ranges,"",%progbits
 574              	.Ldebug_ranges0:
 575 0000 00000000 		.4byte	.Ltext0
 576 0004 00000000 		.4byte	.Letext0
 577 0008 00000000 		.4byte	.LFB0
 578 000c 44000000 		.4byte	.LFE0
 579 0010 00000000 		.4byte	.LFB1
 580 0014 3C000000 		.4byte	.LFE1
 581 0018 00000000 		.4byte	.LFB2
 582 001c 22000000 		.4byte	.LFE2
 583 0020 00000000 		.4byte	.LFB3
 584 0024 22000000 		.4byte	.LFE3
 585 0028 00000000 		.4byte	0x0
 586 002c 00000000 		.4byte	0x0
 587              		.section	.debug_str,"MS",%progbits,1
 588              	.LASF6:
 589 0000 6C6F6E67 		.ascii	"long long int\000"
 589      206C6F6E 
 589      6720696E 
 589      7400
 590              	.LASF10:
 591 000e 50696E5F 		.ascii	"Pin_2_Write\000"
 591      325F5772 
 591      69746500 
 592              	.LASF14:
 593 001a 50696E5F 		.ascii	"Pin_2_Read\000"
 593      325F5265 
 593      616400
 594              	.LASF12:
 595 0025 76616C75 		.ascii	"value\000"
 595      6500
 596              	.LASF20:
 597 002b 73746174 		.ascii	"staticBits\000"
 597      69634269 
 597      747300
 598              	.LASF18:
 599 0036 433A5C55 		.ascii	"C:\\Users\\arh\\Documents\\PSoC Creator\\Design07\\"
 599      73657273 
 599      5C617268 
 599      5C446F63 
 599      756D656E 
 600 0063 6364732E 		.ascii	"cds.cydsn\000"
 600      63796473 
 600      6E00
 601              	.LASF11:
 602 006d 50696E5F 		.ascii	"Pin_2_SetDriveMode\000"
 602      325F5365 
 602      74447269 
 602      76654D6F 
 602      646500
 603              	.LASF17:
ARM GAS  C:\Users\arh\AppData\Local\Temp\ccDsIdyy.s 			page 14


 604 0080 2E5C4765 		.ascii	".\\Generated_Source\\PSoC5\\Pin_2.c\000"
 604      6E657261 
 604      7465645F 
 604      536F7572 
 604      63655C50 
 605              	.LASF1:
 606 00a1 756E7369 		.ascii	"unsigned char\000"
 606      676E6564 
 606      20636861 
 606      7200
 607              	.LASF5:
 608 00af 6C6F6E67 		.ascii	"long unsigned int\000"
 608      20756E73 
 608      69676E65 
 608      6420696E 
 608      7400
 609              	.LASF3:
 610 00c1 73686F72 		.ascii	"short unsigned int\000"
 610      7420756E 
 610      7369676E 
 610      65642069 
 610      6E7400
 611              	.LASF8:
 612 00d4 756E7369 		.ascii	"unsigned int\000"
 612      676E6564 
 612      20696E74 
 612      00
 613              	.LASF15:
 614 00e1 50696E5F 		.ascii	"Pin_2_ReadDataReg\000"
 614      325F5265 
 614      61644461 
 614      74615265 
 614      6700
 615              	.LASF7:
 616 00f3 6C6F6E67 		.ascii	"long long unsigned int\000"
 616      206C6F6E 
 616      6720756E 
 616      7369676E 
 616      65642069 
 617              	.LASF13:
 618 010a 6D6F6465 		.ascii	"mode\000"
 618      00
 619              	.LASF16:
 620 010f 474E5520 		.ascii	"GNU C 4.4.1\000"
 620      4320342E 
 620      342E3100 
 621              	.LASF9:
 622 011b 63686172 		.ascii	"char\000"
 622      00
 623              	.LASF2:
 624 0120 73686F72 		.ascii	"short int\000"
 624      7420696E 
 624      7400
 625              	.LASF19:
 626 012a 75696E74 		.ascii	"uint8\000"
 626      3800
 627              	.LASF4:
ARM GAS  C:\Users\arh\AppData\Local\Temp\ccDsIdyy.s 			page 15


 628 0130 6C6F6E67 		.ascii	"long int\000"
 628      20696E74 
 628      00
 629              	.LASF0:
 630 0139 7369676E 		.ascii	"signed char\000"
 630      65642063 
 630      68617200 
 631              		.ident	"GCC: (Sourcery G++ Lite 2010q1-188) 4.4.1"
